Component: ARM Compiler 5.05 update 2 (build 169) Tool: armlink [4d0f33]

==============================================================================

Section Cross References

    main.o(i.assert_nrf_callback) refers to app_error.o(i.app_error_handler) for app_error_handler
    main.o(i.bas_c_evt_handler) refers to nrf_log_frontend.o(i.nrf_log_frontend_std_1) for nrf_log_frontend_std_1
    main.o(i.bas_c_evt_handler) refers to ble_bas_c.o(i.ble_bas_c_handles_assign) for ble_bas_c_handles_assign
    main.o(i.bas_c_evt_handler) refers to app_error.o(i.app_error_handler_bare) for app_error_handler_bare
    main.o(i.bas_c_evt_handler) refers to peer_manager.o(i.pm_conn_secure) for pm_conn_secure
    main.o(i.bas_c_evt_handler) refers to ble_bas_c.o(i.ble_bas_c_bl_read) for ble_bas_c_bl_read
    main.o(i.bas_c_evt_handler) refers to ble_bas_c.o(i.ble_bas_c_bl_notif_enable) for ble_bas_c_bl_notif_enable
    main.o(i.bas_c_evt_handler) refers to nrf_log_frontend.o(log_dynamic_data) for m_nrf_log_app_logs_data_dynamic
    main.o(i.ble_evt_handler) refers to memcmp.o(.text) for memcmp
    main.o(i.ble_evt_handler) refers to nrf_log_frontend.o(i.nrf_log_frontend_std_0) for nrf_log_frontend_std_0
    main.o(i.ble_evt_handler) refers to ble_db_discovery.o(i.ble_db_discovery_start) for ble_db_discovery_start
    main.o(i.ble_evt_handler) refers to app_error.o(i.app_error_handler_bare) for app_error_handler_bare
    main.o(i.ble_evt_handler) refers to bsp.o(i.bsp_indication_set) for bsp_indication_set
    main.o(i.ble_evt_handler) refers to ble_conn_state.o(i.ble_conn_state_n_centrals) for ble_conn_state_n_centrals
    main.o(i.ble_evt_handler) refers to strlen.o(.text) for strlen
    main.o(i.ble_evt_handler) refers to main.o(i.adv_report_parse) for adv_report_parse
    main.o(i.ble_evt_handler) refers to nrf_log_frontend.o(i.nrf_log_frontend_std_1) for nrf_log_frontend_std_1
    main.o(i.ble_evt_handler) refers to main.o(i.scan_start) for scan_start
    main.o(i.ble_evt_handler) refers to nrf_log_frontend.o(log_dynamic_data) for m_nrf_log_app_logs_data_dynamic
    main.o(i.ble_evt_handler) refers to main.o(.data) for .data
    main.o(i.ble_evt_handler) refers to main.o(.constdata) for .constdata
    main.o(i.bsp_event_handler) refers to nrf_pwr_mgmt.o(i.nrf_pwr_mgmt_shutdown) for nrf_pwr_mgmt_shutdown
    main.o(i.bsp_event_handler) refers to app_error.o(i.app_error_handler_bare) for app_error_handler_bare
    main.o(i.bsp_event_handler) refers to nrf_log_frontend.o(i.nrf_log_frontend_std_0) for nrf_log_frontend_std_0
    main.o(i.bsp_event_handler) refers to main.o(i.scan_start) for scan_start
    main.o(i.bsp_event_handler) refers to main.o(.data) for .data
    main.o(i.bsp_event_handler) refers to nrf_log_frontend.o(log_dynamic_data) for m_nrf_log_app_logs_data_dynamic
    main.o(i.db_disc_handler) refers to ble_hrs_c.o(i.ble_hrs_on_db_disc_evt) for ble_hrs_on_db_disc_evt
    main.o(i.db_disc_handler) refers to ble_bas_c.o(i.ble_bas_on_db_disc_evt) for ble_bas_on_db_disc_evt
    main.o(i.db_disc_handler) refers to main.o(.bss) for .bss
    main.o(i.gatt_evt_handler) refers to nrf_log_frontend.o(i.nrf_log_frontend_std_2) for nrf_log_frontend_std_2
    main.o(i.gatt_evt_handler) refers to nrf_log_frontend.o(log_dynamic_data) for m_nrf_log_app_logs_data_dynamic
    main.o(i.hrs_c_evt_handler) refers to nrf_log_frontend.o(i.nrf_log_frontend_std_1) for nrf_log_frontend_std_1
    main.o(i.hrs_c_evt_handler) refers to ble_hrs_c.o(i.ble_hrs_c_handles_assign) for ble_hrs_c_handles_assign
    main.o(i.hrs_c_evt_handler) refers to app_error.o(i.app_error_handler_bare) for app_error_handler_bare
    main.o(i.hrs_c_evt_handler) refers to peer_manager.o(i.pm_conn_secure) for pm_conn_secure
    main.o(i.hrs_c_evt_handler) refers to ble_hrs_c.o(i.ble_hrs_c_hrm_notif_enable) for ble_hrs_c_hrm_notif_enable
    main.o(i.hrs_c_evt_handler) refers to nrf_log_frontend.o(log_dynamic_data) for m_nrf_log_app_logs_data_dynamic
    main.o(i.main) refers to app_timer.o(i.app_timer_init) for app_timer_init
    main.o(i.main) refers to app_error.o(i.app_error_handler_bare) for app_error_handler_bare
    main.o(i.main) refers to nrf_pwr_mgmt.o(i.nrf_pwr_mgmt_init) for nrf_pwr_mgmt_init
    main.o(i.main) refers to bsp.o(i.bsp_init) for bsp_init
    main.o(i.main) refers to bsp_btn_ble.o(i.bsp_btn_ble_init) for bsp_btn_ble_init
    main.o(i.main) refers to nrf_log_frontend.o(i.nrf_log_init) for nrf_log_init
    main.o(i.main) refers to nrf_log_default_backends.o(i.nrf_log_default_backends_init) for nrf_log_default_backends_init
    main.o(i.main) refers to nrf_sdh.o(i.nrf_sdh_enable_request) for nrf_sdh_enable_request
    main.o(i.main) refers to nrf_sdh_ble.o(i.nrf_sdh_ble_default_cfg_set) for nrf_sdh_ble_default_cfg_set
    main.o(i.main) refers to nrf_sdh_ble.o(i.nrf_sdh_ble_enable) for nrf_sdh_ble_enable
    main.o(i.main) refers to nrf_ble_gatt.o(i.nrf_ble_gatt_init) for nrf_ble_gatt_init
[...]
    nrf_fstorage_init                        0x00028003   Thumb Code    16  nrf_fstorage.o(i.nrf_fstorage_init)
    nrf_fstorage_is_busy                     0x00028015   Thumb Code    70  nrf_fstorage.o(i.nrf_fstorage_is_busy)
    nrf_fstorage_sdh_req_handler             0x00028065   Thumb Code    18  nrf_fstorage_sd.o(i.nrf_fstorage_sdh_req_handler)
    nrf_fstorage_sdh_state_handler           0x0002807d   Thumb Code    28  nrf_fstorage_sd.o(i.nrf_fstorage_sdh_state_handler)
    nrf_fstorage_sys_evt_handler             0x0002809d   Thumb Code   150  nrf_fstorage_sd.o(i.nrf_fstorage_sys_evt_handler)
    nrf_fstorage_write                       0x00028141   Thumb Code   102  nrf_fstorage.o(i.nrf_fstorage_write)
    nrf_log_backend_add                      0x000282f1   Thumb Code    74  nrf_log_frontend.o(i.nrf_log_backend_add)
    nrf_log_backend_serial_put               0x00028341   Thumb Code   210  nrf_log_backend_serial.o(i.nrf_log_backend_serial_put)
    nrf_log_backend_uart_init                0x00028415   Thumb Code     6  nrf_log_backend_uart.o(i.nrf_log_backend_uart_init)
    nrf_log_color_id_get                     0x0002844d   Thumb Code    42  nrf_log_frontend.o(i.nrf_log_color_id_get)
    nrf_log_default_backends_init            0x0002847d   Thumb Code    22  nrf_log_default_backends.o(i.nrf_log_default_backends_init)
    nrf_log_frontend_dequeue                 0x00028499   Thumb Code   488  nrf_log_frontend.o(i.nrf_log_frontend_dequeue)
    nrf_log_frontend_std_0                   0x00028689   Thumb Code     8  nrf_log_frontend.o(i.nrf_log_frontend_std_0)
    nrf_log_frontend_std_1                   0x00028691   Thumb Code    14  nrf_log_frontend.o(i.nrf_log_frontend_std_1)
    nrf_log_frontend_std_2                   0x0002869f   Thumb Code    16  nrf_log_frontend.o(i.nrf_log_frontend_std_2)
    nrf_log_frontend_std_3                   0x000286af   Thumb Code    18  nrf_log_frontend.o(i.nrf_log_frontend_std_3)
    nrf_log_hexdump_entry_process            0x000286c1   Thumb Code   146  nrf_log_str_formatter.o(i.nrf_log_hexdump_entry_process)
    nrf_log_init                             0x0002876d   Thumb Code    70  nrf_log_frontend.o(i.nrf_log_init)
    nrf_log_module_cnt_get                   0x000287c9   Thumb Code    10  nrf_log_frontend.o(i.nrf_log_module_cnt_get)
    nrf_log_module_name_get                  0x000287dd   Thumb Code    24  nrf_log_frontend.o(i.nrf_log_module_name_get)
    nrf_log_panic                            0x000287f9   Thumb Code    34  nrf_log_frontend.o(i.nrf_log_panic)
    nrf_log_std_entry_process                0x00028821   Thumb Code   182  nrf_log_str_formatter.o(i.nrf_log_std_entry_process)
    nrf_memobj_alloc                         0x000288d7   Thumb Code    96  nrf_memobj.o(i.nrf_memobj_alloc)
    nrf_memobj_free                          0x00028937   Thumb Code    50  nrf_memobj.o(i.nrf_memobj_free)
    nrf_memobj_get                           0x00028969   Thumb Code    14  nrf_memobj.o(i.nrf_memobj_get)
    nrf_memobj_pool_init                     0x00028977   Thumb Code     4  nrf_memobj.o(i.nrf_memobj_pool_init)
    nrf_memobj_put                           0x0002897b   Thumb Code    34  nrf_memobj.o(i.nrf_memobj_put)
    nrf_memobj_read                          0x0002899d   Thumb Code    12  nrf_memobj.o(i.nrf_memobj_read)
    nrf_memobj_write                         0x000289a9   Thumb Code    12  nrf_memobj.o(i.nrf_memobj_write)
    nrf_pwr_mgmt_init                        0x000289b5   Thumb Code    28  nrf_pwr_mgmt.o(i.nrf_pwr_mgmt_init)
    nrf_pwr_mgmt_run                         0x000289dd   Thumb Code    64  nrf_pwr_mgmt.o(i.nrf_pwr_mgmt_run)
    nrf_pwr_mgmt_shutdown                    0x00028a21   Thumb Code    58  nrf_pwr_mgmt.o(i.nrf_pwr_mgmt_shutdown)
    nrf_sdh_ble_app_ram_start_get            0x00028a61   Thumb Code    16  nrf_sdh_ble.o(i.nrf_sdh_ble_app_ram_start_get)
    nrf_sdh_ble_default_cfg_set              0x00028a75   Thumb Code   314  nrf_sdh_ble.o(i.nrf_sdh_ble_default_cfg_set)
    nrf_sdh_ble_enable                       0x00028bcd   Thumb Code    96  nrf_sdh_ble.o(i.nrf_sdh_ble_enable)
    nrf_sdh_disable_request                  0x00028cf5   Thumb Code    54  nrf_sdh.o(i.nrf_sdh_disable_request)
    nrf_sdh_enable_request                   0x00028d31   Thumb Code    96  nrf_sdh.o(i.nrf_sdh_enable_request)
    nrf_sdh_evts_poll                        0x00028d9d   Thumb Code    32  nrf_sdh.o(i.nrf_sdh_evts_poll)
    nrf_sdh_is_enabled                       0x00028dc1   Thumb Code     6  nrf_sdh.o(i.nrf_sdh_is_enabled)
    nrf_sdh_request_continue                 0x00028dcd   Thumb Code    22  nrf_sdh.o(i.nrf_sdh_request_continue)
    nrf_section_iter_init                    0x00028e25   Thumb Code    10  nrf_section_iter.o(i.nrf_section_iter_init)
    nrf_section_iter_next                    0x00028e53   Thumb Code    32  nrf_section_iter.o(i.nrf_section_iter_next)
    nrf_strerror_find                        0x00028e75   Thumb Code    52  nrf_strerror.o(i.nrf_strerror_find)
    nrf_strerror_get                         0x00028ead   Thumb Code    14  nrf_strerror.o(i.nrf_strerror_get)
    pdb_init                                 0x000295f9   Thumb Code    64  peer_database.o(i.pdb_init)
    pdb_next_deleted_peer_id_get             0x00029641   Thumb Code     4  peer_database.o(i.pdb_next_deleted_peer_id_get)
    pdb_next_peer_id_get                     0x00029645   Thumb Code     4  peer_database.o(i.pdb_next_peer_id_get)
    pdb_pds_evt_handler                      0x00029649   Thumb Code   110  peer_database.o(i.pdb_pds_evt_handler)
    pdb_peer_allocate                        0x000296c1   Thumb Code     4  peer_database.o(i.pdb_peer_allocate)
    pdb_peer_data_load                       0x000296c5   Thumb Code    16  peer_database.o(i.pdb_peer_data_load)
    pdb_peer_data_ptr_get                    0x000296d5   Thumb Code     6  peer_database.o(i.pdb_peer_data_ptr_get)
    pdb_peer_free                            0x000296db   Thumb Code    68  peer_database.o(i.pdb_peer_free)
    pdb_raw_store                            0x0002971f   Thumb Code     8  peer_database.o(i.pdb_raw_store)
    pdb_write_buf_get                        0x00029729   Thumb Code   256  peer_database.o(i.pdb_write_buf_get)
    pdb_write_buf_release                    0x0002982d   Thumb Code    40  peer_database.o(i.pdb_write_buf_release)
    pdb_write_buf_store                      0x00029855   Thumb Code    40  peer_database.o(i.pdb_write_buf_store)
    pdb_write_buf_store_prepare              0x0002987d   Thumb Code    98  peer_database.o(i.pdb_write_buf_store_prepare)
    pds_init                                 0x000298f5   Thumb Code    98  peer_data_storage.o(i.pds_init)
    pds_next_deleted_peer_id_get             0x00029961   Thumb Code     4  peer_data_storage.o(i.pds_next_deleted_peer_id_get)
    pds_next_peer_id_get                     0x00029965   Thumb Code     4  peer_data_storage.o(i.pds_next_peer_id_get)
    pds_peer_data_iterate                    0x00029969   Thumb Code    84  peer_data_storage.o(i.pds_peer_data_iterate)
    pds_peer_data_iterate_prepare            0x000299c1   Thumb Code    10  peer_data_storage.o(i.pds_peer_data_iterate_prepare)
    pds_peer_data_read                       0x000299d1   Thumb Code   104  peer_data_storage.o(i.pds_peer_data_read)
    pds_peer_data_store                      0x00029a39   Thumb Code   150  peer_data_storage.o(i.pds_peer_data_store)
    pds_peer_id_allocate                     0x00029acf   Thumb Code     8  peer_data_storage.o(i.pds_peer_id_allocate)
    pds_peer_id_free                         0x00029ad7   Thumb Code    22  peer_data_storage.o(i.pds_peer_id_free)
    pds_peer_id_is_allocated                 0x00029aed   Thumb Code     4  peer_data_storage.o(i.pds_peer_id_is_allocated)
    pds_space_reserve                        0x00029af1   Thumb Code    46  peer_data_storage.o(i.pds_space_reserve)
    pds_space_reserve_cancel                 0x00029b1f   Thumb Code    16  peer_data_storage.o(i.pds_space_reserve_cancel)
    peer_id_allocate                         0x00029c35   Thumb Code     6  peer_id.o(i.peer_id_allocate)
    peer_id_delete                           0x00029c41   Thumb Code    32  peer_id.o(i.peer_id_delete)
    peer_id_free                             0x00029c65   Thumb Code    24  peer_id.o(i.peer_id_free)
    peer_id_get_next_deleted                 0x00029c81   Thumb Code     6  peer_id.o(i.peer_id_get_next_deleted)
    peer_id_get_next_used                    0x00029c8d   Thumb Code    42  peer_id.o(i.peer_id_get_next_used)
    peer_id_init                             0x00029cbd   Thumb Code    36  peer_id.o(i.peer_id_init)
    peer_id_is_allocated                     0x00029ce5   Thumb Code    16  peer_id.o(i.peer_id_is_allocated)
    peer_id_is_deleted                       0x00029cf9   Thumb Code    16  peer_id.o(i.peer_id_is_deleted)
    pm_buffer_block_acquire                  0x00029fd5   Thumb Code    92  pm_buffer.o(i.pm_buffer_block_acquire)
    pm_buffer_init                           0x0002a031   Thumb Code    64  pm_buffer.o(i.pm_buffer_init)
    pm_buffer_ptr_get                        0x0002a071   Thumb Code    40  pm_buffer.o(i.pm_buffer_ptr_get)
    pm_buffer_release                        0x0002a099   Thumb Code    46  pm_buffer.o(i.pm_buffer_release)
    pm_conn_sec_config_reply                 0x0002a0c7   Thumb Code    10  peer_manager.o(i.pm_conn_sec_config_reply)
    pm_conn_secure                           0x0002a0d1   Thumb Code    14  peer_manager.o(i.pm_conn_secure)
    pm_device_identities_list_set            0x0002a0e5   Thumb Code    14  peer_manager.o(i.pm_device_identities_list_set)
    pm_gcm_evt_handler                       0x0002a1f5   Thumb Code     4  peer_manager.o(i.pm_gcm_evt_handler)
    pm_im_evt_handler                        0x0002a1f9   Thumb Code    30  peer_manager.o(i.pm_im_evt_handler)
    pm_init                                  0x0002a21d   Thumb Code    84  peer_manager.o(i.pm_init)
    pm_local_database_has_changed            0x0002a275   Thumb Code    14  peer_manager.o(i.pm_local_database_has_changed)
    pm_mutex_init                            0x0002a289   Thumb Code    14  pm_mutex.o(i.pm_mutex_init)
    pm_mutex_lock                            0x0002a297   Thumb Code    26  pm_mutex.o(i.pm_mutex_lock)
    pm_mutex_lock_first_available            0x0002a2b1   Thumb Code    54  pm_mutex.o(i.pm_mutex_lock_first_available)
    pm_mutex_lock_status_get                 0x0002a2e7   Thumb Code    24  pm_mutex.o(i.pm_mutex_lock_status_get)
    pm_mutex_unlock                          0x0002a2ff   Thumb Code    58  pm_mutex.o(i.pm_mutex_unlock)
    pm_next_peer_id_get                      0x0002a339   Thumb Code    16  peer_manager.o(i.pm_next_peer_id_get)
    pm_pdb_evt_handler                       0x0002a34d   Thumb Code   276  peer_manager.o(i.pm_pdb_evt_handler)
    pm_peer_delete                           0x0002a465   Thumb Code    14  peer_manager.o(i.pm_peer_delete)
    pm_peer_ranks_get                        0x0002a479   Thumb Code   176  peer_manager.o(i.pm_peer_ranks_get)
    pm_peers_delete                          0x0002a531   Thumb Code    98  peer_manager.o(i.pm_peers_delete)
    pm_register                              0x0002a599   Thumb Code    34  peer_manager.o(i.pm_register)
    pm_sec_params_set                        0x0002a5c5   Thumb Code    14  peer_manager.o(i.pm_sec_params_set)
    pm_sm_evt_handler                        0x0002a5d9   Thumb Code    46  peer_manager.o(i.pm_sm_evt_handler)
    pm_whitelist_get                         0x0002a60d   Thumb Code    38  peer_manager.o(i.pm_whitelist_get)
    pm_whitelist_set                         0x0002a639   Thumb Code    14  peer_manager.o(i.pm_whitelist_set)
    sdk_mapped_flags_bulk_update_by_key      0x0002ad79   Thumb Code    68  sdk_mapped_flags.o(i.sdk_mapped_flags_bulk_update_by_key)
    sdk_mapped_flags_first_key_index_get     0x0002adbd   Thumb Code    34  sdk_mapped_flags.o(i.sdk_mapped_flags_first_key_index_get)
    sdk_mapped_flags_get_by_key              0x0002adef   Thumb Code    38  sdk_mapped_flags.o(i.sdk_mapped_flags_get_by_key)
    sdk_mapped_flags_key_list_get            0x0002ae15   Thumb Code    74  sdk_mapped_flags.o(i.sdk_mapped_flags_key_list_get)
    sdk_mapped_flags_n_flags_set             0x0002ae5f   Thumb Code    30  sdk_mapped_flags.o(i.sdk_mapped_flags_n_flags_set)
    sdk_mapped_flags_update_by_key           0x0002ae7d   Thumb Code    14  sdk_mapped_flags.o(i.sdk_mapped_flags_update_by_key)
    sm_ble_evt_handler                       0x0002b2b9   Thumb Code    18  security_manager.o(i.sm_ble_evt_handler)
    sm_conn_sec_config_reply                 0x0002b2d1   Thumb Code     4  security_manager.o(i.sm_conn_sec_config_reply)
    sm_init                                  0x0002b2d5   Thumb Code    70  security_manager.o(i.sm_init)
    sm_link_secure                           0x0002b321   Thumb Code    10  security_manager.o(i.sm_link_secure)
    sm_pdb_evt_handler                       0x0002b32d   Thumb Code    60  security_manager.o(i.sm_pdb_evt_handler)
    sm_sec_params_set                        0x0002b36d   Thumb Code    46  security_manager.o(i.sm_sec_params_set)
    sm_smd_evt_handler                       0x0002b3a1   Thumb Code    92  security_manager.o(i.sm_smd_evt_handler)
    smd_ble_evt_handler                      0x0002b401   Thumb Code   272  security_dispatcher.o(i.smd_ble_evt_handler)
    smd_conn_sec_config_reply                0x0002b519   Thumb Code    10  security_dispatcher.o(i.smd_conn_sec_config_reply)
    smd_init                                 0x0002b529   Thumb Code    84  security_dispatcher.o(i.smd_init)
    smd_link_secure                          0x0002b581   Thumb Code   102  security_dispatcher.o(i.smd_link_secure)
    smd_params_reply                         0x0002b5ed   Thumb Code   242  security_dispatcher.o(i.smd_params_reply)
    write_buf_store                          0x0002bf69   Thumb Code   146  peer_database.o(i.write_buf_store)
    nrf_fstorage_sd                          0x0002c52c   Data          32  nrf_fstorage_sd.o(.constdata)
    nrf_log_backend_uart_api                 0x0002c674   Data          12  nrf_log_backend_uart.o(.constdata)
    m_ram_start                              0x0002c72c   Data           4  nrf_sdh_ble.o(.constdata)
    __ctype_table                            0x0002c758   Data         129  ctype_o.o(.constdata)
    Region$$Table$$Base                      0x0002ced0   Number         0  anon$$obj.o(Region$$Table)
    Region$$Table$$Limit                     0x0002cef0   Number         0  anon$$obj.o(Region$$Table)
    log_const_data$$Base                     0x0002cef0   Number         0  ble_db_discovery.o(log_const_data)
    m_nrf_log_ble_db_disc_logs_data_const    0x0002cef0   Data           8  ble_db_discovery.o(log_const_data)
    m_nrf_log_ble_gatt_logs_data_const       0x0002cef8   Data           8  nrf_ble_gatt.o(log_const_data)
    m_nrf_log_ble_bas_c_logs_data_const      0x0002cf00   Data           8  ble_bas_c.o(log_const_data)
    m_nrf_log_ble_hrs_c_logs_data_const      0x0002cf08   Data           8  ble_hrs_c.o(log_const_data)
    m_nrf_log_clock_logs_data_const          0x0002cf10   Data           8  nrf_drv_clock.o(log_const_data)
    m_nrf_log_gpiote_logs_data_const         0x0002cf18   Data           8  nrf_drv_gpiote.o(log_const_data)
    m_nrf_log_uart_logs_data_const           0x0002cf20   Data           8  nrf_drv_uart.o(log_const_data)
    m_nrf_log_balloc_logs_data_const         0x0002cf28   Data           8  nrf_balloc.o(log_const_data)
    m_nrf_log_pwr_mgmt_logs_data_const       0x0002cf30   Data           8  nrf_pwr_mgmt.o(log_const_data)
    m_nrf_log_app_logs_data_const            0x0002cf38   Data           8  nrf_log_frontend.o(log_const_data)
    m_nrf_log_nrf_sdh_logs_data_const        0x0002cf40   Data           8  nrf_sdh.o(log_const_data)
    m_nrf_log_nrf_sdh_ble_logs_data_const    0x0002cf48   Data           8  nrf_sdh_ble.o(log_const_data)
    m_nrf_log_nrf_sdh_soc_logs_data_const    0x0002cf50   Data           8  nrf_sdh_soc.o(log_const_data)
    log_const_data$$Limit                    0x0002cf58   Number         0  nrf_sdh_soc.o(log_const_data)
    pwr_mgmt_data1$$Base                     0x0002cf58   Number         0  main.o(pwr_mgmt_data1)
    pwr_mgmt_data1$$Limit                    0x0002cf5c   Number         0  main.o(pwr_mgmt_data1)
    sdh_ble_observers0$$Base                 0x0002cf5c   Number         0  ble_conn_state.o(sdh_ble_observers0)
    sdh_ble_observers0$$Limit                0x0002cf64   Number         0  ble_conn_state.o(sdh_ble_observers0)
    sdh_ble_observers1$$Base                 0x0002cf64   Number         0  main.o(sdh_ble_observers1)
    sdh_ble_observers1$$Limit                0x0002cf84   Number         0  peer_manager.o(sdh_ble_observers1)
    sdh_ble_observers2$$Base                 0x0002cf84   Number         0  main.o(sdh_ble_observers2)
    sdh_ble_observers2$$Limit                0x0002cf94   Number         0  main.o(sdh_ble_observers2)
    sdh_ble_observers3$$Base                 0x0002cf94   Number         0  main.o(sdh_ble_observers3)
    m_req_obs                                0x0002cf9c   Data           8  nrf_fstorage_sd.o(sdh_req_observers0)
    sdh_ble_observers3$$Limit                0x0002cf9c   Number         0  main.o(sdh_ble_observers3)
    sdh_req_observers0$$Base                 0x0002cf9c   Number         0  nrf_fstorage_sd.o(sdh_req_observers0)
    sdh_req_observers0$$Limit                0x0002cfa4   Number         0  nrf_fstorage_sd.o(sdh_req_observers0)
    sdh_soc_observers0$$Base                 0x0002cfa4   Number         0  nrf_drv_clock.o(sdh_soc_observers0)
    sdh_soc_observers0$$Limit                0x0002cfb4   Number         0  nrf_fstorage_sd.o(sdh_soc_observers0)
    sdh_soc_observers1$$Base                 0x0002cfb4   Number         0  main.o(sdh_soc_observers1)
    sdh_soc_observers1$$Limit                0x0002cfbc   Number         0  main.o(sdh_soc_observers1)
    sdh_stack_observers0$$Base               0x0002cfbc   Number         0  nrf_sdh_ble.o(sdh_stack_observers0)
    sdh_stack_observers0$$Limit              0x0002cfcc   Number         0  nrf_sdh_soc.o(sdh_stack_observers0)
    sdh_state_observers0$$Base               0x0002cfcc   Number         0  nrf_drv_clock.o(sdh_state_observers0)
    sdh_state_observers0$$Limit              0x0002cfdc   Number         0  nrf_fstorage_sd.o(sdh_state_observers0)
    Image$$RW_IRAM1$$Base                    0x200029a0   Number         0  anon$$obj.o ABSOLUTE
    m_uart                                   0x20002d7c   Data           8  nrf_log_backend_uart.o(.data)
    SystemCoreClock                          0x20002ddc   Data           4  system_nrf52.o(.data)
    fs_data$$Base                            0x20002de0   Number         0  fds.o(fs_data)
    m_fs                                     0x20002de0   Data          20  fds.o(fs_data)
    fs_data$$Limit                           0x20002df4   Number         0  fds.o(fs_data)
    log_dynamic_data$$Base                   0x20002df4   Number         0  ble_db_discovery.o(log_dynamic_data)
    m_nrf_log_ble_db_disc_logs_data_dynamic  0x20002df4   Data          12  ble_db_discovery.o(log_dynamic_data)
    m_nrf_log_ble_gatt_logs_data_dynamic     0x20002e00   Data          12  nrf_ble_gatt.o(log_dynamic_data)
    m_nrf_log_ble_bas_c_logs_data_dynamic    0x20002e0c   Data          12  ble_bas_c.o(log_dynamic_data)
    m_nrf_log_ble_hrs_c_logs_data_dynamic    0x20002e18   Data          12  ble_hrs_c.o(log_dynamic_data)
    m_nrf_log_clock_logs_data_dynamic        0x20002e24   Data          12  nrf_drv_clock.o(log_dynamic_data)
    m_nrf_log_gpiote_logs_data_dynamic       0x20002e30   Data          12  nrf_drv_gpiote.o(log_dynamic_data)
    m_nrf_log_uart_logs_data_dynamic         0x20002e3c   Data          12  nrf_drv_uart.o(log_dynamic_data)
    m_nrf_log_balloc_logs_data_dynamic       0x20002e48   Data          12  nrf_balloc.o(log_dynamic_data)
    m_nrf_log_pwr_mgmt_logs_data_dynamic     0x20002e54   Data          12  nrf_pwr_mgmt.o(log_dynamic_data)
    m_nrf_log_app_logs_data_dynamic          0x20002e60   Data          12  nrf_log_frontend.o(log_dynamic_data)
    m_nrf_log_nrf_sdh_logs_data_dynamic      0x20002e6c   Data          12  nrf_sdh.o(log_dynamic_data)
    m_nrf_log_nrf_sdh_ble_logs_data_dynamic  0x20002e78   Data          12  nrf_sdh_ble.o(log_dynamic_data)
    m_nrf_log_nrf_sdh_soc_logs_data_dynamic  0x20002e84   Data          12  nrf_sdh_soc.o(log_dynamic_data)
    nrf_nvic_state                           0x2000384c   Data          12  app_util_platform.o(.bss)
    __initial_sp                             0x20005f28   Data           0  arm_startup_nrf52.o(STACK)



==============================================================================

Memory Map of the image

  Image Entry point : 0x00023201

  Load Region LR_IROM1 (Base: 0x00023000, Size: 0x0000a4cc, Max: 0x0005d000, ABSOLUTE, COMPRESSED[0x0000a034])

    Execution Region ER_IROM1 (Base: 0x00023000, Size: 0x00009fdc, Max: 0x0005d000, ABSOLUTE)

    Base Addr    Size         Type   Attr      Idx    E Section Name        Object

    0x00023000   0x00000200   Data   RO         5833    RESET               arm_startup_nrf52.o
    0x00023200   0x00000000   Code   RO         5874  * .ARM.Collect$$$$00000000  mc_w.l(entry.o)
    0x00023200   0x00000004   Code   RO         5926    .ARM.Collect$$$$00000001  mc_w.l(entry2.o)
    0x00023204   0x00000004   Code   RO         5929    .ARM.Collect$$$$00000004  mc_w.l(entry5.o)
    0x00023208   0x00000000   Code   RO         5931    .ARM.Collect$$$$00000008  mc_w.l(entry7b.o)
    0x00023208   0x00000000   Code   RO         5933    .ARM.Collect$$$$0000000A  mc_w.l(entry8b.o)
    0x00023208   0x00000008   Code   RO         5934    .ARM.Collect$$$$0000000B  mc_w.l(entry9a.o)
    0x00023210   0x00000000   Code   RO         5936    .ARM.Collect$$$$0000000D  mc_w.l(entry10a.o)
    0x00023210   0x00000000   Code   RO         5938    .ARM.Collect$$$$0000000F  mc_w.l(entry11a.o)
    0x00023210   0x00000004   Code   RO         5927    .ARM.Collect$$$$00002712  mc_w.l(entry2.o)
    0x00023214   0x0000009a   Code   RO         3822    .emb_text           fds.o
    0x000232ae   0x00000002   PAD
    0x000232b0   0x000000c8   Code   RO         4196    .emb_text           nrf_atfifo.o
    0x00023378   0x0000009a   Code   RO         4455    .emb_text           nrf_fstorage_sd.o
    0x00023412   0x00000002   PAD
    0x00023414   0x0000009a   Code   RO         4569    .emb_text           nrf_memobj.o
    0x000234ae   0x00000002   PAD
    0x000234b0   0x0000009a   Code   RO         4654    .emb_text           nrf_pwr_mgmt.o
    0x0002354a   0x00000002   PAD
    0x0002354c   0x0000009a   Code   RO         5027    .emb_text           nrf_log_frontend.o
    0x000235e6   0x00000002   PAD
    0x000235e8   0x00000024   Code   RO         5834    .text               arm_startup_nrf52.o
    0x0002360c   0x00000062   Code   RO         5882    .text               mc_w.l(uldiv.o)
    0x0002366e   0x00000002   PAD
    0x00023670   0x00000008   Code   RO         5884    .text               mc_w.l(ctype_o.o)
    0x00023678   0x00000024   Code   RO         5912    .text               mc_w.l(memcpya.o)
    0x0002369c   0x00000024   Code   RO         5914    .text               mc_w.l(memseta.o)
    0x000236c0   0x0000000e   Code   RO         5916    .text               mc_w.l(strlen.o)
    0x000236ce   0x0000001a   Code   RO         5920    .text               mc_w.l(memcmp.o)
    0x000236e8   0x0000001e   Code   RO         5941    .text               mc_w.l(llshl.o)
    0x00023706   0x00000020   Code   RO         5943    .text               mc_w.l(llushr.o)
    0x00023726   0x00000002   PAD
    0x00023728   0x00000024   Code   RO         5946    .text               mc_w.l(init.o)
    0x0002374c   0x00000056   Code   RO         5956    .text               mc_w.l(__dczerorl2.o)
    0x000237a2   0x00000002   PAD
    0x000237a4   0x00000174   Code   RO         2899    i.GPIOTE_IRQHandler  nrf_drv_gpiote.o
    0x00023918   0x00000016   Code   RO         3558    i.NVIC_ClearPendingIRQ  app_timer.o
    0x0002392e   0x00000016   Code   RO         3559    i.NVIC_EnableIRQ    app_timer.o
    0x00023944   0x00000016   Code   RO         3560    i.NVIC_SetPendingIRQ  app_timer.o
    0x0002395a   0x00000020   Code   RO         3561    i.NVIC_SetPriority  app_timer.o
    0x0002397a   0x00000002   PAD
    0x0002397c   0x00000058   Code   RO         2693    i.POWER_CLOCK_IRQHandler  nrf_drv_clock.o
    0x000239d4   0x00000024   Code   RO         3562    i.RTC1_IRQHandler   app_timer.o
    0x000239f8   0x00000004   Code   RO         3563    i.SWI0_EGU0_IRQHandler  app_timer.o
    0x000239fc   0x00000004   Code   RO         5621    i.SWI2_EGU2_IRQHandler  nrf_sdh.o
    0x00023a00   0x0000031c   Code   RO         5842    i.SystemInit        system_nrf52.o
    0x00023d1c   0x0000001c   Code   RO         3146    i.UARTE0_UART0_IRQHandler  nrf_drv_uart.o
    0x00023d38   0x0000000e   Code   RO         5950    i.__scatterload_copy  mc_w.l(handlers.o)
    0x00023d46   0x00000002   Code   RO         5951    i.__scatterload_null  mc_w.l(handlers.o)
    0x00023d48   0x0000000e   Code   RO         5952    i.__scatterload_zeroinit  mc_w.l(handlers.o)
    0x00023d56   0x00000002   PAD
    0x00023d58   0x00000024   Code   RO         5622    i.__sd_nvic_app_accessible_irq  nrf_sdh.o
    0x00023d7c   0x00000016   Code   RO         5623    i.__sd_nvic_is_app_accessible_priority  nrf_sdh.o
    0x00023d92   0x00000026   Code   RO         1212    i.addr_compare      id_manager.o
    0x00023db8   0x0000000c   Code   RO         4387    i.addr_is_aligned32  nrf_fstorage.o
    0x00023dc4   0x00000018   Code   RO         4388    i.addr_within_bounds  nrf_fstorage.o
    0x00023ddc   0x0000002e   Code   RO            4    i.adv_report_parse  main.o
    0x00023e0a   0x00000036   Code   RO          602    i.advertising_buttons_configure  bsp_btn_ble.o
    0x00023e40   0x00000052   Code   RO         1213    i.ah                id_manager.o
    0x00023e92   0x00000006   Code   RO          482    i.alert_timer_handler  bsp.o
    0x00023e98   0x0000000c   Code   RO         2270    i.allow_repairing   security_dispatcher.o
    0x00023ea4   0x00000024   Code   RO         3378    i.app_button_enable  app_button.o
    0x00023ec8   0x00000070   Code   RO         3379    i.app_button_init   app_button.o
    0x00023f38   0x00000078   Code   RO         3479    i.app_error_fault_handler  app_error_weak.o
    0x00023fb0   0x00000016   Code   RO         3440    i.app_error_handler_bare  app_error.o
    0x00023fc6   0x00000002   PAD
    0x00023fc8   0x00000024   Code   RO         3566    i.app_timer_create  app_timer.o
    0x00023fec   0x00000054   Code   RO         3567    i.app_timer_init    app_timer.o
    0x00024040   0x00000088   Code   RO         3570    i.app_timer_start   app_timer.o
    0x000240c8   0x00000020   Code   RO         3571    i.app_timer_stop    app_timer.o
    0x000240e8   0x00000048   Code   RO         3727    i.app_util_critical_region_enter  app_util_platform.o
    0x00024130   0x00000034   Code   RO         3728    i.app_util_critical_region_exit  app_util_platform.o
    0x00024164   0x000000b8   Code   RO         3147    i.apply_config      nrf_drv_uart.o
    0x0002421c   0x000000dc   Code   RO         2271    i.auth_status_success_process  security_dispatcher.o
    0x000242f8   0x000000b4   Code   RO            6    i.bas_c_evt_handler  main.o
    0x000243ac   0x00000058   Code   RO         2558    i.ble_bas_c_bl_notif_enable  ble_bas_c.o
    0x00024404   0x00000048   Code   RO         2559    i.ble_bas_c_bl_read  ble_bas_c.o
    0x0002444c   0x00000014   Code   RO         2560    i.ble_bas_c_handles_assign  ble_bas_c.o
    0x00024460   0x00000030   Code   RO         2561    i.ble_bas_c_init    ble_bas_c.o
    0x00024490   0x000000a2   Code   RO         2562    i.ble_bas_c_on_ble_evt  ble_bas_c.o
    0x00024532   0x00000002   PAD
    0x00024534   0x0000007c   Code   RO         2563    i.ble_bas_on_db_disc_evt  ble_bas_c.o
    0x000245b0   0x00000010   Code   RO          686    i.ble_conn_state_conn_handles  ble_conn_state.o
    0x000245c0   0x00000010   Code   RO          688    i.ble_conn_state_encrypted  ble_conn_state.o
    0x000245d0   0x00000010   Code   RO          691    i.ble_conn_state_n_centrals  ble_conn_state.o
    0x000245e0   0x00000030   Code   RO          695    i.ble_conn_state_role  ble_conn_state.o
    0x00024610   0x0000002c   Code   RO          697    i.ble_conn_state_user_flag_acquire  ble_conn_state.o
    0x0002463c   0x0000001c   Code   RO          698    i.ble_conn_state_user_flag_collection  ble_conn_state.o
    0x00024658   0x0000002c   Code   RO          699    i.ble_conn_state_user_flag_get  ble_conn_state.o
    0x00024684   0x00000030   Code   RO          700    i.ble_conn_state_user_flag_set  ble_conn_state.o
    0x000246b4   0x00000040   Code   RO          837    i.ble_db_discovery_evt_register  ble_db_discovery.o
    0x000246f4   0x0000001c   Code   RO          838    i.ble_db_discovery_init  ble_db_discovery.o
    0x00024710   0x00000090   Code   RO          839    i.ble_db_discovery_on_ble_evt  ble_db_discovery.o
    0x000247a0   0x00000028   Code   RO          840    i.ble_db_discovery_start  ble_db_discovery.o
    0x000247c8   0x000002fc   Code   RO            7    i.ble_evt_handler   main.o
    0x00024ac4   0x00000070   Code   RO          603    i.ble_evt_handler   bsp_btn_ble.o
    0x00024b34   0x0000010c   Code   RO          702    i.ble_evt_handler   ble_conn_state.o
    0x00024c40   0x00000028   Code   RO         1891    i.ble_evt_handler   peer_manager.o
    0x00024c68   0x00000014   Code   RO         2624    i.ble_hrs_c_handles_assign  ble_hrs_c.o
    0x00024c7c   0x0000004c   Code   RO         2625    i.ble_hrs_c_hrm_notif_enable  ble_hrs_c.o
    0x00024cc8   0x00000030   Code   RO         2626    i.ble_hrs_c_init    ble_hrs_c.o
    0x00024cf8   0x00000040   Code   RO         2627    i.ble_hrs_c_on_ble_evt  ble_hrs_c.o
    0x00024d38   0x0000007c   Code   RO         2628    i.ble_hrs_on_db_disc_evt  ble_hrs_c.o
    0x00024db4   0x0000000c   Code   RO          370    i.bsp_board_button_idx_to_pin  boards.o
    0x00024dc0   0x00000020   Code   RO          371    i.bsp_board_button_state_get  boards.o
    0x00024de0   0x00000024   Code   RO          374    i.bsp_board_led_invert  boards.o
    0x00024e04   0x00000010   Code   RO          375    i.bsp_board_led_off  boards.o
    0x00024e14   0x00000010   Code   RO          376    i.bsp_board_led_on  boards.o
    0x00024e24   0x00000020   Code   RO          377    i.bsp_board_led_state_get  boards.o
    0x00024e44   0x0000002c   Code   RO          378    i.bsp_board_leds_init  boards.o
    0x00024e70   0x00000012   Code   RO          379    i.bsp_board_leds_off  boards.o
    0x00024e82   0x00000012   Code   RO          380    i.bsp_board_leds_on  boards.o
    0x00024e94   0x00000024   Code   RO          381    i.bsp_board_pin_to_button_idx  boards.o
    0x00024eb8   0x00000038   Code   RO          604    i.bsp_btn_ble_init  bsp_btn_ble.o
    0x00024ef0   0x0000001e   Code   RO          605    i.bsp_btn_ble_sleep_mode_prepare  bsp_btn_ble.o
    0x00024f0e   0x00000002   PAD
    0x00024f10   0x00000090   Code   RO          483    i.bsp_button_event_handler  bsp.o
    0x00024fa0   0x00000004   Code   RO          484    i.bsp_button_is_pressed  bsp.o
    0x00024fa4   0x00000080   Code   RO            8    i.bsp_event_handler  main.o
    0x00025024   0x00000044   Code   RO          487    i.bsp_event_to_button_action_assign  bsp.o
    0x00025068   0x00000018   Code   RO          488    i.bsp_indication_set  bsp.o
    0x00025080   0x00000094   Code   RO          489    i.bsp_init          bsp.o
    0x00025114   0x000001b8   Code   RO          490    i.bsp_led_indication  bsp.o
    0x000252cc   0x00000010   Code   RO          492    i.bsp_wakeup_button_enable  bsp.o
    0x000252dc   0x00000064   Code   RO         5028    i.buf_prealloc      nrf_log_frontend.o
    0x00025340   0x0000001e   Code   RO         4350    i.buffer_add        nrf_fprintf_format.o
    0x0002535e   0x00000002   PAD
    0x00025360   0x00000014   Code   RO         5029    i.buffer_is_empty   nrf_log_frontend.o
    0x00025374   0x00000008   Code   RO          493    i.button_timer_handler  bsp.o
    0x0002537c   0x0000001c   Code   RO         2900    i.channel_free      nrf_drv_gpiote.o
    0x00025398   0x00000048   Code   RO         2901    i.channel_port_alloc  nrf_drv_gpiote.o
    0x000253e0   0x00000010   Code   RO         2902    i.channel_port_get  nrf_drv_gpiote.o
    0x000253f0   0x00000042   Code   RO          841    i.characteristics_discover  ble_db_discovery.o
    0x00025432   0x00000038   Code   RO         1801    i.claim             peer_id.o
    0x0002546a   0x00000002   PAD
    0x0002546c   0x00000028   Code   RO         2694    i.clock_clk_started_notify  nrf_drv_clock.o
    0x00025494   0x000000ac   Code   RO         3573    i.compare_reg_update  app_timer.o
    0x00025540   0x00000044   Code   RO         2272    i.conn_sec_failure  security_dispatcher.o
    0x00025584   0x00000020   Code   RO            9    i.db_disc_handler   main.o
    0x000255a4   0x00000080   Code   RO         3823    i.delete_execute    fds.o
    0x00025624   0x0000008c   Code   RO          842    i.descriptors_discover  ble_db_discovery.o
    0x000256b0   0x00000060   Code   RO         3381    i.detection_delay_timeout_handler  app_button.o
    0x00025710   0x00000090   Code   RO          843    i.discovery_complete_evt_trigger  ble_db_discovery.o
    0x000257a0   0x0000003c   Code   RO          844    i.discovery_error_evt_trigger  ble_db_discovery.o
    0x000257dc   0x0000005c   Code   RO          845    i.discovery_start   ble_db_discovery.o
    0x00025838   0x00000040   Code   RO         3574    i.elapsed_ticks_acquire  app_timer.o
    0x00025878   0x0000000a   Code   RO         2273    i.encryption_failure  security_dispatcher.o
    0x00025882   0x00000002   PAD
    0x00025884   0x0000004c   Code   RO         4456    i.erase             nrf_fstorage_sd.o
    0x000258d0   0x00000074   Code   RO         3824    i.event_prepare     fds.o
    0x00025944   0x00000020   Code   RO         3825    i.event_send        fds.o
    0x00025964   0x0000004e   Code   RO         4457    i.event_send        nrf_fstorage_sd.o
    0x000259b2   0x00000074   Code   RO         2413    i.events_send_from_err_code  security_manager.o
    0x00025a26   0x00000002   PAD
    0x00025a28   0x0000001c   Code   RO         1024    i.evt_send          gatt_cache_manager.o
    0x00025a44   0x0000002c   Code   RO         1892    i.evt_send          peer_manager.o
    0x00025a70   0x0000001c   Code   RO         2274    i.evt_send          security_dispatcher.o
    0x00025a8c   0x0000000c   Code   RO         2414    i.evt_send          security_manager.o
    0x00025a98   0x000000d8   Code   RO         1494    i.fds_evt_handler   peer_data_storage.o
    0x00025b70   0x00000044   Code   RO         3827    i.fds_file_delete   fds.o
    0x00025bb4   0x0000003c   Code   RO         3828    i.fds_gc            fds.o
    0x00025bf0   0x000000d4   Code   RO         3829    i.fds_init          fds.o
    0x00025cc4   0x00000040   Code   RO         3830    i.fds_record_close  fds.o
    0x00025d04   0x0000000e   Code   RO         3832    i.fds_record_find   fds.o
    0x00025d12   0x00000010   Code   RO         3833    i.fds_record_find_by_key  fds.o
    0x00025d22   0x00000010   Code   RO         3834    i.fds_record_find_in_file  fds.o
    0x00025d32   0x00000010   Code   RO         3835    i.fds_record_id_from_desc  fds.o
    0x00025d42   0x00000002   PAD
    0x00025d44   0x00000048   Code   RO         3837    i.fds_record_open   fds.o
    0x00025d8c   0x0000000e   Code   RO         3838    i.fds_record_update  fds.o
    0x00025d9a   0x00000008   Code   RO         3839    i.fds_record_write  fds.o
    0x00025da2   0x0000000c   Code   RO         3840    i.fds_record_write_reserved  fds.o
    0x00025dae   0x00000002   PAD
    0x00025db0   0x00000030   Code   RO         3841    i.fds_register      fds.o
    0x00025de0   0x00000030   Code   RO         3842    i.fds_reserve       fds.o
    0x00025e10   0x00000048   Code   RO         3843    i.fds_reserve_cancel  fds.o
    0x00025e58   0x00000014   Code   RO         1495    i.file_id_within_pm_range  peer_data_storage.o
    0x00025e6c   0x00000012   Code   RO         2275    i.flag_id_init      security_dispatcher.o
    0x00025e7e   0x00000012   Code   RO         2415    i.flag_id_init      security_manager.o
    0x00025e90   0x00000054   Code   RO         2416    i.flags_set_from_err_code  security_manager.o
    0x00025ee4   0x00000006   Code   RO         3845    i.fs_event_handler  fds.o
    0x00025eea   0x00000002   PAD
    0x00025eec   0x00000098   Code   RO           10    i.gatt_evt_handler  main.o
    0x00025f84   0x00000074   Code   RO         3846    i.gc_execute        fds.o
    0x00025ff8   0x0000004c   Code   RO         3847    i.gc_next_page      fds.o
    0x00026044   0x00000040   Code   RO         3848    i.gc_page_erase     fds.o
    0x00026084   0x00000034   Code   RO         3849    i.gc_record_copy    fds.o
    0x000260b8   0x00000024   Code   RO         3850    i.gc_record_find_next  fds.o
    0x000260dc   0x00000088   Code   RO         3851    i.gc_state_advance  fds.o
    0x00026164   0x00000098   Code   RO         1025    i.gcm_ble_evt_handler  gatt_cache_manager.o
    0x000261fc   0x00000030   Code   RO         1026    i.gcm_im_evt_handler  gatt_cache_manager.o
    0x0002622c   0x00000050   Code   RO         1027    i.gcm_init          gatt_cache_manager.o
    0x0002627c   0x00000050   Code   RO         1028    i.gcm_local_database_has_changed  gatt_cache_manager.o
    0x000262cc   0x0000007c   Code   RO         1030    i.gcm_pdb_evt_handler  gatt_cache_manager.o
    0x00026348   0x00000038   Code   RO         1214    i.get_connection_by_conn_handle  id_manager.o
    0x00026380   0x00000030   Code   RO         1215    i.get_free_connection  id_manager.o
    0x000263b0   0x00000058   Code   RO         3382    i.gpiote_event_handler  app_button.o
    0x00026408   0x0000001c   Code   RO         1136    i.gscm_db_change_notification_done  gatts_cache_manager.o
    0x00026424   0x00000014   Code   RO         1137    i.gscm_init         gatts_cache_manager.o
    0x00026438   0x0000001c   Code   RO         1138    i.gscm_local_database_has_changed  gatts_cache_manager.o
    0x00026454   0x0000006a   Code   RO         1139    i.gscm_local_db_cache_apply  gatts_cache_manager.o
    0x000264be   0x00000082   Code   RO         1140    i.gscm_local_db_cache_update  gatts_cache_manager.o
    0x00026540   0x00000018   Code   RO         1141    i.gscm_pdb_evt_handler  gatts_cache_manager.o
    0x00026558   0x0000001e   Code   RO         1142    i.gscm_service_changed_ind_needed  gatts_cache_manager.o
    0x00026576   0x00000002   PAD
    0x00026578   0x00000038   Code   RO         1143    i.gscm_service_changed_ind_send  gatts_cache_manager.o
    0x000265b0   0x00000026   Code   RO         3852    i.header_check      fds.o
    0x000265d6   0x00000012   Code   RO         3853    i.header_has_next   fds.o
    0x000265e8   0x00000090   Code   RO           11    i.hrs_c_evt_handler  main.o
    0x00026678   0x00000046   Code   RO         1216    i.im_address_resolve  id_manager.o
    0x000266be   0x00000002   PAD
    0x000266c0   0x00000030   Code   RO         1217    i.im_ble_addr_get   id_manager.o
    0x000266f0   0x000000c8   Code   RO         1218    i.im_ble_evt_handler  id_manager.o
    0x000267b8   0x0000002c   Code   RO         1219    i.im_conn_handle_get  id_manager.o
    0x000267e4   0x000000a6   Code   RO         1220    i.im_device_identities_list_set  id_manager.o
    0x0002688a   0x00000038   Code   RO         1221    i.im_find_duplicate_bonding_data  id_manager.o
    0x000268c2   0x00000002   PAD
    0x000268c4   0x00000040   Code   RO         1224    i.im_init           id_manager.o
    0x00026904   0x00000072   Code   RO         1225    i.im_is_duplicate_bonding_data  id_manager.o
    0x00026976   0x00000018   Code   RO         1226    i.im_master_id_is_valid  id_manager.o
    0x0002698e   0x0000002a   Code   RO         1227    i.im_master_ids_compare  id_manager.o
    0x000269b8   0x00000004   Code   RO         1228    i.im_new_peer_id    id_manager.o
    0x000269bc   0x00000026   Code   RO         1229    i.im_peer_free      id_manager.o
    0x000269e2   0x00000002   PAD
    0x000269e4   0x00000020   Code   RO         1230    i.im_peer_id_get_by_conn_handle  id_manager.o
    0x00026a04   0x0000003c   Code   RO         1231    i.im_peer_id_get_by_master_id  id_manager.o
    0x00026a40   0x00000038   Code   RO         1234    i.im_whitelist_get  id_manager.o
    0x00026a78   0x00000074   Code   RO         1235    i.im_whitelist_set  id_manager.o
    0x00026aec   0x00000038   Code   RO         4458    i.init              nrf_fstorage_sd.o
    0x00026b24   0x000000c8   Code   RO         3854    i.init_execute      fds.o
    0x00026bec   0x000000a6   Code   RO         4351    i.int_print         nrf_fprintf_format.o
    0x00026c92   0x00000002   PAD
    0x00026c94   0x00000078   Code   RO         3148    i.interrupts_enable  nrf_drv_uart.o
    0x00026d0c   0x00000010   Code   RO         4459    i.is_busy           nrf_fstorage_sd.o
    0x00026d1c   0x0000004c   Code   RO          846    i.is_desc_discovery_reqd  ble_db_discovery.o
    0x00026d68   0x00000014   Code   RO         1236    i.is_valid_irk      id_manager.o
    0x00026d7c   0x0000000c   Code   RO         3855    i.is_word_aligned   fds.o
    0x00026d88   0x00000030   Code   RO          494    i.leds_off          bsp.o
    0x00026db8   0x00000014   Code   RO          495    i.leds_timer_handler  bsp.o
    0x00026dcc   0x00000028   Code   RO         2697    i.lfclk_stop        nrf_drv_clock.o
    0x00026df4   0x00000018   Code   RO         1400    i.link_init         nrf_ble_gatt.o
    0x00026e0c   0x000000b4   Code   RO         2417    i.link_secure       security_manager.o
    0x00026ec0   0x0000007c   Code   RO         2276    i.link_secure_central_encryption  security_dispatcher.o
    0x00026f3c   0x000000a8   Code   RO         2277    i.link_secure_central_pairing  security_dispatcher.o
    0x00026fe4   0x0000008c   Code   RO         2278    i.link_secure_failure  security_dispatcher.o
    0x00027070   0x0000005c   Code   RO         2418    i.link_secure_pending_process  security_manager.o
    0x000270cc   0x000000f8   Code   RO         3575    i.list_insertions_handler  app_timer.o
    0x000271c4   0x00000068   Code   RO         1031    i.local_db_apply_in_evt  gatt_cache_manager.o
    0x0002722c   0x00000010   Code   RO         1032    i.local_db_update   gatt_cache_manager.o
    0x0002723c   0x00000032   Code   RO         2217    i.lock_by_mask      pm_mutex.o
    0x0002726e   0x00000002   PAD
    0x00027270   0x00000094   Code   RO         5031    i.log_skip          nrf_log_frontend.o
    0x00027304   0x00000150   Code   RO           12    i.main              main.o
    0x00027454   0x00000076   Code   RO         4570    i.memobj_op         nrf_memobj.o
    0x000274ca   0x00000002   PAD
    0x000274cc   0x00000034   Code   RO         5032    i.module_idx_get    nrf_log_frontend.o
    0x00027500   0x00000058   Code   RO         1237    i.new_connection    id_manager.o
    0x00027558   0x00000014   Code   RO         2419    i.new_context_get   security_manager.o
    0x0002756c   0x00000030   Code   RO         1802    i.next_id_get       peer_id.o
    0x0002759c   0x00000010   Code   RO         4198    i.nrf_atfifo_clear  nrf_atfifo.o
    0x000275ac   0x00000026   Code   RO         4200    i.nrf_atfifo_init   nrf_atfifo.o
    0x000275d2   0x00000016   Code   RO         4201    i.nrf_atfifo_item_alloc  nrf_atfifo.o
    0x000275e8   0x00000016   Code   RO         4202    i.nrf_atfifo_item_free  nrf_atfifo.o
    0x000275fe   0x00000016   Code   RO         4203    i.nrf_atfifo_item_get  nrf_atfifo.o
    0x00027614   0x00000016   Code   RO         4204    i.nrf_atfifo_item_put  nrf_atfifo.o
    0x0002762a   0x0000000e   Code   RO         5033    i.nrf_atomic_flag_set  nrf_log_frontend.o
    0x00027638   0x0000000c   Code   RO         3856    i.nrf_atomic_u32_add  fds.o
    0x00027644   0x00000044   Code   RO         4266    i.nrf_balloc_alloc  nrf_balloc.o
    0x00027688   0x00000030   Code   RO         4267    i.nrf_balloc_free   nrf_balloc.o
    0x000276b8   0x00000030   Code   RO         4268    i.nrf_balloc_init   nrf_balloc.o
    0x000276e8   0x00000010   Code   RO         2903    i.nrf_bitmask_bit_is_set  nrf_drv_gpiote.o
    0x000276f8   0x00000022   Code   RO         1406    i.nrf_ble_gatt_init  nrf_ble_gatt.o
    0x0002771a   0x00000002   PAD
    0x0002771c   0x00000148   Code   RO         1407    i.nrf_ble_gatt_on_ble_evt  nrf_ble_gatt.o
    0x00027864   0x0000000e   Code   RO         2698    i.nrf_clock_event_check  nrf_drv_clock.o
    0x00027872   0x00000010   Code   RO         2699    i.nrf_clock_event_clear  nrf_drv_clock.o
    0x00027882   0x00000002   PAD
    0x00027884   0x0000008c   Code   RO         3576    i.nrf_delay_us      app_timer.o
    0x00027910   0x00000048   Code   RO         2706    i.nrf_drv_clock_init  nrf_drv_clock.o
    0x00027958   0x0000002c   Code   RO         2710    i.nrf_drv_clock_lfclk_release  nrf_drv_clock.o
    0x00027984   0x00000016   Code   RO         3149    i.nrf_drv_common_irq_disable  nrf_drv_uart.o
    0x0002799a   0x00000038   Code   RO         2863    i.nrf_drv_common_irq_enable  nrf_drv_common.o
    0x000279d2   0x00000006   Code   RO         3150    i.nrf_drv_get_IRQn  nrf_drv_uart.o
    0x000279d8   0x000000a4   Code   RO         2908    i.nrf_drv_gpiote_in_event_enable  nrf_drv_gpiote.o
    0x00027a7c   0x000000b8   Code   RO         2909    i.nrf_drv_gpiote_in_init  nrf_drv_gpiote.o
    0x00027b34   0x00000014   Code   RO         2910    i.nrf_drv_gpiote_in_is_set  nrf_drv_gpiote.o
    0x00027b48   0x0000005c   Code   RO         2912    i.nrf_drv_gpiote_init  nrf_drv_gpiote.o
    0x00027ba4   0x00000014   Code   RO         2913    i.nrf_drv_gpiote_is_init  nrf_drv_gpiote.o
    0x00027bb8   0x00000010   Code   RO         3151    i.nrf_drv_is_in_RAM  nrf_drv_uart.o
    0x00027bc8   0x00000068   Code   RO         3153    i.nrf_drv_uart_init  nrf_drv_uart.o
    0x00027c30   0x0000010c   Code   RO         3161    i.nrf_drv_uart_tx   nrf_drv_uart.o
    0x00027d3c   0x00000018   Code   RO         3163    i.nrf_drv_uart_tx_in_progress  nrf_drv_uart.o
    0x00027d54   0x00000054   Code   RO         3164    i.nrf_drv_uart_uninit  nrf_drv_uart.o
    0x00027da8   0x0000001a   Code   RO         4307    i.nrf_fprintf       nrf_fprintf.o
    0x00027dc2   0x00000018   Code   RO         4308    i.nrf_fprintf_buffer_flush  nrf_fprintf.o
    0x00027dda   0x000001da   Code   RO         4352    i.nrf_fprintf_fmt   nrf_fprintf_format.o
    0x00027fb4   0x0000004e   Code   RO         4389    i.nrf_fstorage_erase  nrf_fstorage.o
    0x00028002   0x00000010   Code   RO         4390    i.nrf_fstorage_init  nrf_fstorage.o
    0x00028012   0x00000002   PAD
    0x00028014   0x00000050   Code   RO         4391    i.nrf_fstorage_is_busy  nrf_fstorage.o
    0x00028064   0x00000018   Code   RO         4460    i.nrf_fstorage_sdh_req_handler  nrf_fstorage_sd.o
    0x0002807c   0x00000020   Code   RO         4461    i.nrf_fstorage_sdh_state_handler  nrf_fstorage_sd.o
    0x0002809c   0x000000a4   Code   RO         4462    i.nrf_fstorage_sys_evt_handler  nrf_fstorage_sd.o
    0x00028140   0x00000066   Code   RO         4396    i.nrf_fstorage_write  nrf_fstorage.o
    0x000281a6   0x00000024   Code   RO          383    i.nrf_gpio_cfg      boards.o
    0x000281ca   0x00000024   Code   RO         2927    i.nrf_gpio_cfg      nrf_drv_gpiote.o
    0x000281ee   0x00000024   Code   RO         3165    i.nrf_gpio_cfg      nrf_drv_uart.o
    0x00028212   0x00000012   Code   RO         3166    i.nrf_gpio_cfg_default  nrf_drv_uart.o
    0x00028224   0x00000012   Code   RO         3167    i.nrf_gpio_cfg_input  nrf_drv_uart.o
    0x00028236   0x00000014   Code   RO         3168    i.nrf_gpio_cfg_output  nrf_drv_uart.o
    0x0002824a   0x00000022   Code   RO          496    i.nrf_gpio_cfg_sense_set  bsp.o
    0x0002826c   0x00000022   Code   RO         2929    i.nrf_gpio_cfg_sense_set  nrf_drv_gpiote.o
    0x0002828e   0x00000016   Code   RO          384    i.nrf_gpio_pin_write  boards.o
    0x000282a4   0x00000028   Code   RO         2930    i.nrf_gpio_ports_read  nrf_drv_gpiote.o
    0x000282cc   0x00000014   Code   RO         2931    i.nrf_gpiote_event_clear  nrf_drv_gpiote.o
    0x000282e0   0x00000010   Code   RO         2932    i.nrf_gpiote_event_is_set  nrf_drv_gpiote.o
    0x000282f0   0x00000050   Code   RO         5034    i.nrf_log_backend_add  nrf_log_frontend.o
    0x00028340   0x000000d2   Code   RO         4882    i.nrf_log_backend_serial_put  nrf_log_backend_serial.o
    0x00028412   0x00000002   Code   RO         4922    i.nrf_log_backend_uart_flush  nrf_log_backend_uart.o
    0x00028414   0x00000006   Code   RO         4923    i.nrf_log_backend_uart_init  nrf_log_backend_uart.o
    0x0002841a   0x00000002   PAD
    0x0002841c   0x00000018   Code   RO         4924    i.nrf_log_backend_uart_panic_set  nrf_log_backend_uart.o
    0x00028434   0x00000018   Code   RO         4925    i.nrf_log_backend_uart_put  nrf_log_backend_uart.o
    0x0002844c   0x00000030   Code   RO         5036    i.nrf_log_color_id_get  nrf_log_frontend.o
    0x0002847c   0x0000001c   Code   RO         4994    i.nrf_log_default_backends_init  nrf_log_default_backends.o
    0x00028498   0x000001f0   Code   RO         5037    i.nrf_log_frontend_dequeue  nrf_log_frontend.o
    0x00028688   0x00000008   Code   RO         5039    i.nrf_log_frontend_std_0  nrf_log_frontend.o
    0x00028690   0x0000000e   Code   RO         5040    i.nrf_log_frontend_std_1  nrf_log_frontend.o
    0x0002869e   0x00000010   Code   RO         5041    i.nrf_log_frontend_std_2  nrf_log_frontend.o
    0x000286ae   0x00000012   Code   RO         5042    i.nrf_log_frontend_std_3  nrf_log_frontend.o
    0x000286c0   0x000000ac   Code   RO         5219    i.nrf_log_hexdump_entry_process  nrf_log_str_formatter.o
    0x0002876c   0x0000005c   Code   RO         5046    i.nrf_log_init      nrf_log_frontend.o
    0x000287c8   0x00000014   Code   RO         5047    i.nrf_log_module_cnt_get  nrf_log_frontend.o
    0x000287dc   0x0000001c   Code   RO         5050    i.nrf_log_module_name_get  nrf_log_frontend.o
    0x000287f8   0x00000028   Code   RO         5051    i.nrf_log_panic     nrf_log_frontend.o
    0x00028820   0x000000b6   Code   RO         5220    i.nrf_log_std_entry_process  nrf_log_str_formatter.o
    0x000288d6   0x00000060   Code   RO         4571    i.nrf_memobj_alloc  nrf_memobj.o
    0x00028936   0x00000032   Code   RO         4572    i.nrf_memobj_free   nrf_memobj.o
    0x00028968   0x0000000e   Code   RO         4573    i.nrf_memobj_get    nrf_memobj.o
    0x00028976   0x00000004   Code   RO         4574    i.nrf_memobj_pool_init  nrf_memobj.o
    0x0002897a   0x00000022   Code   RO         4575    i.nrf_memobj_put    nrf_memobj.o
    0x0002899c   0x0000000c   Code   RO         4576    i.nrf_memobj_read   nrf_memobj.o
    0x000289a8   0x0000000c   Code   RO         4577    i.nrf_memobj_write  nrf_memobj.o
    0x000289b4   0x00000028   Code   RO         4656    i.nrf_pwr_mgmt_init  nrf_pwr_mgmt.o
    0x000289dc   0x00000044   Code   RO         4657    i.nrf_pwr_mgmt_run  nrf_pwr_mgmt.o
    0x00028a20   0x00000040   Code   RO         4658    i.nrf_pwr_mgmt_shutdown  nrf_pwr_mgmt.o
    0x00028a60   0x00000014   Code   RO         5752    i.nrf_sdh_ble_app_ram_start_get  nrf_sdh_ble.o
    0x00028a74   0x00000158   Code   RO         5753    i.nrf_sdh_ble_default_cfg_set  nrf_sdh_ble.o
    0x00028bcc   0x000000d8   Code   RO         5754    i.nrf_sdh_ble_enable  nrf_sdh_ble.o
    0x00028ca4   0x00000050   Code   RO         5755    i.nrf_sdh_ble_evts_poll  nrf_sdh_ble.o
    0x00028cf4   0x0000003c   Code   RO         5624    i.nrf_sdh_disable_request  nrf_sdh.o
    0x00028d30   0x0000006c   Code   RO         5625    i.nrf_sdh_enable_request  nrf_sdh.o
    0x00028d9c   0x00000024   Code   RO         5626    i.nrf_sdh_evts_poll  nrf_sdh.o
    0x00028dc0   0x0000000c   Code   RO         5627    i.nrf_sdh_is_enabled  nrf_sdh.o
    0x00028dcc   0x0000001c   Code   RO         5629    i.nrf_sdh_request_continue  nrf_sdh.o
    0x00028de8   0x0000003c   Code   RO         5802    i.nrf_sdh_soc_evts_poll  nrf_sdh_soc.o
    0x00028e24   0x0000000a   Code   RO         4731    i.nrf_section_iter_init  nrf_section_iter.o
    0x00028e2e   0x00000024   Code   RO         4732    i.nrf_section_iter_item_set  nrf_section_iter.o
    0x00028e52   0x00000020   Code   RO         4733    i.nrf_section_iter_next  nrf_section_iter.o
    0x00028e72   0x00000002   PAD
    0x00028e74   0x00000038   Code   RO         4766    i.nrf_strerror_find  nrf_strerror.o
    0x00028eac   0x00000014   Code   RO         4767    i.nrf_strerror_get  nrf_strerror.o
    0x00028ec0   0x0000000a   Code   RO         3169    i.nrf_uart_event_check  nrf_drv_uart.o
    0x00028eca   0x0000000c   Code   RO         3170    i.nrf_uart_event_clear  nrf_drv_uart.o
    0x00028ed6   0x0000000c   Code   RO         3171    i.nrf_uart_int_enable_check  nrf_drv_uart.o
    0x00028ee2   0x0000000a   Code   RO         3172    i.nrf_uarte_event_check  nrf_drv_uart.o
    0x00028eec   0x0000000c   Code   RO         3173    i.nrf_uarte_event_clear  nrf_drv_uart.o
    0x00028ef8   0x00000114   Code   RO          847    i.on_characteristic_discovery_rsp  ble_db_discovery.o
    0x0002900c   0x0000009c   Code   RO         1408    i.on_connected_evt  nrf_ble_gatt.o
    0x000290a8   0x000000f0   Code   RO          848    i.on_descriptor_discovery_rsp  ble_db_discovery.o
    0x00029198   0x00000074   Code   RO         1409    i.on_exchange_mtu_request_evt  nrf_ble_gatt.o
    0x0002920c   0x00000072   Code   RO         2629    i.on_hvx            ble_hrs_c.o
    0x0002927e   0x00000002   PAD
    0x00029280   0x0000006c   Code   RO          849    i.on_primary_srv_discovery_rsp  ble_db_discovery.o
    0x000292ec   0x0000007c   Code   RO          850    i.on_srv_disc_completion  ble_db_discovery.o
    0x00029368   0x00000024   Code   RO         3857    i.page_identify     fds.o
    0x0002938c   0x00000012   Code   RO         3858    i.page_offsets_update  fds.o
    0x0002939e   0x00000002   PAD
    0x000293a0   0x0000006c   Code   RO         3859    i.page_scan         fds.o
    0x0002940c   0x0000001c   Code   RO         3860    i.page_tag_write_data  fds.o
    0x00029428   0x00000024   Code   RO         3861    i.page_tag_write_swap  fds.o
    0x0002944c   0x0000011c   Code   RO         3862    i.pages_init        fds.o
    0x00029568   0x0000000c   Code   RO         2279    i.pairing           security_dispatcher.o
    0x00029574   0x0000003e   Code   RO         2420    i.params_reply_pending_process  security_manager.o
    0x000295b2   0x00000028   Code   RO         2421    i.params_req_send   security_manager.o
    0x000295da   0x00000002   PAD
    0x000295dc   0x0000001c   Code   RO         1633    i.pdb_evt_send      peer_database.o
    0x000295f8   0x00000048   Code   RO         1634    i.pdb_init          peer_database.o
    0x00029640   0x00000004   Code   RO         1636    i.pdb_next_deleted_peer_id_get  peer_database.o
    0x00029644   0x00000004   Code   RO         1637    i.pdb_next_peer_id_get  peer_database.o
    0x00029648   0x00000078   Code   RO         1638    i.pdb_pds_evt_handler  peer_database.o
    0x000296c0   0x00000004   Code   RO         1639    i.pdb_peer_allocate  peer_database.o
    0x000296c4   0x00000010   Code   RO         1640    i.pdb_peer_data_load  peer_database.o
    0x000296d4   0x00000006   Code   RO         1641    i.pdb_peer_data_ptr_get  peer_database.o
    0x000296da   0x00000044   Code   RO         1642    i.pdb_peer_free     peer_database.o
    0x0002971e   0x00000008   Code   RO         1643    i.pdb_raw_store     peer_database.o
    0x00029726   0x00000002   PAD
    0x00029728   0x00000104   Code   RO         1644    i.pdb_write_buf_get  peer_database.o
    0x0002982c   0x00000028   Code   RO         1645    i.pdb_write_buf_release  peer_database.o
    0x00029854   0x00000028   Code   RO         1646    i.pdb_write_buf_store  peer_database.o
    0x0002987c   0x00000068   Code   RO         1647    i.pdb_write_buf_store_prepare  peer_database.o
    0x000298e4   0x00000010   Code   RO         1496    i.pds_evt_send      peer_data_storage.o
    0x000298f4   0x0000006c   Code   RO         1497    i.pds_init          peer_data_storage.o
    0x00029960   0x00000004   Code   RO         1498    i.pds_next_deleted_peer_id_get  peer_data_storage.o
    0x00029964   0x00000004   Code   RO         1499    i.pds_next_peer_id_get  peer_data_storage.o
    0x00029968   0x00000058   Code   RO         1502    i.pds_peer_data_iterate  peer_data_storage.o
    0x000299c0   0x00000010   Code   RO         1503    i.pds_peer_data_iterate_prepare  peer_data_storage.o
    0x000299d0   0x00000068   Code   RO         1504    i.pds_peer_data_read  peer_data_storage.o
    0x00029a38   0x00000096   Code   RO         1505    i.pds_peer_data_store  peer_data_storage.o
    0x00029ace   0x00000008   Code   RO         1506    i.pds_peer_id_allocate  peer_data_storage.o
    0x00029ad6   0x00000016   Code   RO         1507    i.pds_peer_id_free  peer_data_storage.o
    0x00029aec   0x00000004   Code   RO         1508    i.pds_peer_id_is_allocated  peer_data_storage.o
    0x00029af0   0x0000002e   Code   RO         1509    i.pds_space_reserve  peer_data_storage.o
    0x00029b1e   0x00000010   Code   RO         1510    i.pds_space_reserve_cancel  peer_data_storage.o
    0x00029b2e   0x00000002   PAD
    0x00029b30   0x0000000c   Code   RO         2280    i.peer_created      security_dispatcher.o
    0x00029b3c   0x00000006   Code   RO         1648    i.peer_data_const_point_to_buffer  peer_database.o
    0x00029b42   0x00000002   PAD
    0x00029b44   0x00000084   Code   RO         1511    i.peer_data_delete  peer_data_storage.o
    0x00029bc8   0x00000030   Code   RO         1512    i.peer_data_find    peer_data_storage.o
    0x00029bf8   0x00000020   Code   RO         1513    i.peer_data_id_is_valid  peer_data_storage.o
    0x00029c18   0x0000001a   Code   RO         1649    i.peer_data_point_to_buffer  peer_database.o
    0x00029c32   0x00000002   PAD
    0x00029c34   0x0000000c   Code   RO         1803    i.peer_id_allocate  peer_id.o
    0x00029c40   0x00000024   Code   RO         1804    i.peer_id_delete    peer_id.o
    0x00029c64   0x0000001c   Code   RO         1805    i.peer_id_free      peer_id.o
    0x00029c80   0x0000000c   Code   RO         1806    i.peer_id_get_next_deleted  peer_id.o
    0x00029c8c   0x00000030   Code   RO         1807    i.peer_id_get_next_used  peer_id.o
    0x00029cbc   0x00000028   Code   RO         1808    i.peer_id_init      peer_id.o
    0x00029ce4   0x00000014   Code   RO         1809    i.peer_id_is_allocated  peer_id.o
    0x00029cf8   0x00000014   Code   RO         1810    i.peer_id_is_deleted  peer_id.o
    0x00029d0c   0x0000001c   Code   RO         1238    i.peer_id_set       id_manager.o
    0x00029d28   0x0000006c   Code   RO           13    i.peer_manager_init  main.o
    0x00029d94   0x000000c0   Code   RO         1239    i.peers_id_keys_get  id_manager.o
    0x00029e54   0x000000d8   Code   RO         1033    i.pending_flags_check  gatt_cache_manager.o
    0x00029f2c   0x00000018   Code   RO         2933    i.pin_in_use_by_port  nrf_drv_gpiote.o
    0x00029f44   0x00000018   Code   RO         2934    i.pin_in_use_by_te  nrf_drv_gpiote.o
    0x00029f5c   0x00000078   Code   RO         3174    i.pins_to_default   nrf_drv_uart.o
    0x00029fd4   0x0000005c   Code   RO         2175    i.pm_buffer_block_acquire  pm_buffer.o
    0x0002a030   0x00000040   Code   RO         2176    i.pm_buffer_init    pm_buffer.o
    0x0002a070   0x00000028   Code   RO         2177    i.pm_buffer_ptr_get  pm_buffer.o
    0x0002a098   0x0000002e   Code   RO         2178    i.pm_buffer_release  pm_buffer.o
    0x0002a0c6   0x0000000a   Code   RO         1895    i.pm_conn_sec_config_reply  peer_manager.o
    0x0002a0d0   0x00000014   Code   RO         1898    i.pm_conn_secure    peer_manager.o
    0x0002a0e4   0x00000014   Code   RO         1899    i.pm_device_identities_list_set  peer_manager.o
    0x0002a0f8   0x000000fc   Code   RO           14    i.pm_evt_handler    main.o
    0x0002a1f4   0x00000004   Code   RO         1900    i.pm_gcm_evt_handler  peer_manager.o
    0x0002a1f8   0x00000024   Code   RO         1903    i.pm_im_evt_handler  peer_manager.o
    0x0002a21c   0x00000058   Code   RO         1904    i.pm_init           peer_manager.o
    0x0002a274   0x00000014   Code   RO         1906    i.pm_local_database_has_changed  peer_manager.o
    0x0002a288   0x0000000e   Code   RO         2218    i.pm_mutex_init     pm_mutex.o
    0x0002a296   0x0000001a   Code   RO         2219    i.pm_mutex_lock     pm_mutex.o
    0x0002a2b0   0x00000036   Code   RO         2220    i.pm_mutex_lock_first_available  pm_mutex.o
    0x0002a2e6   0x00000018   Code   RO         2221    i.pm_mutex_lock_status_get  pm_mutex.o
    0x0002a2fe   0x0000003a   Code   RO         2222    i.pm_mutex_unlock   pm_mutex.o
    0x0002a338   0x00000014   Code   RO         1907    i.pm_next_peer_id_get  peer_manager.o
    0x0002a34c   0x00000118   Code   RO         1908    i.pm_pdb_evt_handler  peer_manager.o
    0x0002a464   0x00000014   Code   RO         1919    i.pm_peer_delete    peer_manager.o
    0x0002a478   0x000000b8   Code   RO         1923    i.pm_peer_ranks_get  peer_manager.o
    0x0002a530   0x00000068   Code   RO         1924    i.pm_peers_delete   peer_manager.o
    0x0002a598   0x0000002c   Code   RO         1927    i.pm_register       peer_manager.o
    0x0002a5c4   0x00000014   Code   RO         1928    i.pm_sec_params_set  peer_manager.o
    0x0002a5d8   0x00000034   Code   RO         1929    i.pm_sm_evt_handler  peer_manager.o
    0x0002a60c   0x0000002c   Code   RO         1930    i.pm_whitelist_get  peer_manager.o
    0x0002a638   0x00000014   Code   RO         1931    i.pm_whitelist_set  peer_manager.o
    0x0002a64c   0x0000003c   Code   RO         5221    i.postfix_process   nrf_log_str_formatter.o
    0x0002a688   0x0000005c   Code   RO         5222    i.prefix_process    nrf_log_str_formatter.o
    0x0002a6e4   0x0000001c   Code   RO         3863    i.queue_buf_get     fds.o
    0x0002a700   0x00000010   Code   RO         3864    i.queue_buf_store   fds.o
    0x0002a710   0x000000a8   Code   RO         3865    i.queue_process     fds.o
    0x0002a7b8   0x00000098   Code   RO         4463    i.queue_process     nrf_fstorage_sd.o
    0x0002a850   0x00000020   Code   RO         3866    i.queue_start       fds.o
    0x0002a870   0x00000028   Code   RO         4464    i.queue_start       nrf_fstorage_sd.o
    0x0002a898   0x00000028   Code   RO         1932    i.rank_vars_update  peer_manager.o
    0x0002a8c0   0x0000000e   Code   RO         4465    i.read              nrf_fstorage_sd.o
    0x0002a8ce   0x00000002   PAD
    0x0002a8d0   0x00000068   Code   RO         1650    i.reattempt_previous_operations  peer_database.o
    0x0002a938   0x00000088   Code   RO         3867    i.record_find       fds.o
    0x0002a9c0   0x000000a0   Code   RO         3868    i.record_find_by_desc  fds.o
    0x0002aa60   0x0000005c   Code   RO         3869    i.record_find_next  fds.o
    0x0002aabc   0x00000038   Code   RO         3870    i.record_header_flag_dirty  fds.o
    0x0002aaf4   0x00000038   Code   RO          851    i.registered_handler_get  ble_db_discovery.o
    0x0002ab2c   0x00000010   Code   RO         1812    i.release           peer_id.o
    0x0002ab3c   0x00000004   Code   RO         4466    i.rmap              nrf_fstorage_sd.o
    0x0002ab40   0x0000003c   Code   RO         3577    i.rtc1_stop         app_timer.o
    0x0002ab7c   0x00000032   Code   RO         3175    i.rx_byte           nrf_drv_uart.o
    0x0002abae   0x00000018   Code   RO         3176    i.rx_done_event     nrf_drv_uart.o
    0x0002abc6   0x00000002   PAD
    0x0002abc8   0x000000bc   Code   RO           15    i.scan_start        main.o
    0x0002ac84   0x00000042   Code   RO         5632    i.sd_nvic_SetPriority  nrf_sdh.o
    0x0002acc6   0x00000002   PAD
    0x0002acc8   0x00000054   Code   RO         2713    i.sd_state_evt_handler  nrf_drv_clock.o
    0x0002ad1c   0x00000030   Code   RO         5633    i.sdh_request_observer_notify  nrf_sdh.o
    0x0002ad4c   0x0000002c   Code   RO         5634    i.sdh_state_observer_notify  nrf_sdh.o
    0x0002ad78   0x00000044   Code   RO         4799    i.sdk_mapped_flags_bulk_update_by_key  sdk_mapped_flags.o
    0x0002adbc   0x00000022   Code   RO         4800    i.sdk_mapped_flags_first_key_index_get  sdk_mapped_flags.o
    0x0002adde   0x00000010   Code   RO         4801    i.sdk_mapped_flags_get_by_index  sdk_mapped_flags.o
    0x0002adee   0x00000026   Code   RO         4802    i.sdk_mapped_flags_get_by_key  sdk_mapped_flags.o
    0x0002ae14   0x0000004a   Code   RO         4804    i.sdk_mapped_flags_key_list_get  sdk_mapped_flags.o
    0x0002ae5e   0x0000001e   Code   RO         4805    i.sdk_mapped_flags_n_flags_set  sdk_mapped_flags.o
    0x0002ae7c   0x0000000e   Code   RO         4806    i.sdk_mapped_flags_update_by_key  sdk_mapped_flags.o
    0x0002ae8a   0x000000a2   Code   RO         2281    i.sec_info_request_process  security_dispatcher.o
    0x0002af2c   0x0000006c   Code   RO         2282    i.sec_keyset_fill   security_dispatcher.o
    0x0002af98   0x00000076   Code   RO         2422    i.sec_params_verify  security_manager.o
    0x0002b00e   0x00000002   PAD
    0x0002b010   0x00000038   Code   RO         2283    i.sec_proc_housekeeping  security_dispatcher.o
    0x0002b048   0x00000068   Code   RO         2284    i.sec_proc_start    security_dispatcher.o
    0x0002b0b0   0x00000022   Code   RO         2285    i.send_config_req   security_dispatcher.o
    0x0002b0d2   0x00000002   PAD
    0x0002b0d4   0x00000028   Code   RO         1034    i.send_unexpected_error  gatt_cache_manager.o
    0x0002b0fc   0x00000028   Code   RO         2286    i.send_unexpected_error  security_dispatcher.o
    0x0002b124   0x00000028   Code   RO         4926    i.serial_tx         nrf_log_backend_uart.o
    0x0002b14c   0x00000044   Code   RO         1144    i.service_changed_pending_set  gatts_cache_manager.o
    0x0002b190   0x0000008c   Code   RO         1035    i.service_changed_send_in_evt  gatt_cache_manager.o
    0x0002b21c   0x00000020   Code   RO           16    i.shutdown_handler  main.o
    0x0002b23c   0x0000007c   Code   RO         4659    i.shutdown_process  nrf_pwr_mgmt.o
    0x0002b2b8   0x00000018   Code   RO         2423    i.sm_ble_evt_handler  security_manager.o
    0x0002b2d0   0x00000004   Code   RO         2424    i.sm_conn_sec_config_reply  security_manager.o
    0x0002b2d4   0x0000004c   Code   RO         2425    i.sm_init           security_manager.o
    0x0002b320   0x0000000a   Code   RO         2427    i.sm_link_secure    security_manager.o
    0x0002b32a   0x00000002   PAD
    0x0002b32c   0x00000040   Code   RO         2428    i.sm_pdb_evt_handler  security_manager.o
    0x0002b36c   0x00000034   Code   RO         2430    i.sm_sec_params_set  security_manager.o
    0x0002b3a0   0x00000060   Code   RO         2431    i.sm_smd_evt_handler  security_manager.o
    0x0002b400   0x00000118   Code   RO         2287    i.smd_ble_evt_handler  security_dispatcher.o
    0x0002b518   0x00000010   Code   RO         2288    i.smd_conn_sec_config_reply  security_dispatcher.o
    0x0002b528   0x00000058   Code   RO         2289    i.smd_init          security_dispatcher.o
    0x0002b580   0x0000006c   Code   RO         2290    i.smd_link_secure   security_dispatcher.o
    0x0002b5ec   0x000000fc   Code   RO         2291    i.smd_params_reply  security_dispatcher.o
    0x0002b6e8   0x00000040   Code   RO         2432    i.smd_params_reply_perform  security_manager.o
    0x0002b728   0x00000020   Code   RO           17    i.soc_evt_handler   main.o
    0x0002b748   0x0000000a   Code   RO         2714    i.soc_evt_handler   nrf_drv_clock.o
    0x0002b752   0x00000002   PAD
    0x0002b754   0x00000038   Code   RO         5635    i.softdevice_evt_irq_disable  nrf_sdh.o
    0x0002b78c   0x00000050   Code   RO         5636    i.softdevices_evt_irq_enable  nrf_sdh.o
    0x0002b7dc   0x00000090   Code   RO         5053    i.std_n             nrf_log_frontend.o
    0x0002b86c   0x00000080   Code   RO         3578    i.timer_list_handler  app_timer.o
    0x0002b8ec   0x0000003c   Code   RO         3579    i.timer_list_insert  app_timer.o
    0x0002b928   0x00000060   Code   RO         3580    i.timer_list_remove  app_timer.o
    0x0002b988   0x00000048   Code   RO         3581    i.timer_stop_op_schedule  app_timer.o
    0x0002b9d0   0x00000074   Code   RO         3582    i.timer_timeouts_check  app_timer.o
    0x0002ba44   0x00000048   Code   RO         2564    i.tx_buffer_process  ble_bas_c.o
    0x0002ba8c   0x00000048   Code   RO         2630    i.tx_buffer_process  ble_hrs_c.o
    0x0002bad4   0x00000020   Code   RO         3178    i.tx_byte           nrf_drv_uart.o
    0x0002baf4   0x0000001c   Code   RO         3179    i.tx_done_event     nrf_drv_uart.o
    0x0002bb10   0x0000000c   Code   RO         4927    i.uart_evt_handler  nrf_log_backend_uart.o
    0x0002bb1c   0x00000050   Code   RO         4928    i.uart_init         nrf_log_backend_uart.o
    0x0002bb6c   0x0000011e   Code   RO         3180    i.uart_irq_handler  nrf_drv_uart.o
    0x0002bc8a   0x000000f0   Code   RO         3181    i.uarte_irq_handler  nrf_drv_uart.o
    0x0002bd7a   0x00000002   PAD
    0x0002bd7c   0x00000020   Code   RO         4467    i.uninit            nrf_fstorage_sd.o
    0x0002bd9c   0x000000b4   Code   RO         4353    i.unsigned_print    nrf_fprintf_format.o
    0x0002be50   0x00000018   Code   RO          703    i.user_flag_is_acquired  ble_conn_state.o
    0x0002be68   0x00000030   Code   RO         3583    i.user_op_alloc     app_timer.o
    0x0002be98   0x00000058   Code   RO           18    i.whitelist_load    main.o
    0x0002bef0   0x00000004   Code   RO         4468    i.wmap              nrf_fstorage_sd.o
    0x0002bef4   0x00000050   Code   RO         4469    i.write             nrf_fstorage_sd.o
    0x0002bf44   0x00000024   Code   RO         1651    i.write_buf_length_words_set  peer_database.o
    0x0002bf68   0x0000009c   Code   RO         1652    i.write_buf_store   peer_database.o
    0x0002c004   0x00000034   Code   RO         1653    i.write_buffer_record_find  peer_database.o
    0x0002c038   0x00000028   Code   RO         1654    i.write_buffer_record_find_next  peer_database.o
    0x0002c060   0x0000001e   Code   RO         1655    i.write_buffer_record_invalidate  peer_database.o
    0x0002c07e   0x00000002   PAD
    0x0002c080   0x0000002c   Code   RO         1656    i.write_buffer_record_release  peer_database.o
    0x0002c0ac   0x000000e8   Code   RO         3872    i.write_enqueue     fds.o
    0x0002c194   0x000000f4   Code   RO         3873    i.write_execute     fds.o
    0x0002c288   0x00000018   Code   RO         3874    i.write_space_free  fds.o
    0x0002c2a0   0x0000005c   Code   RO         3875    i.write_space_reserve  fds.o
    0x0002c2fc   0x00000010   Data   RO           20    .constdata          main.o
    0x0002c30c   0x00000008   Data   RO          385    .constdata          boards.o
    0x0002c314   0x0000002c   Data   RO          501    .constdata          bsp.o
    0x0002c340   0x0000007c   Data   RO          853    .constdata          ble_db_discovery.o
    0x0002c3bc   0x00000050   Data   RO         1036    .constdata          gatt_cache_manager.o
    0x0002c40c   0x00000004   Data   RO         1145    .constdata          gatts_cache_manager.o
    0x0002c410   0x00000010   Data   RO         1146    .constdata          gatts_cache_manager.o
    0x0002c420   0x00000004   Data   RO         1147    .constdata          gatts_cache_manager.o
    0x0002c424   0x00000008   Data   RO         1241    .constdata          id_manager.o
    0x0002c42c   0x00000016   Data   RO         1410    .constdata          nrf_ble_gatt.o
    0x0002c442   0x00000002   PAD
    0x0002c444   0x00000018   Data   RO         1514    .constdata          peer_data_storage.o
    0x0002c45c   0x00000010   Data   RO         1658    .constdata          peer_database.o
    0x0002c46c   0x00000010   Data   RO         1934    .constdata          peer_manager.o
    0x0002c47c   0x00000068   Data   RO         2293    .constdata          security_dispatcher.o
    0x0002c4e4   0x00000004   Data   RO         2433    .constdata          security_manager.o
    0x0002c4e8   0x00000004   Data   RO         2936    .constdata          nrf_drv_gpiote.o
    0x0002c4ec   0x00000008   Data   RO         3384    .constdata          app_button.o
    0x0002c4f4   0x00000018   Data   RO         3878    .constdata          fds.o
    0x0002c50c   0x00000010   Data   RO         4354    .constdata          nrf_fprintf_format.o
    0x0002c51c   0x00000010   Data   RO         4472    .constdata          nrf_fstorage_sd.o
    0x0002c52c   0x00000020   Data   RO         4473    .constdata          nrf_fstorage_sd.o
    0x0002c54c   0x00000018   Data   RO         4661    .constdata          nrf_pwr_mgmt.o
    0x0002c564   0x0000000c   Data   RO         4662    .constdata          nrf_pwr_mgmt.o
    0x0002c570   0x00000104   Data   RO         4768    .constdata          nrf_strerror.o
    0x0002c674   0x0000000c   Data   RO         4930    .constdata          nrf_log_backend_uart.o
    0x0002c680   0x00000020   Data   RO         4931    .constdata          nrf_log_backend_uart.o
    0x0002c6a0   0x00000014   Data   RO         5056    .constdata          nrf_log_frontend.o
    0x0002c6b4   0x00000010   Data   RO         5637    .constdata          nrf_sdh.o
    0x0002c6c4   0x00000028   Data   RO         5638    .constdata          nrf_sdh.o
    0x0002c6ec   0x00000010   Data   RO         5639    .constdata          nrf_sdh.o
    0x0002c6fc   0x00000010   Data   RO         5640    .constdata          nrf_sdh.o
    0x0002c70c   0x00000020   Data   RO         5756    .constdata          nrf_sdh_ble.o
    0x0002c72c   0x00000010   Data   RO         5757    .constdata          nrf_sdh_ble.o
    0x0002c73c   0x00000010   Data   RO         5803    .constdata          nrf_sdh_soc.o
    0x0002c74c   0x0000000c   Data   RO         5804    .constdata          nrf_sdh_soc.o
    0x0002c758   0x00000081   Data   RO         5885    .constdata          mc_w.l(ctype_o.o)
    0x0002c7d9   0x00000003   PAD
    0x0002c7dc   0x00000004   Data   RO         5886    .constdata          mc_w.l(ctype_o.o)
    0x0002c7e0   0x0000012d   Data   RO         1411    .conststring        nrf_ble_gatt.o
    0x0002c90d   0x00000003   PAD
    0x0002c910   0x00000307   Data   RO         4769    .conststring        nrf_strerror.o
    0x0002cc17   0x00000001   PAD
    0x0002cc18   0x00000066   Data   RO         5223    .conststring        nrf_log_str_formatter.o
    0x0002cc7e   0x00000002   PAD
    0x0002cc80   0x000001cf   Data   RO         5758    .conststring        nrf_sdh_ble.o
    0x0002ce4f   0x00000001   PAD
    0x0002ce50   0x0000000c   Data   RO          854    .conststrlit        ble_db_discovery.o
    0x0002ce5c   0x00000009   Data   RO         1412    .conststrlit        nrf_ble_gatt.o
    0x0002ce65   0x00000003   PAD
    0x0002ce68   0x0000000a   Data   RO         2566    .conststrlit        ble_bas_c.o
    0x0002ce72   0x00000002   PAD
    0x0002ce74   0x0000000a   Data   RO         2632    .conststrlit        ble_hrs_c.o
    0x0002ce7e   0x00000002   PAD
    0x0002ce80   0x00000006   Data   RO         2720    .conststrlit        nrf_drv_clock.o
    0x0002ce86   0x00000002   PAD
    0x0002ce88   0x00000007   Data   RO         2940    .conststrlit        nrf_drv_gpiote.o
    0x0002ce8f   0x00000001   PAD
    0x0002ce90   0x00000005   Data   RO         3183    .conststrlit        nrf_drv_uart.o
    0x0002ce95   0x00000003   PAD
    0x0002ce98   0x00000007   Data   RO         4269    .conststrlit        nrf_balloc.o
    0x0002ce9f   0x00000001   PAD
    0x0002cea0   0x00000009   Data   RO         4663    .conststrlit        nrf_pwr_mgmt.o
    0x0002cea9   0x00000003   PAD
    0x0002ceac   0x00000004   Data   RO         5058    .conststrlit        nrf_log_frontend.o
    0x0002ceb0   0x00000008   Data   RO         5641    .conststrlit        nrf_sdh.o
    0x0002ceb8   0x0000000c   Data   RO         5759    .conststrlit        nrf_sdh_ble.o
    0x0002cec4   0x0000000c   Data   RO         5805    .conststrlit        nrf_sdh_soc.o
    0x0002ced0   0x00000020   Data   RO         5948    Region$$Table       anon$$obj.o
    0x0002cef0   0x00000008   Data   RO          856    log_const_data      ble_db_discovery.o
    0x0002cef8   0x00000008   Data   RO         1413    log_const_data      nrf_ble_gatt.o
    0x0002cf00   0x00000008   Data   RO         2568    log_const_data      ble_bas_c.o
    0x0002cf08   0x00000008   Data   RO         2634    log_const_data      ble_hrs_c.o
    0x0002cf10   0x00000008   Data   RO         2721    log_const_data      nrf_drv_clock.o
    0x0002cf18   0x00000008   Data   RO         2941    log_const_data      nrf_drv_gpiote.o
    0x0002cf20   0x00000008   Data   RO         3184    log_const_data      nrf_drv_uart.o
    0x0002cf28   0x00000008   Data   RO         4270    log_const_data      nrf_balloc.o
    0x0002cf30   0x00000008   Data   RO         4665    log_const_data      nrf_pwr_mgmt.o
    0x0002cf38   0x00000008   Data   RO         5062    log_const_data      nrf_log_frontend.o
    0x0002cf40   0x00000008   Data   RO         5643    log_const_data      nrf_sdh.o
    0x0002cf48   0x00000008   Data   RO         5760    log_const_data      nrf_sdh_ble.o
    0x0002cf50   0x00000008   Data   RO         5806    log_const_data      nrf_sdh_soc.o
    0x0002cf58   0x00000004   Data   RO           22    pwr_mgmt_data1      main.o
    0x0002cf5c   0x00000008   Data   RO          705    sdh_ble_observers0  ble_conn_state.o
    0x0002cf64   0x00000010   Data   RO           23    sdh_ble_observers1  main.o
    0x0002cf74   0x00000008   Data   RO          607    sdh_ble_observers1  bsp_btn_ble.o
    0x0002cf7c   0x00000008   Data   RO         1936    sdh_ble_observers1  peer_manager.o
    0x0002cf84   0x00000010   Data   RO           24    sdh_ble_observers2  main.o
    0x0002cf94   0x00000008   Data   RO           25    sdh_ble_observers3  main.o
    0x0002cf9c   0x00000008   Data   RO         4475    sdh_req_observers0  nrf_fstorage_sd.o
    0x0002cfa4   0x00000008   Data   RO         2723    sdh_soc_observers0  nrf_drv_clock.o
    0x0002cfac   0x00000008   Data   RO         4476    sdh_soc_observers0  nrf_fstorage_sd.o
    0x0002cfb4   0x00000008   Data   RO           26    sdh_soc_observers1  main.o
    0x0002cfbc   0x00000008   Data   RO         5762    sdh_stack_observers0  nrf_sdh_ble.o
    0x0002cfc4   0x00000008   Data   RO         5808    sdh_stack_observers0  nrf_sdh_soc.o
    0x0002cfcc   0x00000008   Data   RO         2724    sdh_state_observers0  nrf_drv_clock.o
    0x0002cfd4   0x00000008   Data   RO         4477    sdh_state_observers0  nrf_fstorage_sd.o


    Execution Region RW_IRAM1 (Base: 0x200029a0, Size: 0x00003588, Max: 0x0000d660, ABSOLUTE, COMPRESSED[0x00000058])

    Base Addr    Size         Type   Attr      Idx    E Section Name        Object

    0x200029a0   0x000002da   Data   RW           21    .data               main.o
    0x20002c7a   0x00000002   PAD
    0x20002c7c   0x00000010   Data   RW          502    .data               bsp.o
    0x20002c8c   0x00000008   Data   RW          606    .data               bsp_btn_ble.o
    0x20002c94   0x00000010   Data   RW          855    .data               ble_db_discovery.o
    0x20002ca4   0x0000000c   Data   RW         1037    .data               gatt_cache_manager.o
    0x20002cb0   0x00000006   Data   RW         1148    .data               gatts_cache_manager.o
    0x20002cb6   0x00000003   Data   RW         1242    .data               id_manager.o
    0x20002cb9   0x00000003   PAD
    0x20002cbc   0x0000000c   Data   RW         1515    .data               peer_data_storage.o
    0x20002cc8   0x00000008   Data   RW         1659    .data               peer_database.o
    0x20002cd0   0x00000010   Data   RW         1935    .data               peer_manager.o
    0x20002ce0   0x00000006   Data   RW         2294    .data               security_dispatcher.o
    0x20002ce6   0x00000002   PAD
    0x20002ce8   0x00000015   Data   RW         2434    .data               security_manager.o
    0x20002cfd   0x00000003   PAD
    0x20002d00   0x00000008   Data   RW         2567    .data               ble_bas_c.o
    0x20002d08   0x00000008   Data   RW         2633    .data               ble_hrs_c.o
    0x20002d10   0x00000014   Data   RW         3385    .data               app_button.o
    0x20002d24   0x00000014   Data   RW         3585    .data               app_timer.o
    0x20002d38   0x00000030   Data   RW         3879    .data               fds.o
    0x20002d68   0x00000008   Data   RW         4474    .data               nrf_fstorage_sd.o
    0x20002d70   0x00000008   Data   RW         4664    .data               nrf_pwr_mgmt.o
    0x20002d78   0x0000000c   Data   RW         4932    .data               nrf_log_backend_uart.o
    0x20002d84   0x0000000c   Data   RW         4995    .data               nrf_log_default_backends.o
    0x20002d90   0x00000008   Data   RW         5060    .data               nrf_log_frontend.o
    0x20002d98   0x00000008   Data   RW         5061    .data               nrf_log_frontend.o
    0x20002da0   0x00000038   Data   RW         5224    .data               nrf_log_str_formatter.o
    0x20002dd8   0x00000003   Data   RW         5642    .data               nrf_sdh.o
    0x20002ddb   0x00000001   PAD
    0x20002ddc   0x00000004   Data   RW         5843    .data               system_nrf52.o
    0x20002de0   0x00000014   Data   RW         3880    fs_data             fds.o
    0x20002df4   0x0000000c   Data   RW          857    log_dynamic_data    ble_db_discovery.o
    0x20002e00   0x0000000c   Data   RW         1414    log_dynamic_data    nrf_ble_gatt.o
    0x20002e0c   0x0000000c   Data   RW         2569    log_dynamic_data    ble_bas_c.o
    0x20002e18   0x0000000c   Data   RW         2635    log_dynamic_data    ble_hrs_c.o
    0x20002e24   0x0000000c   Data   RW         2722    log_dynamic_data    nrf_drv_clock.o
    0x20002e30   0x0000000c   Data   RW         2942    log_dynamic_data    nrf_drv_gpiote.o
    0x20002e3c   0x0000000c   Data   RW         3185    log_dynamic_data    nrf_drv_uart.o
    0x20002e48   0x0000000c   Data   RW         4271    log_dynamic_data    nrf_balloc.o
    0x20002e54   0x0000000c   Data   RW         4666    log_dynamic_data    nrf_pwr_mgmt.o
    0x20002e60   0x0000000c   Data   RW         5063    log_dynamic_data    nrf_log_frontend.o
    0x20002e6c   0x0000000c   Data   RW         5644    log_dynamic_data    nrf_sdh.o
    0x20002e78   0x0000000c   Data   RW         5761    log_dynamic_data    nrf_sdh_ble.o
    0x20002e84   0x0000000c   Data   RW         5807    log_dynamic_data    nrf_sdh_soc.o
    0x20002e90   0x0000002c   Zero   RW           19    .bss                main.o
    0x20002ebc   0x00000020   Zero   RW          497    .bss                bsp.o
    0x20002edc   0x00000020   Zero   RW          498    .bss                bsp.o
    0x20002efc   0x0000000c   Zero   RW          499    .bss                bsp.o
    0x20002f08   0x00000020   Zero   RW          500    .bss                bsp.o
    0x20002f28   0x000000b8   Zero   RW          704    .bss                ble_conn_state.o
    0x20002fe0   0x00000318   Zero   RW          852    .bss                ble_db_discovery.o
    0x200032f8   0x00000100   Zero   RW         1240    .bss                id_manager.o
    0x200033f8   0x000000d0   Zero   RW         1657    .bss                peer_database.o
    0x200034c8   0x00000040   Zero   RW         1813    .bss                peer_id.o
    0x20003508   0x0000000c   Zero   RW         1933    .bss                peer_manager.o
    0x20003514   0x00000040   Zero   RW         2292    .bss                security_dispatcher.o
    0x20003554   0x000000a0   Zero   RW         2565    .bss                ble_bas_c.o
    0x200035f4   0x000000a0   Zero   RW         2631    .bss                ble_hrs_c.o
    0x20003694   0x00000014   Zero   RW         2715    .bss                nrf_drv_clock.o
    0x200036a8   0x00000058   Zero   RW         2935    .bss                nrf_drv_gpiote.o
    0x20003700   0x00000020   Zero   RW         3182    .bss                nrf_drv_uart.o
    0x20003720   0x00000020   Zero   RW         3383    .bss                app_button.o
    0x20003740   0x0000010c   Zero   RW         3584    .bss                app_timer.o
    0x2000384c   0x0000000c   Zero   RW         3733    .bss                app_util_platform.o
    0x20003858   0x000000e0   Zero   RW         3876    .bss                fds.o
    0x20003938   0x00000010   Zero   RW         3877    .bss                fds.o
    0x20003948   0x000000a0   Zero   RW         4470    .bss                nrf_fstorage_sd.o
    0x200039e8   0x00000010   Zero   RW         4471    .bss                nrf_fstorage_sd.o
    0x200039f8   0x0000000c   Zero   RW         4660    .bss                nrf_pwr_mgmt.o
    0x20003a04   0x00000040   Zero   RW         4929    .bss                nrf_log_backend_uart.o
    0x20003a44   0x000000c0   Zero   RW         5054    .bss                nrf_log_frontend.o
    0x20003b04   0x00000420   Zero   RW         5055    .bss                nrf_log_frontend.o
    0x20003f24   0x00000004   PAD
    0x20003f28   0x00002000   Zero   RW         5831    STACK               arm_startup_nrf52.o


==============================================================================

Image component sizes


      Code (inc. data)   RO Data    RW Data    ZI Data      Debug   Object Name

       332         34          8         20         32       9770   app_button.o
        22          0          0          0          0       2005   app_error.o
       120         40          0          0          0      27345   app_error_weak.o
         0          0          0          0          0      20980   app_scheduler.o
      1630        122          0         20        268      46607   app_timer.o
       124         14          0          0         12       8854   app_util_platform.o
        36          8        512          0       8192        884   arm_startup_nrf52.o
       586         26         18         20        160       8152   ble_bas_c.o
       552         52          8          0        184       9465   ble_conn_state.o
      1658         78        144         28        792      25323   ble_db_discovery.o
       518         18         18         20        160      29053   ble_hrs_c.o
       318         42          8          0          0      12680   boards.o
       960         84         44         16        108      14583   bsp.o
       252         10          8          8          0       4500   bsp_btn_ble.o
      3726        332         24         68        240      49566   fds.o
      1028         74         80         12          0      18129   gatt_cache_manager.o
       490         38         24          6          0       8671   gatts_cache_manager.o
      1686         76          8          3        256      22055   id_manager.o
      2482        728         68        730         44     142611   main.o
       342          0          0          0          0       6090   nrf_atfifo.o
       164          0         15         12          0       3633   nrf_balloc.o
       658         44        340         12          0      31696   nrf_ble_gatt.o
       408         40         30         12         20      40407   nrf_drv_clock.o
        56          0          0          0          0      27491   nrf_drv_common.o
      1178         84         19         12         88      29306   nrf_drv_gpiote.o
      1784         60         13         12         32      38626   nrf_drv_uart.o
        50          0          0          0          0       3337   nrf_fprintf.o
       850          4         16          0          0       5182   nrf_fprintf_format.o
       312         10          0          0          0       5636   nrf_fstorage.o
       926         72         72          8        176      17999   nrf_fstorage_sd.o
       210          0          0          0          0      10819   nrf_log_backend_serial.o
       188         36         44         12         64      11822   nrf_log_backend_uart.o
        28          6          0         12          0       3023   nrf_log_default_backends.o
      1492         88         32         28       1248      30748   nrf_log_frontend.o
       506         66        102         56          0       5216   nrf_log_str_formatter.o
       494          0          0          0          0      12551   nrf_memobj.o
       450         42         53         20         12      40935   nrf_pwr_mgmt.o
       600         60        104         15          0      49420   nrf_sdh.o
       660        160        539         12          0       5649   nrf_sdh_ble.o
        60          4         56         12          0       2444   nrf_sdh_soc.o
        78          0          0          0          0       2552   nrf_section_iter.o
        76         10       1035          0          0       2539   nrf_strerror.o
      1034         46         24         12          0      16032   peer_data_storage.o
      1268         62         16          8        208      23482   peer_database.o
       336         38          0          0         64       8471   peer_id.o
      1110        108         24         16         12      20529   peer_manager.o
       242          0          0          0          0       4191   pm_buffer.o
       226          0          0          0          0       5009   pm_mutex.o
       274          0          0          0          0       6771   sdk_mapped_flags.o
      2060         92        104          6         64      28618   security_dispatcher.o
      1132         56          4         21          0      45249   security_manager.o
       796         70          0          4          0       2895   system_nrf52.o

    ----------------------------------------------------------------------
     36656       3034       3672       1264      12440    1009601   Object Totals
         0          0         32          0          0          0   (incl. Generated)
        88          0         26         11          4          0   (incl. Padding)

    ----------------------------------------------------------------------

      Code (inc. data)   RO Data    RW Data    ZI Data      Debug   Library Member Name

        86          0          0          0          0          0   __dczerorl2.o
         8          4        133          0          0         68   ctype_o.o
         0          0          0          0          0          0   entry.o
         0          0          0          0          0          0   entry10a.o
         0          0          0          0          0          0   entry11a.o
         8          4          0          0          0          0   entry2.o
         4          0          0          0          0          0   entry5.o
         0          0          0          0          0          0   entry7b.o
         0          0          0          0          0          0   entry8b.o
         8          4          0          0          0          0   entry9a.o
        30          0          0          0          0          0   handlers.o
        36          8          0          0          0         68   init.o
        30          0          0          0          0         68   llshl.o
        32          0          0          0          0         68   llushr.o
        26          0          0          0          0         80   memcmp.o
        36          0          0          0          0         68   memcpya.o
        36          0          0          0          0        108   memseta.o
        14          0          0          0          0         68   strlen.o
        98          0          0          0          0         92   uldiv.o

    ----------------------------------------------------------------------
       460         20        136          0          0        688   Library Totals
         8          0          3          0          0          0   (incl. Padding)

    ----------------------------------------------------------------------

      Code (inc. data)   RO Data    RW Data    ZI Data      Debug   Library Name

       452         20        133          0          0        688   mc_w.l

    ----------------------------------------------------------------------
       460         20        136          0          0        688   Library Totals

    ----------------------------------------------------------------------

==============================================================================


      Code (inc. data)   RO Data    RW Data    ZI Data      Debug   

     37116       3054       3808       1264      12440     961365   Grand Totals
     37116       3054       3808         88      12440     961365   ELF Image Totals (compressed)
     37116       3054       3808         88          0          0   ROM Totals

==============================================================================

    Total RO  Size (Code + RO Data)                40924 (  39.96kB)
    Total RW  Size (RW Data + ZI Data)             13704 (  13.38kB)
    Total ROM Size (Code + RO Data + RW Data)      41012 (  40.05kB)

==============================================================================

