Component: ARM Compiler 5.05 update 2 (build 169) Tool: armlink [4d0f33]

==============================================================================

Section Cross References

    main.o(i.adv_scan_start) refers to nrf_fstorage.o(i.nrf_fstorage_is_busy) for nrf_fstorage_is_busy
    main.o(i.adv_scan_start) refers to main.o(i.scan_start) for scan_start
    main.o(i.adv_scan_start) refers to boards.o(i.bsp_board_led_on) for bsp_board_led_on
    main.o(i.adv_scan_start) refers to ble_advertising.o(i.ble_advertising_start) for ble_advertising_start
    main.o(i.adv_scan_start) refers to app_error.o(i.app_error_handler) for app_error_handler
    main.o(i.adv_scan_start) refers to main.o(.bss) for .bss
    main.o(i.advertising_init) refers to memseta.o(.text) for __aeabi_memclr4
    main.o(i.advertising_init) refers to ble_advertising.o(i.ble_advertising_init) for ble_advertising_init
    main.o(i.advertising_init) refers to app_error.o(i.app_error_handler) for app_error_handler
    main.o(i.advertising_init) refers to ble_advertising.o(i.ble_advertising_conn_cfg_tag_set) for ble_advertising_conn_cfg_tag_set
    main.o(i.advertising_init) refers to main.o(.data) for .data
    main.o(i.advertising_init) refers to main.o(i.on_adv_evt) for on_adv_evt
    main.o(i.advertising_init) refers to main.o(.bss) for .bss
    main.o(i.advertising_init) refers to main.o(i.main) for i.main
    main.o(i.assert_nrf_callback) refers to app_error.o(i.app_error_handler) for app_error_handler
    main.o(i.ble_evt_handler) refers to ble_conn_state.o(i.ble_conn_state_role) for ble_conn_state_role
    main.o(i.ble_evt_handler) refers to main.o(i.on_ble_central_evt) for on_ble_central_evt
    main.o(i.ble_evt_handler) refers to main.o(i.on_ble_peripheral_evt) for on_ble_peripheral_evt
    main.o(i.ble_nus_c_evt_handler) refers to nrf_log_frontend.o(i.nrf_log_frontend_std_0) for nrf_log_frontend_std_0
    main.o(i.ble_nus_c_evt_handler) refers to nrf_log_frontend.o(i.nrf_log_frontend_std_1) for nrf_log_frontend_std_1
    main.o(i.ble_nus_c_evt_handler) refers to ble_nus_c.o(i.ble_nus_c_handles_assign) for ble_nus_c_handles_assign
    main.o(i.ble_nus_c_evt_handler) refers to app_error.o(i.app_error_handler) for app_error_handler
    main.o(i.ble_nus_c_evt_handler) refers to ble_nus_c.o(i.ble_nus_c_tx_notif_enable) for ble_nus_c_tx_notif_enable
    main.o(i.ble_nus_c_evt_handler) refers to nrf_log_frontend.o(log_dynamic_data) for m_nrf_log_app_logs_data_dynamic
    main.o(i.ble_nus_c_evt_handler) refers to main.o(.bss) for .bss
    main.o(i.ble_stack_init) refers to nrf_sdh.o(i.nrf_sdh_enable_request) for nrf_sdh_enable_request
    main.o(i.ble_stack_init) refers to app_error.o(i.app_error_handler) for app_error_handler
    main.o(i.ble_stack_init) refers to nrf_sdh_ble.o(i.nrf_sdh_ble_default_cfg_set) for nrf_sdh_ble_default_cfg_set
    main.o(i.ble_stack_init) refers to nrf_sdh_ble.o(i.nrf_sdh_ble_enable) for nrf_sdh_ble_enable
    main.o(i.ble_stack_init) refers to main.o(i.main) for i.main
    main.o(i.conn_params_error_handler) refers to app_error.o(i.app_error_handler) for app_error_handler
    main.o(i.db_disc_handler) refers to nrf_log_frontend.o(i.nrf_log_frontend_std_2) for nrf_log_frontend_std_2
    main.o(i.db_disc_handler) refers to ble_nus_c.o(i.ble_nus_c_on_db_disc_evt) for ble_nus_c_on_db_disc_evt
    main.o(i.db_disc_handler) refers to nrf_log_frontend.o(log_dynamic_data) for m_nrf_log_app_logs_data_dynamic
    main.o(i.db_disc_handler) refers to main.o(.bss) for .bss
    main.o(i.gap_params_init) refers to app_error.o(i.app_error_handler) for app_error_handler
    main.o(i.gap_params_init) refers to main.o(i.main) for i.main
    main.o(i.gatt_evt_handler) refers to nrf_log_frontend.o(i.nrf_log_frontend_std_0) for nrf_log_frontend_std_0
    main.o(i.gatt_evt_handler) refers to nrf_log_frontend.o(log_dynamic_data) for m_nrf_log_app_logs_data_dynamic
    main.o(i.main) refers to nrf_log_frontend.o(i.nrf_log_init) for nrf_log_init
    main.o(i.main) refers to app_error.o(i.app_error_handler) for app_error_handler
    main.o(i.main) refers to nrf_log_default_backends.o(i.nrf_log_default_backends_init) for nrf_log_default_backends_init
    main.o(i.main) refers to app_timer.o(i.app_timer_init) for app_timer_init
    main.o(i.main) refers to bsp.o(i.bsp_init) for bsp_init
    main.o(i.main) refers to bsp_btn_ble.o(i.bsp_btn_ble_init) for bsp_btn_ble_init
    main.o(i.main) refers to main.o(i.ble_stack_init) for ble_stack_init
    main.o(i.main) refers to main.o(i.gap_params_init) for gap_params_init
    main.o(i.main) refers to nrf_ble_gatt.o(i.nrf_ble_gatt_init) for nrf_ble_gatt_init
    main.o(i.main) refers to nrf_ble_gatt.o(i.nrf_ble_gatt_att_mtu_central_set) for nrf_ble_gatt_att_mtu_central_set
    main.o(i.main) refers to memseta.o(.text) for __aeabi_memclr4
    main.o(i.main) refers to ble_conn_params.o(i.ble_conn_params_init) for ble_conn_params_init
[...]
    nrf_log_backend_serial_put               0x00028c05   Thumb Code   210  nrf_log_backend_serial.o(i.nrf_log_backend_serial_put)
    nrf_log_backend_uart_init                0x00028cd9   Thumb Code     6  nrf_log_backend_uart.o(i.nrf_log_backend_uart_init)
    nrf_log_color_id_get                     0x00028d11   Thumb Code    42  nrf_log_frontend.o(i.nrf_log_color_id_get)
    nrf_log_default_backends_init            0x00028d41   Thumb Code    22  nrf_log_default_backends.o(i.nrf_log_default_backends_init)
    nrf_log_frontend_dequeue                 0x00028d5d   Thumb Code   488  nrf_log_frontend.o(i.nrf_log_frontend_dequeue)
    nrf_log_frontend_std_0                   0x00028f4d   Thumb Code     8  nrf_log_frontend.o(i.nrf_log_frontend_std_0)
    nrf_log_frontend_std_1                   0x00028f55   Thumb Code    14  nrf_log_frontend.o(i.nrf_log_frontend_std_1)
    nrf_log_frontend_std_2                   0x00028f63   Thumb Code    16  nrf_log_frontend.o(i.nrf_log_frontend_std_2)
    nrf_log_frontend_std_3                   0x00028f73   Thumb Code    18  nrf_log_frontend.o(i.nrf_log_frontend_std_3)
    nrf_log_frontend_std_4                   0x00028f85   Thumb Code    20  nrf_log_frontend.o(i.nrf_log_frontend_std_4)
    nrf_log_hexdump_entry_process            0x00028f99   Thumb Code   146  nrf_log_str_formatter.o(i.nrf_log_hexdump_entry_process)
    nrf_log_init                             0x00029045   Thumb Code    70  nrf_log_frontend.o(i.nrf_log_init)
    nrf_log_module_cnt_get                   0x000290a1   Thumb Code    10  nrf_log_frontend.o(i.nrf_log_module_cnt_get)
    nrf_log_module_name_get                  0x000290b5   Thumb Code    24  nrf_log_frontend.o(i.nrf_log_module_name_get)
    nrf_log_panic                            0x000290d1   Thumb Code    34  nrf_log_frontend.o(i.nrf_log_panic)
    nrf_log_std_entry_process                0x000290f9   Thumb Code   182  nrf_log_str_formatter.o(i.nrf_log_std_entry_process)
    nrf_memobj_alloc                         0x000291af   Thumb Code    96  nrf_memobj.o(i.nrf_memobj_alloc)
    nrf_memobj_free                          0x0002920f   Thumb Code    50  nrf_memobj.o(i.nrf_memobj_free)
    nrf_memobj_get                           0x00029241   Thumb Code    14  nrf_memobj.o(i.nrf_memobj_get)
    nrf_memobj_pool_init                     0x0002924f   Thumb Code     4  nrf_memobj.o(i.nrf_memobj_pool_init)
    nrf_memobj_put                           0x00029253   Thumb Code    34  nrf_memobj.o(i.nrf_memobj_put)
    nrf_memobj_read                          0x00029275   Thumb Code    12  nrf_memobj.o(i.nrf_memobj_read)
    nrf_memobj_write                         0x00029281   Thumb Code    12  nrf_memobj.o(i.nrf_memobj_write)
    nrf_sdh_ble_app_ram_start_get            0x0002928d   Thumb Code    16  nrf_sdh_ble.o(i.nrf_sdh_ble_app_ram_start_get)
    nrf_sdh_ble_default_cfg_set              0x000292a1   Thumb Code   316  nrf_sdh_ble.o(i.nrf_sdh_ble_default_cfg_set)
    nrf_sdh_ble_enable                       0x000293f9   Thumb Code    96  nrf_sdh_ble.o(i.nrf_sdh_ble_enable)
    nrf_sdh_disable_request                  0x00029565   Thumb Code    54  nrf_sdh.o(i.nrf_sdh_disable_request)
    nrf_sdh_enable_request                   0x000295a1   Thumb Code    72  nrf_sdh.o(i.nrf_sdh_enable_request)
    nrf_sdh_evts_poll                        0x000295f5   Thumb Code    32  nrf_sdh.o(i.nrf_sdh_evts_poll)
    nrf_sdh_is_enabled                       0x00029619   Thumb Code     6  nrf_sdh.o(i.nrf_sdh_is_enabled)
    nrf_sdh_request_continue                 0x00029625   Thumb Code    22  nrf_sdh.o(i.nrf_sdh_request_continue)
    nrf_section_iter_init                    0x000296c1   Thumb Code    10  nrf_section_iter.o(i.nrf_section_iter_init)
    nrf_section_iter_next                    0x000296ef   Thumb Code    32  nrf_section_iter.o(i.nrf_section_iter_next)
    nrf_strerror_find                        0x00029711   Thumb Code    52  nrf_strerror.o(i.nrf_strerror_find)
    nrf_strerror_get                         0x00029749   Thumb Code    14  nrf_strerror.o(i.nrf_strerror_get)
    on_adv_report                            0x00029851   Thumb Code   112  main.o(i.on_adv_report)
    pdb_init                                 0x0002a2e1   Thumb Code    64  peer_database.o(i.pdb_init)
    pdb_next_deleted_peer_id_get             0x0002a329   Thumb Code     4  peer_database.o(i.pdb_next_deleted_peer_id_get)
    pdb_next_peer_id_get                     0x0002a32d   Thumb Code     4  peer_database.o(i.pdb_next_peer_id_get)
    pdb_pds_evt_handler                      0x0002a331   Thumb Code   110  peer_database.o(i.pdb_pds_evt_handler)
    pdb_peer_allocate                        0x0002a3a9   Thumb Code     4  peer_database.o(i.pdb_peer_allocate)
    pdb_peer_data_load                       0x0002a3ad   Thumb Code    16  peer_database.o(i.pdb_peer_data_load)
    pdb_peer_data_ptr_get                    0x0002a3bd   Thumb Code     6  peer_database.o(i.pdb_peer_data_ptr_get)
    pdb_peer_free                            0x0002a3c3   Thumb Code    68  peer_database.o(i.pdb_peer_free)
    pdb_raw_store                            0x0002a407   Thumb Code     8  peer_database.o(i.pdb_raw_store)
    pdb_write_buf_get                        0x0002a411   Thumb Code   256  peer_database.o(i.pdb_write_buf_get)
    pdb_write_buf_release                    0x0002a515   Thumb Code    40  peer_database.o(i.pdb_write_buf_release)
    pdb_write_buf_store                      0x0002a53d   Thumb Code    40  peer_database.o(i.pdb_write_buf_store)
    pdb_write_buf_store_prepare              0x0002a565   Thumb Code    98  peer_database.o(i.pdb_write_buf_store_prepare)
    pds_init                                 0x0002a5dd   Thumb Code    98  peer_data_storage.o(i.pds_init)
    pds_next_deleted_peer_id_get             0x0002a649   Thumb Code     4  peer_data_storage.o(i.pds_next_deleted_peer_id_get)
    pds_next_peer_id_get                     0x0002a64d   Thumb Code     4  peer_data_storage.o(i.pds_next_peer_id_get)
    pds_peer_data_iterate                    0x0002a651   Thumb Code    84  peer_data_storage.o(i.pds_peer_data_iterate)
    pds_peer_data_iterate_prepare            0x0002a6a9   Thumb Code    10  peer_data_storage.o(i.pds_peer_data_iterate_prepare)
    pds_peer_data_read                       0x0002a6b9   Thumb Code   104  peer_data_storage.o(i.pds_peer_data_read)
    pds_peer_data_store                      0x0002a721   Thumb Code   150  peer_data_storage.o(i.pds_peer_data_store)
    pds_peer_id_allocate                     0x0002a7b7   Thumb Code     8  peer_data_storage.o(i.pds_peer_id_allocate)
    pds_peer_id_free                         0x0002a7bf   Thumb Code    22  peer_data_storage.o(i.pds_peer_id_free)
    pds_peer_id_is_allocated                 0x0002a7d5   Thumb Code     4  peer_data_storage.o(i.pds_peer_id_is_allocated)
    pds_space_reserve                        0x0002a7d9   Thumb Code    46  peer_data_storage.o(i.pds_space_reserve)
    pds_space_reserve_cancel                 0x0002a807   Thumb Code    16  peer_data_storage.o(i.pds_space_reserve_cancel)
    peer_id_allocate                         0x0002a91d   Thumb Code     6  peer_id.o(i.peer_id_allocate)
    peer_id_delete                           0x0002a929   Thumb Code    32  peer_id.o(i.peer_id_delete)
    peer_id_free                             0x0002a94d   Thumb Code    24  peer_id.o(i.peer_id_free)
    peer_id_get_next_deleted                 0x0002a969   Thumb Code     6  peer_id.o(i.peer_id_get_next_deleted)
    peer_id_get_next_used                    0x0002a975   Thumb Code    42  peer_id.o(i.peer_id_get_next_used)
    peer_id_init                             0x0002a9a5   Thumb Code    36  peer_id.o(i.peer_id_init)
    peer_id_is_allocated                     0x0002a9cd   Thumb Code    16  peer_id.o(i.peer_id_is_allocated)
    peer_id_is_deleted                       0x0002a9e1   Thumb Code    16  peer_id.o(i.peer_id_is_deleted)
    pm_buffer_block_acquire                  0x0002ac15   Thumb Code    92  pm_buffer.o(i.pm_buffer_block_acquire)
    pm_buffer_init                           0x0002ac71   Thumb Code    64  pm_buffer.o(i.pm_buffer_init)
    pm_buffer_ptr_get                        0x0002acb1   Thumb Code    40  pm_buffer.o(i.pm_buffer_ptr_get)
    pm_buffer_release                        0x0002acd9   Thumb Code    46  pm_buffer.o(i.pm_buffer_release)
    pm_conn_sec_config_reply                 0x0002ad07   Thumb Code    10  peer_manager.o(i.pm_conn_sec_config_reply)
    pm_gcm_evt_handler                       0x0002ae55   Thumb Code     4  peer_manager.o(i.pm_gcm_evt_handler)
    pm_im_evt_handler                        0x0002ae59   Thumb Code    30  peer_manager.o(i.pm_im_evt_handler)
    pm_init                                  0x0002ae7d   Thumb Code    84  peer_manager.o(i.pm_init)
    pm_local_database_has_changed            0x0002aed5   Thumb Code    14  peer_manager.o(i.pm_local_database_has_changed)
    pm_mutex_init                            0x0002aee9   Thumb Code    14  pm_mutex.o(i.pm_mutex_init)
    pm_mutex_lock                            0x0002aef7   Thumb Code    26  pm_mutex.o(i.pm_mutex_lock)
    pm_mutex_lock_first_available            0x0002af11   Thumb Code    54  pm_mutex.o(i.pm_mutex_lock_first_available)
    pm_mutex_lock_status_get                 0x0002af47   Thumb Code    24  pm_mutex.o(i.pm_mutex_lock_status_get)
    pm_mutex_unlock                          0x0002af5f   Thumb Code    58  pm_mutex.o(i.pm_mutex_unlock)
    pm_pdb_evt_handler                       0x0002af99   Thumb Code   276  peer_manager.o(i.pm_pdb_evt_handler)
    pm_peer_delete                           0x0002b0b1   Thumb Code    14  peer_manager.o(i.pm_peer_delete)
    pm_peer_ranks_get                        0x0002b0c5   Thumb Code   176  peer_manager.o(i.pm_peer_ranks_get)
    pm_peers_delete                          0x0002b17d   Thumb Code    98  peer_manager.o(i.pm_peers_delete)
    pm_register                              0x0002b1e5   Thumb Code    34  peer_manager.o(i.pm_register)
    pm_sec_params_set                        0x0002b211   Thumb Code    14  peer_manager.o(i.pm_sec_params_set)
    pm_sm_evt_handler                        0x0002b225   Thumb Code    46  peer_manager.o(i.pm_sm_evt_handler)
    sdk_mapped_flags_bulk_update_by_key      0x0002b98d   Thumb Code    68  sdk_mapped_flags.o(i.sdk_mapped_flags_bulk_update_by_key)
    sdk_mapped_flags_first_key_index_get     0x0002b9d1   Thumb Code    34  sdk_mapped_flags.o(i.sdk_mapped_flags_first_key_index_get)
    sdk_mapped_flags_get_by_key              0x0002ba03   Thumb Code    38  sdk_mapped_flags.o(i.sdk_mapped_flags_get_by_key)
    sdk_mapped_flags_key_list_get            0x0002ba29   Thumb Code    74  sdk_mapped_flags.o(i.sdk_mapped_flags_key_list_get)
    sdk_mapped_flags_n_flags_set             0x0002ba73   Thumb Code    30  sdk_mapped_flags.o(i.sdk_mapped_flags_n_flags_set)
    sdk_mapped_flags_update_by_key           0x0002ba91   Thumb Code    14  sdk_mapped_flags.o(i.sdk_mapped_flags_update_by_key)
    sm_ble_evt_handler                       0x0002bed1   Thumb Code    18  security_manager.o(i.sm_ble_evt_handler)
    sm_conn_sec_config_reply                 0x0002bee9   Thumb Code     4  security_manager.o(i.sm_conn_sec_config_reply)
    sm_init                                  0x0002beed   Thumb Code    70  security_manager.o(i.sm_init)
    sm_pdb_evt_handler                       0x0002bf39   Thumb Code    60  security_manager.o(i.sm_pdb_evt_handler)
    sm_sec_params_set                        0x0002bf79   Thumb Code    46  security_manager.o(i.sm_sec_params_set)
    sm_smd_evt_handler                       0x0002bfad   Thumb Code    92  security_manager.o(i.sm_smd_evt_handler)
    smd_ble_evt_handler                      0x0002c00d   Thumb Code   272  security_dispatcher.o(i.smd_ble_evt_handler)
    smd_conn_sec_config_reply                0x0002c125   Thumb Code    10  security_dispatcher.o(i.smd_conn_sec_config_reply)
    smd_init                                 0x0002c135   Thumb Code    84  security_dispatcher.o(i.smd_init)
    smd_link_secure                          0x0002c18d   Thumb Code   102  security_dispatcher.o(i.smd_link_secure)
    smd_params_reply                         0x0002c1f9   Thumb Code   242  security_dispatcher.o(i.smd_params_reply)
    write_buf_store                          0x0002cd7d   Thumb Code   146  peer_database.o(i.write_buf_store)
    m_connection_param                       0x0002d120   Data           8  main.o(.constdata)
    nrf_fstorage_sd                          0x0002d390   Data          32  nrf_fstorage_sd.o(.constdata)
    nrf_log_backend_uart_api                 0x0002d4b4   Data          12  nrf_log_backend_uart.o(.constdata)
    m_ram_start                              0x0002d56c   Data           4  nrf_sdh_ble.o(.constdata)
    __ctype_table                            0x0002d598   Data         129  ctype_o.o(.constdata)
    Region$$Table$$Base                      0x0002dd70   Number         0  anon$$obj.o(Region$$Table)
    Region$$Table$$Limit                     0x0002dd90   Number         0  anon$$obj.o(Region$$Table)
    log_const_data$$Base                     0x0002dd90   Number         0  ble_db_discovery.o(log_const_data)
    m_nrf_log_ble_db_disc_logs_data_const    0x0002dd90   Data           8  ble_db_discovery.o(log_const_data)
    m_nrf_log_ble_gatt_logs_data_const       0x0002dd98   Data           8  nrf_ble_gatt.o(log_const_data)
    m_nrf_log_ble_hrs_c_logs_data_const      0x0002dda0   Data           8  ble_hrs_c.o(log_const_data)
    m_nrf_log_ble_rscs_c_logs_data_const     0x0002dda8   Data           8  ble_rscs_c.o(log_const_data)
    m_nrf_log_ble_nus_logs_data_const        0x0002ddb0   Data           8  ble_nus_c.o(log_const_data)
    m_nrf_log_clock_logs_data_const          0x0002ddb8   Data           8  nrf_drv_clock.o(log_const_data)
    m_nrf_log_gpiote_logs_data_const         0x0002ddc0   Data           8  nrf_drv_gpiote.o(log_const_data)
    m_nrf_log_uart_logs_data_const           0x0002ddc8   Data           8  nrf_drv_uart.o(log_const_data)
    m_nrf_log_balloc_logs_data_const         0x0002ddd0   Data           8  nrf_balloc.o(log_const_data)
    m_nrf_log_pwr_mgmt_logs_data_const       0x0002ddd8   Data           8  nrf_pwr_mgmt.o(log_const_data)
    m_nrf_log_app_logs_data_const            0x0002dde0   Data           8  nrf_log_frontend.o(log_const_data)
    m_nrf_log_nrf_sdh_logs_data_const        0x0002dde8   Data           8  nrf_sdh.o(log_const_data)
    m_nrf_log_nrf_sdh_ble_logs_data_const    0x0002ddf0   Data           8  nrf_sdh_ble.o(log_const_data)
    m_nrf_log_nrf_sdh_soc_logs_data_const    0x0002ddf8   Data           8  nrf_sdh_soc.o(log_const_data)
    log_const_data$$Limit                    0x0002de00   Number         0  nrf_sdh_soc.o(log_const_data)
    sdh_ble_observers0$$Base                 0x0002de00   Number         0  ble_conn_state.o(sdh_ble_observers0)
    sdh_ble_observers0$$Limit                0x0002de08   Number         0  ble_conn_state.o(sdh_ble_observers0)
    sdh_ble_observers1$$Base                 0x0002de08   Number         0  main.o(sdh_ble_observers1)
    sdh_ble_observers1$$Limit                0x0002de50   Number         0  peer_manager.o(sdh_ble_observers1)
    sdh_ble_observers2$$Base                 0x0002de50   Number         0  main.o(sdh_ble_observers2)
    sdh_ble_observers2$$Limit                0x0002de78   Number         0  main.o(sdh_ble_observers2)
    sdh_ble_observers3$$Base                 0x0002de78   Number         0  main.o(sdh_ble_observers3)
    m_req_obs                                0x0002de80   Data           8  nrf_fstorage_sd.o(sdh_req_observers0)
    sdh_ble_observers3$$Limit                0x0002de80   Number         0  main.o(sdh_ble_observers3)
    sdh_req_observers0$$Base                 0x0002de80   Number         0  nrf_fstorage_sd.o(sdh_req_observers0)
    sdh_req_observers0$$Limit                0x0002de88   Number         0  nrf_fstorage_sd.o(sdh_req_observers0)
    sdh_soc_observers0$$Base                 0x0002de88   Number         0  nrf_drv_clock.o(sdh_soc_observers0)
    sdh_soc_observers0$$Limit                0x0002de98   Number         0  nrf_fstorage_sd.o(sdh_soc_observers0)
    sdh_soc_observers1$$Base                 0x0002de98   Number         0  main.o(sdh_soc_observers1)
    sdh_soc_observers1$$Limit                0x0002dea0   Number         0  main.o(sdh_soc_observers1)
    sdh_stack_observers0$$Base               0x0002dea0   Number         0  nrf_sdh_ble.o(sdh_stack_observers0)
    sdh_stack_observers0$$Limit              0x0002deb0   Number         0  nrf_sdh_soc.o(sdh_stack_observers0)
    sdh_state_observers0$$Base               0x0002deb0   Number         0  nrf_drv_clock.o(sdh_state_observers0)
    sdh_state_observers0$$Limit              0x0002dec0   Number         0  nrf_fstorage_sd.o(sdh_state_observers0)
    Image$$RW_IRAM1$$Base                    0x20004070   Number         0  anon$$obj.o ABSOLUTE
    m_uart                                   0x20004c9c   Data           8  nrf_log_backend_uart.o(.data)
    SystemCoreClock                          0x20004cfc   Data           4  system_nrf52.o(.data)
    fs_data$$Base                            0x20004d00   Number         0  fds.o(fs_data)
    m_fs                                     0x20004d00   Data          20  fds.o(fs_data)
    fs_data$$Limit                           0x20004d14   Number         0  fds.o(fs_data)
    log_dynamic_data$$Base                   0x20004d14   Number         0  ble_db_discovery.o(log_dynamic_data)
    m_nrf_log_ble_db_disc_logs_data_dynamic  0x20004d14   Data          12  ble_db_discovery.o(log_dynamic_data)
    m_nrf_log_ble_gatt_logs_data_dynamic     0x20004d20   Data          12  nrf_ble_gatt.o(log_dynamic_data)
    m_nrf_log_ble_hrs_c_logs_data_dynamic    0x20004d2c   Data          12  ble_hrs_c.o(log_dynamic_data)
    m_nrf_log_ble_rscs_c_logs_data_dynamic   0x20004d38   Data          12  ble_rscs_c.o(log_dynamic_data)
    m_nrf_log_ble_nus_logs_data_dynamic      0x20004d44   Data          12  ble_nus_c.o(log_dynamic_data)
    m_nrf_log_clock_logs_data_dynamic        0x20004d50   Data          12  nrf_drv_clock.o(log_dynamic_data)
    m_nrf_log_gpiote_logs_data_dynamic       0x20004d5c   Data          12  nrf_drv_gpiote.o(log_dynamic_data)
    m_nrf_log_uart_logs_data_dynamic         0x20004d68   Data          12  nrf_drv_uart.o(log_dynamic_data)
    m_nrf_log_balloc_logs_data_dynamic       0x20004d74   Data          12  nrf_balloc.o(log_dynamic_data)
    m_nrf_log_pwr_mgmt_logs_data_dynamic     0x20004d80   Data          12  nrf_pwr_mgmt.o(log_dynamic_data)
    m_nrf_log_app_logs_data_dynamic          0x20004d8c   Data          12  nrf_log_frontend.o(log_dynamic_data)
    m_nrf_log_nrf_sdh_logs_data_dynamic      0x20004d98   Data          12  nrf_sdh.o(log_dynamic_data)
    m_nrf_log_nrf_sdh_ble_logs_data_dynamic  0x20004da4   Data          12  nrf_sdh_ble.o(log_dynamic_data)
    m_nrf_log_nrf_sdh_soc_logs_data_dynamic  0x20004db0   Data          12  nrf_sdh_soc.o(log_dynamic_data)
    nrf_nvic_state                           0x20005838   Data          12  app_util_platform.o(.bss)
    __initial_sp                             0x20007f08   Data           0  arm_startup_nrf52.o(STACK)



==============================================================================

Memory Map of the image

  Image Entry point : 0x00023201

  Load Region LR_IROM1 (Base: 0x00023000, Size: 0x0000bc0c, Max: 0x0005d000, ABSOLUTE, COMPRESSED[0x0000af30])

    Execution Region ER_IROM1 (Base: 0x00023000, Size: 0x0000aec0, Max: 0x0005d000, ABSOLUTE)

    Base Addr    Size         Type   Attr      Idx    E Section Name        Object

    0x00023000   0x00000200   Data   RO         6584    RESET               arm_startup_nrf52.o
    0x00023200   0x00000000   Code   RO         6629  * .ARM.Collect$$$$00000000  mc_w.l(entry.o)
    0x00023200   0x00000004   Code   RO         6687    .ARM.Collect$$$$00000001  mc_w.l(entry2.o)
    0x00023204   0x00000004   Code   RO         6690    .ARM.Collect$$$$00000004  mc_w.l(entry5.o)
    0x00023208   0x00000000   Code   RO         6692    .ARM.Collect$$$$00000008  mc_w.l(entry7b.o)
    0x00023208   0x00000000   Code   RO         6694    .ARM.Collect$$$$0000000A  mc_w.l(entry8b.o)
    0x00023208   0x00000008   Code   RO         6695    .ARM.Collect$$$$0000000B  mc_w.l(entry9a.o)
    0x00023210   0x00000000   Code   RO         6697    .ARM.Collect$$$$0000000D  mc_w.l(entry10a.o)
    0x00023210   0x00000000   Code   RO         6699    .ARM.Collect$$$$0000000F  mc_w.l(entry11a.o)
    0x00023210   0x00000004   Code   RO         6688    .ARM.Collect$$$$00002712  mc_w.l(entry2.o)
    0x00023214   0x0000009a   Code   RO         4434    .emb_text           fds.o
    0x000232ae   0x00000002   PAD
    0x000232b0   0x000000c8   Code   RO         4808    .emb_text           nrf_atfifo.o
    0x00023378   0x0000009a   Code   RO         5067    .emb_text           nrf_fstorage_sd.o
    0x00023412   0x00000002   PAD
    0x00023414   0x0000009a   Code   RO         5181    .emb_text           nrf_memobj.o
    0x000234ae   0x00000002   PAD
    0x000234b0   0x0000009a   Code   RO         5773    .emb_text           nrf_log_frontend.o
    0x0002354a   0x00000002   PAD
    0x0002354c   0x00000024   Code   RO         6585    .text               arm_startup_nrf52.o
    0x00023570   0x00000062   Code   RO         6637    .text               mc_w.l(uldiv.o)
    0x000235d2   0x00000002   PAD
    0x000235d4   0x00000008   Code   RO         6639    .text               mc_w.l(ctype_o.o)
    0x000235dc   0x00000040   Code   RO         6669    .text               mc_w.l(memmovea.o)
    0x0002361c   0x00000024   Code   RO         6671    .text               mc_w.l(memseta.o)
    0x00023640   0x0000000e   Code   RO         6675    .text               mc_w.l(strlen.o)
    0x0002364e   0x0000001a   Code   RO         6679    .text               mc_w.l(memcmp.o)
    0x00023668   0x0000001e   Code   RO         6702    .text               mc_w.l(llshl.o)
    0x00023686   0x00000020   Code   RO         6704    .text               mc_w.l(llushr.o)
    0x000236a6   0x00000002   PAD
    0x000236a8   0x00000024   Code   RO         6707    .text               mc_w.l(init.o)
    0x000236cc   0x00000056   Code   RO         6717    .text               mc_w.l(__dczerorl2.o)
    0x00023722   0x00000002   PAD
    0x00023724   0x00000174   Code   RO         3509    i.GPIOTE_IRQHandler  nrf_drv_gpiote.o
    0x00023898   0x00000016   Code   RO         4170    i.NVIC_ClearPendingIRQ  app_timer.o
    0x000238ae   0x00000016   Code   RO         4171    i.NVIC_EnableIRQ    app_timer.o
    0x000238c4   0x00000016   Code   RO         4172    i.NVIC_SetPendingIRQ  app_timer.o
    0x000238da   0x00000020   Code   RO         4173    i.NVIC_SetPriority  app_timer.o
    0x000238fa   0x00000002   PAD
    0x000238fc   0x00000058   Code   RO         3303    i.POWER_CLOCK_IRQHandler  nrf_drv_clock.o
    0x00023954   0x00000024   Code   RO         4174    i.RTC1_IRQHandler   app_timer.o
    0x00023978   0x00000004   Code   RO         4175    i.SWI0_EGU0_IRQHandler  app_timer.o
    0x0002397c   0x00000004   Code   RO         6367    i.SWI2_EGU2_IRQHandler  nrf_sdh.o
    0x00023980   0x0000031c   Code   RO         6593    i.SystemInit        system_nrf52.o
    0x00023c9c   0x0000001c   Code   RO         3756    i.UARTE0_UART0_IRQHandler  nrf_drv_uart.o
    0x00023cb8   0x0000000e   Code   RO         6711    i.__scatterload_copy  mc_w.l(handlers.o)
    0x00023cc6   0x00000002   Code   RO         6712    i.__scatterload_null  mc_w.l(handlers.o)
    0x00023cc8   0x0000000e   Code   RO         6713    i.__scatterload_zeroinit  mc_w.l(handlers.o)
    0x00023cd6   0x00000002   PAD
    0x00023cd8   0x00000024   Code   RO         6368    i.__sd_nvic_app_accessible_irq  nrf_sdh.o
    0x00023cfc   0x00000016   Code   RO         6369    i.__sd_nvic_is_app_accessible_priority  nrf_sdh.o
    0x00023d12   0x00000026   Code   RO         1555    i.addr_compare      id_manager.o
    0x00023d38   0x0000000c   Code   RO         4999    i.addr_is_aligned32  nrf_fstorage.o
    0x00023d44   0x00000018   Code   RO         5000    i.addr_within_bounds  nrf_fstorage.o
    0x00023d5c   0x0000002e   Code   RO            4    i.adv_report_parse  main.o
    0x00023d8a   0x00000002   PAD
    0x00023d8c   0x00000048   Code   RO            5    i.adv_scan_start    main.o
    0x00023dd4   0x00000036   Code   RO          723    i.advertising_buttons_configure  bsp_btn_ble.o
    0x00023e0a   0x00000002   PAD
    0x00023e0c   0x00000068   Code   RO            6    i.advertising_init  main.o
    0x00023e74   0x00000052   Code   RO         1556    i.ah                id_manager.o
    0x00023ec6   0x00000006   Code   RO          603    i.alert_timer_handler  bsp.o
    0x00023ecc   0x0000000c   Code   RO         2610    i.allow_repairing   security_dispatcher.o
    0x00023ed8   0x00000030   Code   RO         3987    i.app_button_disable  app_button.o
    0x00023f08   0x00000024   Code   RO         3988    i.app_button_enable  app_button.o
    0x00023f2c   0x00000070   Code   RO         3989    i.app_button_init   app_button.o
    0x00023f9c   0x00000140   Code   RO         4089    i.app_error_fault_handler  app_error_weak.o
    0x000240dc   0x00000018   Code   RO         4049    i.app_error_handler  app_error.o
    0x000240f4   0x00000064   Code   RO         4051    i.app_error_save_and_stop  app_error.o
    0x00024158   0x00000024   Code   RO         4178    i.app_timer_create  app_timer.o
    0x0002417c   0x00000054   Code   RO         4179    i.app_timer_init    app_timer.o
    0x000241d0   0x00000088   Code   RO         4182    i.app_timer_start   app_timer.o
    0x00024258   0x00000020   Code   RO         4183    i.app_timer_stop    app_timer.o
    0x00024278   0x00000048   Code   RO         4339    i.app_util_critical_region_enter  app_util_platform.o
    0x000242c0   0x00000034   Code   RO         4340    i.app_util_critical_region_exit  app_util_platform.o
    0x000242f4   0x000000b8   Code   RO         3757    i.apply_config      nrf_drv_uart.o
    0x000243ac   0x000000dc   Code   RO         2611    i.auth_status_success_process  security_dispatcher.o
    0x00024488   0x00000182   Code   RO          805    i.ble_advdata_encode  ble_advdata.o
    0x0002460a   0x00000068   Code   RO          806    i.ble_advdata_set   ble_advdata.o
    0x00024672   0x00000006   Code   RO          888    i.ble_advertising_conn_cfg_tag_set  ble_advertising.o
    0x00024678   0x00000136   Code   RO          889    i.ble_advertising_init  ble_advertising.o
    0x000247ae   0x00000068   Code   RO          891    i.ble_advertising_on_ble_evt  ble_advertising.o
    0x00024816   0x00000032   Code   RO          892    i.ble_advertising_on_sys_evt  ble_advertising.o
    0x00024848   0x000001ca   Code   RO          895    i.ble_advertising_start  ble_advertising.o
    0x00024a12   0x00000002   PAD
    0x00024a14   0x00000068   Code   RO          971    i.ble_conn_params_init  ble_conn_params.o
    0x00024a7c   0x00000010   Code   RO         1045    i.ble_conn_state_conn_handles  ble_conn_state.o
    0x00024a8c   0x00000010   Code   RO         1047    i.ble_conn_state_encrypted  ble_conn_state.o
    0x00024a9c   0x00000010   Code   RO         1050    i.ble_conn_state_n_centrals  ble_conn_state.o
    0x00024aac   0x00000030   Code   RO         1054    i.ble_conn_state_role  ble_conn_state.o
    0x00024adc   0x0000002c   Code   RO         1056    i.ble_conn_state_user_flag_acquire  ble_conn_state.o
    0x00024b08   0x0000001c   Code   RO         1057    i.ble_conn_state_user_flag_collection  ble_conn_state.o
    0x00024b24   0x0000002c   Code   RO         1058    i.ble_conn_state_user_flag_get  ble_conn_state.o
    0x00024b50   0x00000030   Code   RO         1059    i.ble_conn_state_user_flag_set  ble_conn_state.o
    0x00024b80   0x00000040   Code   RO         1196    i.ble_db_discovery_evt_register  ble_db_discovery.o
    0x00024bc0   0x0000001c   Code   RO         1197    i.ble_db_discovery_init  ble_db_discovery.o
    0x00024bdc   0x00000090   Code   RO         1198    i.ble_db_discovery_on_ble_evt  ble_db_discovery.o
    0x00024c6c   0x00000028   Code   RO         1199    i.ble_db_discovery_start  ble_db_discovery.o
    0x00024c94   0x00000060   Code   RO          807    i.ble_device_addr_encode  ble_advdata.o
    0x00024cf4   0x00000036   Code   RO            8    i.ble_evt_handler   main.o
    0x00024d2a   0x00000002   PAD
    0x00024d2c   0x00000070   Code   RO          724    i.ble_evt_handler   bsp_btn_ble.o
    0x00024d9c   0x000000fc   Code   RO          973    i.ble_evt_handler   ble_conn_params.o
    0x00024e98   0x0000014c   Code   RO         1061    i.ble_evt_handler   ble_conn_state.o
    0x00024fe4   0x00000028   Code   RO         2234    i.ble_evt_handler   peer_manager.o
    0x0002500c   0x000002b8   Code   RO            9    i.ble_nus_c_evt_handler  main.o
    0x000252c4   0x0000001a   Code   RO         3178    i.ble_nus_c_handles_assign  ble_nus_c.o
    0x000252de   0x00000002   PAD
    0x000252e0   0x0000004c   Code   RO         3179    i.ble_nus_c_init    ble_nus_c.o
    0x0002532c   0x0000006c   Code   RO         3180    i.ble_nus_c_on_ble_evt  ble_nus_c.o
    0x00025398   0x00000080   Code   RO         3181    i.ble_nus_c_on_db_disc_evt  ble_nus_c.o
    0x00025418   0x00000048   Code   RO         3183    i.ble_nus_c_tx_notif_enable  ble_nus_c.o
    0x00025460   0x00000064   Code   RO         3253    i.ble_nus_init      ble_nus.o
    0x000254c4   0x0000008c   Code   RO         3254    i.ble_nus_on_ble_evt  ble_nus.o
    0x00025550   0x00000008   Code   RO         1314    i.ble_srv_is_notification_enabled  ble_srv_common.o
    0x00025558   0x00000044   Code   RO           10    i.ble_stack_init    main.o
    0x0002559c   0x00000020   Code   RO          492    i.bsp_board_button_state_get  boards.o
    0x000255bc   0x00000024   Code   RO          495    i.bsp_board_led_invert  boards.o
    0x000255e0   0x00000010   Code   RO          496    i.bsp_board_led_off  boards.o
    0x000255f0   0x00000010   Code   RO          497    i.bsp_board_led_on  boards.o
    0x00025600   0x00000020   Code   RO          498    i.bsp_board_led_state_get  boards.o
    0x00025620   0x0000002c   Code   RO          499    i.bsp_board_leds_init  boards.o
    0x0002564c   0x00000012   Code   RO          500    i.bsp_board_leds_off  boards.o
    0x0002565e   0x00000012   Code   RO          501    i.bsp_board_leds_on  boards.o
    0x00025670   0x00000024   Code   RO          502    i.bsp_board_pin_to_button_idx  boards.o
    0x00025694   0x00000038   Code   RO          725    i.bsp_btn_ble_init  bsp_btn_ble.o
    0x000256cc   0x00000090   Code   RO          604    i.bsp_button_event_handler  bsp.o
    0x0002575c   0x00000004   Code   RO          605    i.bsp_button_is_pressed  bsp.o
    0x00025760   0x00000044   Code   RO          608    i.bsp_event_to_button_action_assign  bsp.o
    0x000257a4   0x00000094   Code   RO          610    i.bsp_init          bsp.o
    0x00025838   0x000001b8   Code   RO          611    i.bsp_led_indication  bsp.o
    0x000259f0   0x00000064   Code   RO         5774    i.buf_prealloc      nrf_log_frontend.o
    0x00025a54   0x0000001e   Code   RO         4962    i.buffer_add        nrf_fprintf_format.o
    0x00025a72   0x00000002   PAD
    0x00025a74   0x00000014   Code   RO         5775    i.buffer_is_empty   nrf_log_frontend.o
    0x00025a88   0x00000008   Code   RO          614    i.button_timer_handler  bsp.o
    0x00025a90   0x0000001c   Code   RO         3510    i.channel_free      nrf_drv_gpiote.o
    0x00025aac   0x00000048   Code   RO         3511    i.channel_port_alloc  nrf_drv_gpiote.o
    0x00025af4   0x00000010   Code   RO         3512    i.channel_port_get  nrf_drv_gpiote.o
    0x00025b04   0x00000042   Code   RO         1200    i.characteristics_discover  ble_db_discovery.o
    0x00025b46   0x00000038   Code   RO         2144    i.claim             peer_id.o
    0x00025b7e   0x00000002   PAD
    0x00025b80   0x00000028   Code   RO         3304    i.clock_clk_started_notify  nrf_drv_clock.o
    0x00025ba8   0x000000ac   Code   RO         4185    i.compare_reg_update  app_timer.o
    0x00025c54   0x00000088   Code   RO          808    i.conn_int_encode   ble_advdata.o
    0x00025cdc   0x0000001c   Code   RO           11    i.conn_params_error_handler  main.o
    0x00025cf8   0x00000048   Code   RO          974    i.conn_params_negotiation  ble_conn_params.o
    0x00025d40   0x00000044   Code   RO         2612    i.conn_sec_failure  security_dispatcher.o
    0x00025d84   0x00000074   Code   RO           12    i.db_disc_handler   main.o
    0x00025df8   0x00000080   Code   RO         4435    i.delete_execute    fds.o
    0x00025e78   0x0000008c   Code   RO         1201    i.descriptors_discover  ble_db_discovery.o
    0x00025f04   0x00000060   Code   RO         3991    i.detection_delay_timeout_handler  app_button.o
    0x00025f64   0x00000090   Code   RO         1202    i.discovery_complete_evt_trigger  ble_db_discovery.o
    0x00025ff4   0x0000003c   Code   RO         1203    i.discovery_error_evt_trigger  ble_db_discovery.o
    0x00026030   0x0000005c   Code   RO         1204    i.discovery_start   ble_db_discovery.o
    0x0002608c   0x00000040   Code   RO         4186    i.elapsed_ticks_acquire  app_timer.o
    0x000260cc   0x0000000a   Code   RO         2613    i.encryption_failure  security_dispatcher.o
    0x000260d6   0x00000002   PAD
    0x000260d8   0x0000004c   Code   RO         5068    i.erase             nrf_fstorage_sd.o
    0x00026124   0x00000074   Code   RO         4436    i.event_prepare     fds.o
    0x00026198   0x00000020   Code   RO         4437    i.event_send        fds.o
    0x000261b8   0x0000004e   Code   RO         5069    i.event_send        nrf_fstorage_sd.o
    0x00026206   0x00000074   Code   RO         2753    i.events_send_from_err_code  security_manager.o
    0x0002627a   0x00000002   PAD
    0x0002627c   0x0000001c   Code   RO         1371    i.evt_send          gatt_cache_manager.o
    0x00026298   0x0000002c   Code   RO         2235    i.evt_send          peer_manager.o
    0x000262c4   0x0000001c   Code   RO         2614    i.evt_send          security_dispatcher.o
    0x000262e0   0x0000000c   Code   RO         2754    i.evt_send          security_manager.o
    0x000262ec   0x000000d8   Code   RO         1837    i.fds_evt_handler   peer_data_storage.o
    0x000263c4   0x00000044   Code   RO         4439    i.fds_file_delete   fds.o
    0x00026408   0x0000003c   Code   RO         4440    i.fds_gc            fds.o
    0x00026444   0x000000d4   Code   RO         4441    i.fds_init          fds.o
    0x00026518   0x00000040   Code   RO         4442    i.fds_record_close  fds.o
    0x00026558   0x0000000e   Code   RO         4444    i.fds_record_find   fds.o
    0x00026566   0x00000010   Code   RO         4445    i.fds_record_find_by_key  fds.o
    0x00026576   0x00000010   Code   RO         4446    i.fds_record_find_in_file  fds.o
    0x00026586   0x00000010   Code   RO         4447    i.fds_record_id_from_desc  fds.o
    0x00026596   0x00000002   PAD
    0x00026598   0x00000048   Code   RO         4449    i.fds_record_open   fds.o
    0x000265e0   0x0000000e   Code   RO         4450    i.fds_record_update  fds.o
    0x000265ee   0x00000008   Code   RO         4451    i.fds_record_write  fds.o
    0x000265f6   0x0000000c   Code   RO         4452    i.fds_record_write_reserved  fds.o
    0x00026602   0x00000002   PAD
    0x00026604   0x00000030   Code   RO         4453    i.fds_register      fds.o
    0x00026634   0x00000030   Code   RO         4454    i.fds_reserve       fds.o
    0x00026664   0x00000048   Code   RO         4455    i.fds_reserve_cancel  fds.o
    0x000266ac   0x00000014   Code   RO         1838    i.file_id_within_pm_range  peer_data_storage.o
    0x000266c0   0x00000012   Code   RO         2615    i.flag_id_init      security_dispatcher.o
    0x000266d2   0x00000012   Code   RO         2755    i.flag_id_init      security_manager.o
    0x000266e4   0x00000054   Code   RO         2756    i.flags_set_from_err_code  security_manager.o
    0x00026738   0x00000006   Code   RO         4457    i.fs_event_handler  fds.o
    0x0002673e   0x00000002   PAD
    0x00026740   0x00000070   Code   RO           13    i.gap_params_init   main.o
    0x000267b0   0x0000003c   Code   RO           14    i.gatt_evt_handler  main.o
    0x000267ec   0x00000074   Code   RO         4458    i.gc_execute        fds.o
    0x00026860   0x0000004c   Code   RO         4459    i.gc_next_page      fds.o
    0x000268ac   0x00000040   Code   RO         4460    i.gc_page_erase     fds.o
    0x000268ec   0x00000034   Code   RO         4461    i.gc_record_copy    fds.o
    0x00026920   0x00000024   Code   RO         4462    i.gc_record_find_next  fds.o
    0x00026944   0x00000088   Code   RO         4463    i.gc_state_advance  fds.o
    0x000269cc   0x00000098   Code   RO         1372    i.gcm_ble_evt_handler  gatt_cache_manager.o
    0x00026a64   0x00000030   Code   RO         1373    i.gcm_im_evt_handler  gatt_cache_manager.o
    0x00026a94   0x00000050   Code   RO         1374    i.gcm_init          gatt_cache_manager.o
    0x00026ae4   0x00000050   Code   RO         1375    i.gcm_local_database_has_changed  gatt_cache_manager.o
    0x00026b34   0x0000007c   Code   RO         1377    i.gcm_pdb_evt_handler  gatt_cache_manager.o
    0x00026bb0   0x00000038   Code   RO         1557    i.get_connection_by_conn_handle  id_manager.o
    0x00026be8   0x00000030   Code   RO         1558    i.get_free_connection  id_manager.o
    0x00026c18   0x00000058   Code   RO         3992    i.gpiote_event_handler  app_button.o
    0x00026c70   0x0000001c   Code   RO         1479    i.gscm_db_change_notification_done  gatts_cache_manager.o
    0x00026c8c   0x00000014   Code   RO         1480    i.gscm_init         gatts_cache_manager.o
    0x00026ca0   0x0000001c   Code   RO         1481    i.gscm_local_database_has_changed  gatts_cache_manager.o
    0x00026cbc   0x0000006a   Code   RO         1482    i.gscm_local_db_cache_apply  gatts_cache_manager.o
    0x00026d26   0x00000082   Code   RO         1483    i.gscm_local_db_cache_update  gatts_cache_manager.o
    0x00026da8   0x00000018   Code   RO         1484    i.gscm_pdb_evt_handler  gatts_cache_manager.o
    0x00026dc0   0x0000001e   Code   RO         1485    i.gscm_service_changed_ind_needed  gatts_cache_manager.o
    0x00026dde   0x00000002   PAD
    0x00026de0   0x00000038   Code   RO         1486    i.gscm_service_changed_ind_send  gatts_cache_manager.o
    0x00026e18   0x00000026   Code   RO         4464    i.header_check      fds.o
    0x00026e3e   0x00000012   Code   RO         4465    i.header_has_next   fds.o
    0x00026e50   0x00000046   Code   RO         1559    i.im_address_resolve  id_manager.o
    0x00026e96   0x00000002   PAD
    0x00026e98   0x00000030   Code   RO         1560    i.im_ble_addr_get   id_manager.o
    0x00026ec8   0x000000c8   Code   RO         1561    i.im_ble_evt_handler  id_manager.o
    0x00026f90   0x0000002c   Code   RO         1562    i.im_conn_handle_get  id_manager.o
    0x00026fbc   0x00000038   Code   RO         1564    i.im_find_duplicate_bonding_data  id_manager.o
    0x00026ff4   0x00000040   Code   RO         1567    i.im_init           id_manager.o
    0x00027034   0x00000072   Code   RO         1568    i.im_is_duplicate_bonding_data  id_manager.o
    0x000270a6   0x00000018   Code   RO         1569    i.im_master_id_is_valid  id_manager.o
    0x000270be   0x0000002a   Code   RO         1570    i.im_master_ids_compare  id_manager.o
    0x000270e8   0x00000004   Code   RO         1571    i.im_new_peer_id    id_manager.o
    0x000270ec   0x00000026   Code   RO         1572    i.im_peer_free      id_manager.o
    0x00027112   0x00000002   PAD
    0x00027114   0x00000020   Code   RO         1573    i.im_peer_id_get_by_conn_handle  id_manager.o
    0x00027134   0x0000003c   Code   RO         1574    i.im_peer_id_get_by_master_id  id_manager.o
    0x00027170   0x00000038   Code   RO         5070    i.init              nrf_fstorage_sd.o
    0x000271a8   0x000000c8   Code   RO         4466    i.init_execute      fds.o
    0x00027270   0x00000014   Code   RO          975    i.instance_get      ble_conn_params.o
    0x00027284   0x000000a6   Code   RO         4963    i.int_print         nrf_fprintf_format.o
    0x0002732a   0x00000002   PAD
    0x0002732c   0x00000078   Code   RO         3758    i.interrupts_enable  nrf_drv_uart.o
    0x000273a4   0x00000010   Code   RO         5071    i.is_busy           nrf_fstorage_sd.o
    0x000273b4   0x00000044   Code   RO          976    i.is_conn_params_ok  ble_conn_params.o
    0x000273f8   0x0000004c   Code   RO         1205    i.is_desc_discovery_reqd  ble_db_discovery.o
    0x00027444   0x00000014   Code   RO         1579    i.is_valid_irk      id_manager.o
    0x00027458   0x0000000c   Code   RO         4467    i.is_word_aligned   fds.o
    0x00027464   0x00000030   Code   RO          615    i.leds_off          bsp.o
    0x00027494   0x00000014   Code   RO          616    i.leds_timer_handler  bsp.o
    0x000274a8   0x00000028   Code   RO         3307    i.lfclk_stop        nrf_drv_clock.o
    0x000274d0   0x00000018   Code   RO         1743    i.link_init         nrf_ble_gatt.o
    0x000274e8   0x000000b4   Code   RO         2757    i.link_secure       security_manager.o
    0x0002759c   0x0000007c   Code   RO         2616    i.link_secure_central_encryption  security_dispatcher.o
    0x00027618   0x000000a8   Code   RO         2617    i.link_secure_central_pairing  security_dispatcher.o
    0x000276c0   0x0000008c   Code   RO         2618    i.link_secure_failure  security_dispatcher.o
    0x0002774c   0x0000005c   Code   RO         2758    i.link_secure_pending_process  security_manager.o
    0x000277a8   0x000000f8   Code   RO         4187    i.list_insertions_handler  app_timer.o
    0x000278a0   0x00000068   Code   RO         1378    i.local_db_apply_in_evt  gatt_cache_manager.o
    0x00027908   0x00000010   Code   RO         1379    i.local_db_update   gatt_cache_manager.o
    0x00027918   0x00000032   Code   RO         2557    i.lock_by_mask      pm_mutex.o
    0x0002794a   0x00000002   PAD
    0x0002794c   0x00000094   Code   RO         5777    i.log_skip          nrf_log_frontend.o
    0x000279e0   0x000001d8   Code   RO           15    i.main              main.o
    0x00027bb8   0x00000064   Code   RO          809    i.manuf_specific_data_encode  ble_advdata.o
    0x00027c1c   0x00000076   Code   RO         5182    i.memobj_op         nrf_memobj.o
    0x00027c92   0x00000002   PAD
    0x00027c94   0x00000034   Code   RO         5778    i.module_idx_get    nrf_log_frontend.o
    0x00027cc8   0x0000009c   Code   RO          810    i.name_encode       ble_advdata.o
    0x00027d64   0x00000058   Code   RO         1580    i.new_connection    id_manager.o
    0x00027dbc   0x00000014   Code   RO         2759    i.new_context_get   security_manager.o
    0x00027dd0   0x00000030   Code   RO         2145    i.next_id_get       peer_id.o
    0x00027e00   0x00000010   Code   RO         4810    i.nrf_atfifo_clear  nrf_atfifo.o
    0x00027e10   0x00000026   Code   RO         4812    i.nrf_atfifo_init   nrf_atfifo.o
    0x00027e36   0x00000016   Code   RO         4813    i.nrf_atfifo_item_alloc  nrf_atfifo.o
    0x00027e4c   0x00000016   Code   RO         4814    i.nrf_atfifo_item_free  nrf_atfifo.o
    0x00027e62   0x00000016   Code   RO         4815    i.nrf_atfifo_item_get  nrf_atfifo.o
    0x00027e78   0x00000016   Code   RO         4816    i.nrf_atfifo_item_put  nrf_atfifo.o
    0x00027e8e   0x0000000e   Code   RO         5779    i.nrf_atomic_flag_set  nrf_log_frontend.o
    0x00027e9c   0x0000000c   Code   RO         4468    i.nrf_atomic_u32_add  fds.o
    0x00027ea8   0x00000044   Code   RO         4878    i.nrf_balloc_alloc  nrf_balloc.o
    0x00027eec   0x00000030   Code   RO         4879    i.nrf_balloc_free   nrf_balloc.o
    0x00027f1c   0x00000030   Code   RO         4880    i.nrf_balloc_init   nrf_balloc.o
    0x00027f4c   0x00000010   Code   RO         3513    i.nrf_bitmask_bit_is_set  nrf_drv_gpiote.o
    0x00027f5c   0x00000018   Code   RO         1744    i.nrf_ble_gatt_att_mtu_central_set  nrf_ble_gatt.o
    0x00027f74   0x0000002c   Code   RO         1749    i.nrf_ble_gatt_init  nrf_ble_gatt.o
    0x00027fa0   0x00000160   Code   RO         1750    i.nrf_ble_gatt_on_ble_evt  nrf_ble_gatt.o
    0x00028100   0x0000000e   Code   RO         3308    i.nrf_clock_event_check  nrf_drv_clock.o
    0x0002810e   0x00000010   Code   RO         3309    i.nrf_clock_event_clear  nrf_drv_clock.o
    0x0002811e   0x00000002   PAD
    0x00028120   0x0000008c   Code   RO         4188    i.nrf_delay_us      app_timer.o
    0x000281ac   0x00000048   Code   RO         3316    i.nrf_drv_clock_init  nrf_drv_clock.o
    0x000281f4   0x0000002c   Code   RO         3320    i.nrf_drv_clock_lfclk_release  nrf_drv_clock.o
    0x00028220   0x00000016   Code   RO         3759    i.nrf_drv_common_irq_disable  nrf_drv_uart.o
    0x00028236   0x00000038   Code   RO         3473    i.nrf_drv_common_irq_enable  nrf_drv_common.o
    0x0002826e   0x00000006   Code   RO         3760    i.nrf_drv_get_IRQn  nrf_drv_uart.o
    0x00028274   0x00000048   Code   RO         3517    i.nrf_drv_gpiote_in_event_disable  nrf_drv_gpiote.o
    0x000282bc   0x000000a4   Code   RO         3518    i.nrf_drv_gpiote_in_event_enable  nrf_drv_gpiote.o
    0x00028360   0x000000b8   Code   RO         3519    i.nrf_drv_gpiote_in_init  nrf_drv_gpiote.o
    0x00028418   0x00000014   Code   RO         3520    i.nrf_drv_gpiote_in_is_set  nrf_drv_gpiote.o
    0x0002842c   0x0000005c   Code   RO         3522    i.nrf_drv_gpiote_init  nrf_drv_gpiote.o
    0x00028488   0x00000014   Code   RO         3523    i.nrf_drv_gpiote_is_init  nrf_drv_gpiote.o
    0x0002849c   0x00000010   Code   RO         3761    i.nrf_drv_is_in_RAM  nrf_drv_uart.o
    0x000284ac   0x00000068   Code   RO         3763    i.nrf_drv_uart_init  nrf_drv_uart.o
    0x00028514   0x0000010c   Code   RO         3771    i.nrf_drv_uart_tx   nrf_drv_uart.o
    0x00028620   0x00000018   Code   RO         3773    i.nrf_drv_uart_tx_in_progress  nrf_drv_uart.o
    0x00028638   0x00000054   Code   RO         3774    i.nrf_drv_uart_uninit  nrf_drv_uart.o
    0x0002868c   0x0000001a   Code   RO         4919    i.nrf_fprintf       nrf_fprintf.o
    0x000286a6   0x00000018   Code   RO         4920    i.nrf_fprintf_buffer_flush  nrf_fprintf.o
    0x000286be   0x000001da   Code   RO         4964    i.nrf_fprintf_fmt   nrf_fprintf_format.o
    0x00028898   0x0000004e   Code   RO         5001    i.nrf_fstorage_erase  nrf_fstorage.o
    0x000288e6   0x00000010   Code   RO         5002    i.nrf_fstorage_init  nrf_fstorage.o
    0x000288f6   0x00000002   PAD
    0x000288f8   0x00000050   Code   RO         5003    i.nrf_fstorage_is_busy  nrf_fstorage.o
    0x00028948   0x00000018   Code   RO         5072    i.nrf_fstorage_sdh_req_handler  nrf_fstorage_sd.o
    0x00028960   0x00000020   Code   RO         5073    i.nrf_fstorage_sdh_state_handler  nrf_fstorage_sd.o
    0x00028980   0x000000a4   Code   RO         5074    i.nrf_fstorage_sys_evt_handler  nrf_fstorage_sd.o
    0x00028a24   0x00000066   Code   RO         5008    i.nrf_fstorage_write  nrf_fstorage.o
    0x00028a8a   0x00000024   Code   RO          504    i.nrf_gpio_cfg      boards.o
    0x00028aae   0x00000024   Code   RO         3537    i.nrf_gpio_cfg      nrf_drv_gpiote.o
    0x00028ad2   0x00000024   Code   RO         3775    i.nrf_gpio_cfg      nrf_drv_uart.o
    0x00028af6   0x00000012   Code   RO         3776    i.nrf_gpio_cfg_default  nrf_drv_uart.o
    0x00028b08   0x00000012   Code   RO         3777    i.nrf_gpio_cfg_input  nrf_drv_uart.o
    0x00028b1a   0x00000014   Code   RO         3778    i.nrf_gpio_cfg_output  nrf_drv_uart.o
    0x00028b2e   0x00000022   Code   RO         3539    i.nrf_gpio_cfg_sense_set  nrf_drv_gpiote.o
    0x00028b50   0x00000016   Code   RO          505    i.nrf_gpio_pin_write  boards.o
    0x00028b66   0x00000002   PAD
    0x00028b68   0x00000028   Code   RO         3540    i.nrf_gpio_ports_read  nrf_drv_gpiote.o
    0x00028b90   0x00000014   Code   RO         3541    i.nrf_gpiote_event_clear  nrf_drv_gpiote.o
    0x00028ba4   0x00000010   Code   RO         3542    i.nrf_gpiote_event_is_set  nrf_drv_gpiote.o
    0x00028bb4   0x00000050   Code   RO         5780    i.nrf_log_backend_add  nrf_log_frontend.o
    0x00028c04   0x000000d2   Code   RO         5636    i.nrf_log_backend_serial_put  nrf_log_backend_serial.o
    0x00028cd6   0x00000002   Code   RO         5676    i.nrf_log_backend_uart_flush  nrf_log_backend_uart.o
    0x00028cd8   0x00000006   Code   RO         5677    i.nrf_log_backend_uart_init  nrf_log_backend_uart.o
    0x00028cde   0x00000002   PAD
    0x00028ce0   0x00000018   Code   RO         5678    i.nrf_log_backend_uart_panic_set  nrf_log_backend_uart.o
    0x00028cf8   0x00000018   Code   RO         5679    i.nrf_log_backend_uart_put  nrf_log_backend_uart.o
    0x00028d10   0x00000030   Code   RO         5782    i.nrf_log_color_id_get  nrf_log_frontend.o
    0x00028d40   0x0000001c   Code   RO         5740    i.nrf_log_default_backends_init  nrf_log_default_backends.o
    0x00028d5c   0x000001f0   Code   RO         5783    i.nrf_log_frontend_dequeue  nrf_log_frontend.o
    0x00028f4c   0x00000008   Code   RO         5785    i.nrf_log_frontend_std_0  nrf_log_frontend.o
    0x00028f54   0x0000000e   Code   RO         5786    i.nrf_log_frontend_std_1  nrf_log_frontend.o
    0x00028f62   0x00000010   Code   RO         5787    i.nrf_log_frontend_std_2  nrf_log_frontend.o
    0x00028f72   0x00000012   Code   RO         5788    i.nrf_log_frontend_std_3  nrf_log_frontend.o
    0x00028f84   0x00000014   Code   RO         5789    i.nrf_log_frontend_std_4  nrf_log_frontend.o
    0x00028f98   0x000000ac   Code   RO         5965    i.nrf_log_hexdump_entry_process  nrf_log_str_formatter.o
    0x00029044   0x0000005c   Code   RO         5792    i.nrf_log_init      nrf_log_frontend.o
    0x000290a0   0x00000014   Code   RO         5793    i.nrf_log_module_cnt_get  nrf_log_frontend.o
    0x000290b4   0x0000001c   Code   RO         5796    i.nrf_log_module_name_get  nrf_log_frontend.o
    0x000290d0   0x00000028   Code   RO         5797    i.nrf_log_panic     nrf_log_frontend.o
    0x000290f8   0x000000b6   Code   RO         5966    i.nrf_log_std_entry_process  nrf_log_str_formatter.o
    0x000291ae   0x00000060   Code   RO         5183    i.nrf_memobj_alloc  nrf_memobj.o
    0x0002920e   0x00000032   Code   RO         5184    i.nrf_memobj_free   nrf_memobj.o
    0x00029240   0x0000000e   Code   RO         5185    i.nrf_memobj_get    nrf_memobj.o
    0x0002924e   0x00000004   Code   RO         5186    i.nrf_memobj_pool_init  nrf_memobj.o
    0x00029252   0x00000022   Code   RO         5187    i.nrf_memobj_put    nrf_memobj.o
    0x00029274   0x0000000c   Code   RO         5188    i.nrf_memobj_read   nrf_memobj.o
    0x00029280   0x0000000c   Code   RO         5189    i.nrf_memobj_write  nrf_memobj.o
    0x0002928c   0x00000014   Code   RO         6503    i.nrf_sdh_ble_app_ram_start_get  nrf_sdh_ble.o
    0x000292a0   0x00000158   Code   RO         6504    i.nrf_sdh_ble_default_cfg_set  nrf_sdh_ble.o
    0x000293f8   0x000000d8   Code   RO         6505    i.nrf_sdh_ble_enable  nrf_sdh_ble.o
    0x000294d0   0x00000094   Code   RO         6506    i.nrf_sdh_ble_evts_poll  nrf_sdh_ble.o
    0x00029564   0x0000003c   Code   RO         6370    i.nrf_sdh_disable_request  nrf_sdh.o
    0x000295a0   0x00000054   Code   RO         6371    i.nrf_sdh_enable_request  nrf_sdh.o
    0x000295f4   0x00000024   Code   RO         6372    i.nrf_sdh_evts_poll  nrf_sdh.o
    0x00029618   0x0000000c   Code   RO         6373    i.nrf_sdh_is_enabled  nrf_sdh.o
    0x00029624   0x0000001c   Code   RO         6375    i.nrf_sdh_request_continue  nrf_sdh.o
    0x00029640   0x00000080   Code   RO         6553    i.nrf_sdh_soc_evts_poll  nrf_sdh_soc.o
    0x000296c0   0x0000000a   Code   RO         5346    i.nrf_section_iter_init  nrf_section_iter.o
    0x000296ca   0x00000024   Code   RO         5347    i.nrf_section_iter_item_set  nrf_section_iter.o
    0x000296ee   0x00000020   Code   RO         5348    i.nrf_section_iter_next  nrf_section_iter.o
    0x0002970e   0x00000002   PAD
    0x00029710   0x00000038   Code   RO         5381    i.nrf_strerror_find  nrf_strerror.o
    0x00029748   0x00000014   Code   RO         5382    i.nrf_strerror_get  nrf_strerror.o
    0x0002975c   0x0000000a   Code   RO         3779    i.nrf_uart_event_check  nrf_drv_uart.o
    0x00029766   0x0000000c   Code   RO         3780    i.nrf_uart_event_clear  nrf_drv_uart.o
    0x00029772   0x0000000c   Code   RO         3781    i.nrf_uart_int_enable_check  nrf_drv_uart.o
    0x0002977e   0x0000000a   Code   RO         3782    i.nrf_uarte_event_check  nrf_drv_uart.o
    0x00029788   0x0000000c   Code   RO         3783    i.nrf_uarte_event_clear  nrf_drv_uart.o
    0x00029794   0x00000050   Code   RO           16    i.nus_data_handler  main.o
    0x000297e4   0x0000006c   Code   RO           17    i.on_adv_evt        main.o
    0x00029850   0x000000a0   Code   RO           18    i.on_adv_report     main.o
    0x000298f0   0x00000220   Code   RO           19    i.on_ble_central_evt  main.o
    0x00029b10   0x00000144   Code   RO           20    i.on_ble_peripheral_evt  main.o
    0x00029c54   0x00000114   Code   RO         1206    i.on_characteristic_discovery_rsp  ble_db_discovery.o
    0x00029d68   0x0000009c   Code   RO         1751    i.on_connected_evt  nrf_ble_gatt.o
    0x00029e04   0x000000f0   Code   RO         1207    i.on_descriptor_discovery_rsp  ble_db_discovery.o
    0x00029ef4   0x00000074   Code   RO         1752    i.on_exchange_mtu_request_evt  nrf_ble_gatt.o
    0x00029f68   0x0000006c   Code   RO         1208    i.on_primary_srv_discovery_rsp  ble_db_discovery.o
    0x00029fd4   0x0000007c   Code   RO         1209    i.on_srv_disc_completion  ble_db_discovery.o
    0x0002a050   0x00000024   Code   RO         4469    i.page_identify     fds.o
    0x0002a074   0x00000012   Code   RO         4470    i.page_offsets_update  fds.o
    0x0002a086   0x00000002   PAD
    0x0002a088   0x0000006c   Code   RO         4471    i.page_scan         fds.o
    0x0002a0f4   0x0000001c   Code   RO         4472    i.page_tag_write_data  fds.o
    0x0002a110   0x00000024   Code   RO         4473    i.page_tag_write_swap  fds.o
    0x0002a134   0x0000011c   Code   RO         4474    i.pages_init        fds.o
    0x0002a250   0x0000000c   Code   RO         2619    i.pairing           security_dispatcher.o
    0x0002a25c   0x0000003e   Code   RO         2760    i.params_reply_pending_process  security_manager.o
    0x0002a29a   0x00000028   Code   RO         2761    i.params_req_send   security_manager.o
    0x0002a2c2   0x00000002   PAD
    0x0002a2c4   0x0000001c   Code   RO         1976    i.pdb_evt_send      peer_database.o
    0x0002a2e0   0x00000048   Code   RO         1977    i.pdb_init          peer_database.o
    0x0002a328   0x00000004   Code   RO         1979    i.pdb_next_deleted_peer_id_get  peer_database.o
    0x0002a32c   0x00000004   Code   RO         1980    i.pdb_next_peer_id_get  peer_database.o
    0x0002a330   0x00000078   Code   RO         1981    i.pdb_pds_evt_handler  peer_database.o
    0x0002a3a8   0x00000004   Code   RO         1982    i.pdb_peer_allocate  peer_database.o
    0x0002a3ac   0x00000010   Code   RO         1983    i.pdb_peer_data_load  peer_database.o
    0x0002a3bc   0x00000006   Code   RO         1984    i.pdb_peer_data_ptr_get  peer_database.o
    0x0002a3c2   0x00000044   Code   RO         1985    i.pdb_peer_free     peer_database.o
    0x0002a406   0x00000008   Code   RO         1986    i.pdb_raw_store     peer_database.o
    0x0002a40e   0x00000002   PAD
    0x0002a410   0x00000104   Code   RO         1987    i.pdb_write_buf_get  peer_database.o
    0x0002a514   0x00000028   Code   RO         1988    i.pdb_write_buf_release  peer_database.o
    0x0002a53c   0x00000028   Code   RO         1989    i.pdb_write_buf_store  peer_database.o
    0x0002a564   0x00000068   Code   RO         1990    i.pdb_write_buf_store_prepare  peer_database.o
    0x0002a5cc   0x00000010   Code   RO         1839    i.pds_evt_send      peer_data_storage.o
    0x0002a5dc   0x0000006c   Code   RO         1840    i.pds_init          peer_data_storage.o
    0x0002a648   0x00000004   Code   RO         1841    i.pds_next_deleted_peer_id_get  peer_data_storage.o
    0x0002a64c   0x00000004   Code   RO         1842    i.pds_next_peer_id_get  peer_data_storage.o
    0x0002a650   0x00000058   Code   RO         1845    i.pds_peer_data_iterate  peer_data_storage.o
    0x0002a6a8   0x00000010   Code   RO         1846    i.pds_peer_data_iterate_prepare  peer_data_storage.o
    0x0002a6b8   0x00000068   Code   RO         1847    i.pds_peer_data_read  peer_data_storage.o
    0x0002a720   0x00000096   Code   RO         1848    i.pds_peer_data_store  peer_data_storage.o
    0x0002a7b6   0x00000008   Code   RO         1849    i.pds_peer_id_allocate  peer_data_storage.o
    0x0002a7be   0x00000016   Code   RO         1850    i.pds_peer_id_free  peer_data_storage.o
    0x0002a7d4   0x00000004   Code   RO         1851    i.pds_peer_id_is_allocated  peer_data_storage.o
    0x0002a7d8   0x0000002e   Code   RO         1852    i.pds_space_reserve  peer_data_storage.o
    0x0002a806   0x00000010   Code   RO         1853    i.pds_space_reserve_cancel  peer_data_storage.o
    0x0002a816   0x00000002   PAD
    0x0002a818   0x0000000c   Code   RO         2620    i.peer_created      security_dispatcher.o
    0x0002a824   0x00000006   Code   RO         1991    i.peer_data_const_point_to_buffer  peer_database.o
    0x0002a82a   0x00000002   PAD
    0x0002a82c   0x00000084   Code   RO         1854    i.peer_data_delete  peer_data_storage.o
    0x0002a8b0   0x00000030   Code   RO         1855    i.peer_data_find    peer_data_storage.o
    0x0002a8e0   0x00000020   Code   RO         1856    i.peer_data_id_is_valid  peer_data_storage.o
    0x0002a900   0x0000001a   Code   RO         1992    i.peer_data_point_to_buffer  peer_database.o
    0x0002a91a   0x00000002   PAD
    0x0002a91c   0x0000000c   Code   RO         2146    i.peer_id_allocate  peer_id.o
    0x0002a928   0x00000024   Code   RO         2147    i.peer_id_delete    peer_id.o
    0x0002a94c   0x0000001c   Code   RO         2148    i.peer_id_free      peer_id.o
    0x0002a968   0x0000000c   Code   RO         2149    i.peer_id_get_next_deleted  peer_id.o
    0x0002a974   0x00000030   Code   RO         2150    i.peer_id_get_next_used  peer_id.o
    0x0002a9a4   0x00000028   Code   RO         2151    i.peer_id_init      peer_id.o
    0x0002a9cc   0x00000014   Code   RO         2152    i.peer_id_is_allocated  peer_id.o
    0x0002a9e0   0x00000014   Code   RO         2153    i.peer_id_is_deleted  peer_id.o
    0x0002a9f4   0x0000001c   Code   RO         1581    i.peer_id_set       id_manager.o
    0x0002aa10   0x00000084   Code   RO           21    i.peer_manager_init  main.o
    0x0002aa94   0x000000d8   Code   RO         1380    i.pending_flags_check  gatt_cache_manager.o
    0x0002ab6c   0x00000018   Code   RO         3543    i.pin_in_use_by_port  nrf_drv_gpiote.o
    0x0002ab84   0x00000018   Code   RO         3544    i.pin_in_use_by_te  nrf_drv_gpiote.o
    0x0002ab9c   0x00000078   Code   RO         3784    i.pins_to_default   nrf_drv_uart.o
    0x0002ac14   0x0000005c   Code   RO         2515    i.pm_buffer_block_acquire  pm_buffer.o
    0x0002ac70   0x00000040   Code   RO         2516    i.pm_buffer_init    pm_buffer.o
    0x0002acb0   0x00000028   Code   RO         2517    i.pm_buffer_ptr_get  pm_buffer.o
    0x0002acd8   0x0000002e   Code   RO         2518    i.pm_buffer_release  pm_buffer.o
    0x0002ad06   0x0000000a   Code   RO         2238    i.pm_conn_sec_config_reply  peer_manager.o
    0x0002ad10   0x00000144   Code   RO           22    i.pm_evt_handler    main.o
    0x0002ae54   0x00000004   Code   RO         2243    i.pm_gcm_evt_handler  peer_manager.o
    0x0002ae58   0x00000024   Code   RO         2246    i.pm_im_evt_handler  peer_manager.o
    0x0002ae7c   0x00000058   Code   RO         2247    i.pm_init           peer_manager.o
    0x0002aed4   0x00000014   Code   RO         2249    i.pm_local_database_has_changed  peer_manager.o
    0x0002aee8   0x0000000e   Code   RO         2558    i.pm_mutex_init     pm_mutex.o
    0x0002aef6   0x0000001a   Code   RO         2559    i.pm_mutex_lock     pm_mutex.o
    0x0002af10   0x00000036   Code   RO         2560    i.pm_mutex_lock_first_available  pm_mutex.o
    0x0002af46   0x00000018   Code   RO         2561    i.pm_mutex_lock_status_get  pm_mutex.o
    0x0002af5e   0x0000003a   Code   RO         2562    i.pm_mutex_unlock   pm_mutex.o
    0x0002af98   0x00000118   Code   RO         2251    i.pm_pdb_evt_handler  peer_manager.o
    0x0002b0b0   0x00000014   Code   RO         2262    i.pm_peer_delete    peer_manager.o
    0x0002b0c4   0x000000b8   Code   RO         2266    i.pm_peer_ranks_get  peer_manager.o
    0x0002b17c   0x00000068   Code   RO         2267    i.pm_peers_delete   peer_manager.o
    0x0002b1e4   0x0000002c   Code   RO         2270    i.pm_register       peer_manager.o
    0x0002b210   0x00000014   Code   RO         2271    i.pm_sec_params_set  peer_manager.o
    0x0002b224   0x00000034   Code   RO         2272    i.pm_sm_evt_handler  peer_manager.o
    0x0002b258   0x0000003c   Code   RO         5967    i.postfix_process   nrf_log_str_formatter.o
    0x0002b294   0x0000005c   Code   RO         5968    i.prefix_process    nrf_log_str_formatter.o
    0x0002b2f0   0x0000001c   Code   RO         4475    i.queue_buf_get     fds.o
    0x0002b30c   0x00000010   Code   RO         4476    i.queue_buf_store   fds.o
    0x0002b31c   0x000000a8   Code   RO         4477    i.queue_process     fds.o
    0x0002b3c4   0x00000098   Code   RO         5075    i.queue_process     nrf_fstorage_sd.o
    0x0002b45c   0x00000020   Code   RO         4478    i.queue_start       fds.o
    0x0002b47c   0x00000028   Code   RO         5076    i.queue_start       nrf_fstorage_sd.o
    0x0002b4a4   0x00000028   Code   RO         2275    i.rank_vars_update  peer_manager.o
    0x0002b4cc   0x0000000e   Code   RO         5077    i.read              nrf_fstorage_sd.o
    0x0002b4da   0x00000002   PAD
    0x0002b4dc   0x00000068   Code   RO         1993    i.reattempt_previous_operations  peer_database.o
    0x0002b544   0x00000088   Code   RO         4479    i.record_find       fds.o
    0x0002b5cc   0x000000a0   Code   RO         4480    i.record_find_by_desc  fds.o
    0x0002b66c   0x0000005c   Code   RO         4481    i.record_find_next  fds.o
    0x0002b6c8   0x00000038   Code   RO         4482    i.record_header_flag_dirty  fds.o
    0x0002b700   0x00000038   Code   RO         1210    i.registered_handler_get  ble_db_discovery.o
    0x0002b738   0x00000010   Code   RO         2155    i.release           peer_id.o
    0x0002b748   0x00000004   Code   RO         5078    i.rmap              nrf_fstorage_sd.o
    0x0002b74c   0x0000003c   Code   RO         4189    i.rtc1_stop         app_timer.o
    0x0002b788   0x00000032   Code   RO         3785    i.rx_byte           nrf_drv_uart.o
    0x0002b7ba   0x000000a2   Code   RO         3256    i.rx_char_add       ble_nus.o
    0x0002b85c   0x00000018   Code   RO         3786    i.rx_done_event     nrf_drv_uart.o
    0x0002b874   0x00000024   Code   RO           23    i.scan_start        main.o
    0x0002b898   0x00000042   Code   RO         6378    i.sd_nvic_SetPriority  nrf_sdh.o
    0x0002b8da   0x00000002   PAD
    0x0002b8dc   0x00000054   Code   RO         3323    i.sd_state_evt_handler  nrf_drv_clock.o
    0x0002b930   0x00000030   Code   RO         6379    i.sdh_request_observer_notify  nrf_sdh.o
    0x0002b960   0x0000002c   Code   RO         6380    i.sdh_state_observer_notify  nrf_sdh.o
    0x0002b98c   0x00000044   Code   RO         5414    i.sdk_mapped_flags_bulk_update_by_key  sdk_mapped_flags.o
    0x0002b9d0   0x00000022   Code   RO         5415    i.sdk_mapped_flags_first_key_index_get  sdk_mapped_flags.o
    0x0002b9f2   0x00000010   Code   RO         5416    i.sdk_mapped_flags_get_by_index  sdk_mapped_flags.o
    0x0002ba02   0x00000026   Code   RO         5417    i.sdk_mapped_flags_get_by_key  sdk_mapped_flags.o
    0x0002ba28   0x0000004a   Code   RO         5419    i.sdk_mapped_flags_key_list_get  sdk_mapped_flags.o
    0x0002ba72   0x0000001e   Code   RO         5420    i.sdk_mapped_flags_n_flags_set  sdk_mapped_flags.o
    0x0002ba90   0x0000000e   Code   RO         5421    i.sdk_mapped_flags_update_by_key  sdk_mapped_flags.o
    0x0002ba9e   0x000000a2   Code   RO         2621    i.sec_info_request_process  security_dispatcher.o
    0x0002bb40   0x0000006c   Code   RO         2622    i.sec_keyset_fill   security_dispatcher.o
    0x0002bbac   0x00000076   Code   RO         2762    i.sec_params_verify  security_manager.o
    0x0002bc22   0x00000002   PAD
    0x0002bc24   0x00000038   Code   RO         2623    i.sec_proc_housekeeping  security_dispatcher.o
    0x0002bc5c   0x00000068   Code   RO         2624    i.sec_proc_start    security_dispatcher.o
    0x0002bcc4   0x00000022   Code   RO         2625    i.send_config_req   security_dispatcher.o
    0x0002bce6   0x00000002   PAD
    0x0002bce8   0x00000010   Code   RO          977    i.send_error_evt    ble_conn_params.o
    0x0002bcf8   0x00000028   Code   RO         1381    i.send_unexpected_error  gatt_cache_manager.o
    0x0002bd20   0x00000028   Code   RO         2626    i.send_unexpected_error  security_dispatcher.o
    0x0002bd48   0x00000030   Code   RO         5680    i.serial_tx         nrf_log_backend_uart.o
    0x0002bd78   0x00000044   Code   RO         1487    i.service_changed_pending_set  gatts_cache_manager.o
    0x0002bdbc   0x0000008c   Code   RO         1382    i.service_changed_send_in_evt  gatt_cache_manager.o
    0x0002be48   0x00000088   Code   RO          811    i.service_data_encode  ble_advdata.o
    0x0002bed0   0x00000018   Code   RO         2763    i.sm_ble_evt_handler  security_manager.o
    0x0002bee8   0x00000004   Code   RO         2764    i.sm_conn_sec_config_reply  security_manager.o
    0x0002beec   0x0000004c   Code   RO         2765    i.sm_init           security_manager.o
    0x0002bf38   0x00000040   Code   RO         2768    i.sm_pdb_evt_handler  security_manager.o
    0x0002bf78   0x00000034   Code   RO         2770    i.sm_sec_params_set  security_manager.o
    0x0002bfac   0x00000060   Code   RO         2771    i.sm_smd_evt_handler  security_manager.o
    0x0002c00c   0x00000118   Code   RO         2627    i.smd_ble_evt_handler  security_dispatcher.o
    0x0002c124   0x00000010   Code   RO         2628    i.smd_conn_sec_config_reply  security_dispatcher.o
    0x0002c134   0x00000058   Code   RO         2629    i.smd_init          security_dispatcher.o
    0x0002c18c   0x0000006c   Code   RO         2630    i.smd_link_secure   security_dispatcher.o
    0x0002c1f8   0x000000fc   Code   RO         2631    i.smd_params_reply  security_dispatcher.o
    0x0002c2f4   0x00000040   Code   RO         2772    i.smd_params_reply_perform  security_manager.o
    0x0002c334   0x0000000a   Code   RO         3324    i.soc_evt_handler   nrf_drv_clock.o
    0x0002c33e   0x00000002   PAD
    0x0002c340   0x00000078   Code   RO         6381    i.softdevice_evt_irq_disable  nrf_sdh.o
    0x0002c3b8   0x00000090   Code   RO         6382    i.softdevices_evt_irq_enable  nrf_sdh.o
    0x0002c448   0x00000090   Code   RO         5799    i.std_n             nrf_log_frontend.o
    0x0002c4d8   0x0000006c   Code   RO         6383    i.swi_interrupt_priority_workaround  nrf_sdh.o
    0x0002c544   0x00000080   Code   RO         4190    i.timer_list_handler  app_timer.o
    0x0002c5c4   0x0000003c   Code   RO         4191    i.timer_list_insert  app_timer.o
    0x0002c600   0x00000060   Code   RO         4192    i.timer_list_remove  app_timer.o
    0x0002c660   0x00000048   Code   RO         4193    i.timer_stop_op_schedule  app_timer.o
    0x0002c6a8   0x00000074   Code   RO         4194    i.timer_timeouts_check  app_timer.o
    0x0002c71c   0x00000020   Code   RO         3788    i.tx_byte           nrf_drv_uart.o
    0x0002c73c   0x000000da   Code   RO         3257    i.tx_char_add       ble_nus.o
    0x0002c816   0x0000001c   Code   RO         3789    i.tx_done_event     nrf_drv_uart.o
    0x0002c832   0x00000002   PAD
    0x0002c834   0x0000000c   Code   RO         5681    i.uart_evt_handler  nrf_log_backend_uart.o
    0x0002c840   0x00000058   Code   RO         5682    i.uart_init         nrf_log_backend_uart.o
    0x0002c898   0x0000011e   Code   RO         3790    i.uart_irq_handler  nrf_drv_uart.o
    0x0002c9b6   0x000000f0   Code   RO         3791    i.uarte_irq_handler  nrf_drv_uart.o
    0x0002caa6   0x0000000a   Code   RO          812    i.uint16_encode     ble_advdata.o
    0x0002cab0   0x00000020   Code   RO         5079    i.uninit            nrf_fstorage_sd.o
    0x0002cad0   0x000000b4   Code   RO         4965    i.unsigned_print    nrf_fprintf_format.o
    0x0002cb84   0x00000068   Code   RO          978    i.update_timeout_handler  ble_conn_params.o
    0x0002cbec   0x00000018   Code   RO         1062    i.user_flag_is_acquired  ble_conn_state.o
    0x0002cc04   0x00000030   Code   RO         4195    i.user_op_alloc     app_timer.o
    0x0002cc34   0x00000030   Code   RO          813    i.uuid_list_encode  ble_advdata.o
    0x0002cc64   0x0000009e   Code   RO          814    i.uuid_list_sized_encode  ble_advdata.o
    0x0002cd02   0x00000004   Code   RO         5080    i.wmap              nrf_fstorage_sd.o
    0x0002cd06   0x00000002   PAD
    0x0002cd08   0x00000050   Code   RO         5081    i.write             nrf_fstorage_sd.o
    0x0002cd58   0x00000024   Code   RO         1994    i.write_buf_length_words_set  peer_database.o
    0x0002cd7c   0x0000009c   Code   RO         1995    i.write_buf_store   peer_database.o
    0x0002ce18   0x00000034   Code   RO         1996    i.write_buffer_record_find  peer_database.o
    0x0002ce4c   0x00000028   Code   RO         1997    i.write_buffer_record_find_next  peer_database.o
    0x0002ce74   0x0000001e   Code   RO         1998    i.write_buffer_record_invalidate  peer_database.o
    0x0002ce92   0x00000002   PAD
    0x0002ce94   0x0000002c   Code   RO         1999    i.write_buffer_record_release  peer_database.o
    0x0002cec0   0x000000e8   Code   RO         4484    i.write_enqueue     fds.o
    0x0002cfa8   0x000000f4   Code   RO         4485    i.write_execute     fds.o
    0x0002d09c   0x00000018   Code   RO         4486    i.write_space_free  fds.o
    0x0002d0b4   0x0000005c   Code   RO         4487    i.write_space_reserve  fds.o
    0x0002d110   0x00000018   Data   RO           26    .constdata          main.o
    0x0002d128   0x00000008   Data   RO          506    .constdata          boards.o
    0x0002d130   0x0000002c   Data   RO          622    .constdata          bsp.o
    0x0002d15c   0x0000007c   Data   RO         1212    .constdata          ble_db_discovery.o
    0x0002d1d8   0x00000050   Data   RO         1383    .constdata          gatt_cache_manager.o
    0x0002d228   0x00000004   Data   RO         1488    .constdata          gatts_cache_manager.o
    0x0002d22c   0x00000010   Data   RO         1489    .constdata          gatts_cache_manager.o
    0x0002d23c   0x00000004   Data   RO         1490    .constdata          gatts_cache_manager.o
    0x0002d240   0x00000008   Data   RO         1584    .constdata          id_manager.o
    0x0002d248   0x00000016   Data   RO         1753    .constdata          nrf_ble_gatt.o
    0x0002d25e   0x00000002   PAD
    0x0002d260   0x00000018   Data   RO         1857    .constdata          peer_data_storage.o
    0x0002d278   0x00000010   Data   RO         2001    .constdata          peer_database.o
    0x0002d288   0x00000010   Data   RO         2277    .constdata          peer_manager.o
    0x0002d298   0x00000068   Data   RO         2633    .constdata          security_dispatcher.o
    0x0002d300   0x00000004   Data   RO         2773    .constdata          security_manager.o
    0x0002d304   0x00000028   Data   RO         3184    .constdata          ble_nus_c.o
    0x0002d32c   0x00000020   Data   RO         3258    .constdata          ble_nus.o
    0x0002d34c   0x00000004   Data   RO         3546    .constdata          nrf_drv_gpiote.o
    0x0002d350   0x00000008   Data   RO         3994    .constdata          app_button.o
    0x0002d358   0x00000018   Data   RO         4490    .constdata          fds.o
    0x0002d370   0x00000010   Data   RO         4966    .constdata          nrf_fprintf_format.o
    0x0002d380   0x00000010   Data   RO         5084    .constdata          nrf_fstorage_sd.o
    0x0002d390   0x00000020   Data   RO         5085    .constdata          nrf_fstorage_sd.o
    0x0002d3b0   0x00000104   Data   RO         5383    .constdata          nrf_strerror.o
    0x0002d4b4   0x0000000c   Data   RO         5684    .constdata          nrf_log_backend_uart.o
    0x0002d4c0   0x00000020   Data   RO         5685    .constdata          nrf_log_backend_uart.o
    0x0002d4e0   0x00000014   Data   RO         5802    .constdata          nrf_log_frontend.o
    0x0002d4f4   0x00000010   Data   RO         6384    .constdata          nrf_sdh.o
    0x0002d504   0x00000028   Data   RO         6385    .constdata          nrf_sdh.o
    0x0002d52c   0x00000010   Data   RO         6386    .constdata          nrf_sdh.o
    0x0002d53c   0x00000010   Data   RO         6387    .constdata          nrf_sdh.o
    0x0002d54c   0x00000020   Data   RO         6507    .constdata          nrf_sdh_ble.o
    0x0002d56c   0x00000010   Data   RO         6508    .constdata          nrf_sdh_ble.o
    0x0002d57c   0x00000010   Data   RO         6554    .constdata          nrf_sdh_soc.o
    0x0002d58c   0x0000000c   Data   RO         6555    .constdata          nrf_sdh_soc.o
    0x0002d598   0x00000081   Data   RO         6640    .constdata          mc_w.l(ctype_o.o)
    0x0002d619   0x00000003   PAD
    0x0002d61c   0x00000004   Data   RO         6641    .constdata          mc_w.l(ctype_o.o)
    0x0002d620   0x0000012d   Data   RO         1754    .conststring        nrf_ble_gatt.o
    0x0002d74d   0x00000003   PAD
    0x0002d750   0x00000307   Data   RO         5384    .conststring        nrf_strerror.o
    0x0002da57   0x00000001   PAD
    0x0002da58   0x00000056   Data   RO         5686    .conststring        nrf_log_backend_uart.o
    0x0002daae   0x00000002   PAD
    0x0002dab0   0x00000066   Data   RO         5969    .conststring        nrf_log_str_formatter.o
    0x0002db16   0x00000002   PAD
    0x0002db18   0x000001cf   Data   RO         6509    .conststring        nrf_sdh_ble.o
    0x0002dce7   0x00000001   PAD
    0x0002dce8   0x0000000c   Data   RO         1213    .conststrlit        ble_db_discovery.o
    0x0002dcf4   0x00000009   Data   RO         1755    .conststrlit        nrf_ble_gatt.o
    0x0002dcfd   0x00000003   PAD
    0x0002dd00   0x0000000a   Data   RO         2993    .conststrlit        ble_hrs_c.o
    0x0002dd0a   0x00000002   PAD
    0x0002dd0c   0x0000000b   Data   RO         3117    .conststrlit        ble_rscs_c.o
    0x0002dd17   0x00000001   PAD
    0x0002dd18   0x00000008   Data   RO         3185    .conststrlit        ble_nus_c.o
    0x0002dd20   0x00000006   Data   RO         3330    .conststrlit        nrf_drv_clock.o
    0x0002dd26   0x00000002   PAD
    0x0002dd28   0x00000007   Data   RO         3550    .conststrlit        nrf_drv_gpiote.o
    0x0002dd2f   0x00000001   PAD
    0x0002dd30   0x00000005   Data   RO         3793    .conststrlit        nrf_drv_uart.o
    0x0002dd35   0x00000003   PAD
    0x0002dd38   0x00000007   Data   RO         4881    .conststrlit        nrf_balloc.o
    0x0002dd3f   0x00000001   PAD
    0x0002dd40   0x00000009   Data   RO         5275    .conststrlit        nrf_pwr_mgmt.o
    0x0002dd49   0x00000003   PAD
    0x0002dd4c   0x00000004   Data   RO         5804    .conststrlit        nrf_log_frontend.o
    0x0002dd50   0x00000008   Data   RO         6388    .conststrlit        nrf_sdh.o
    0x0002dd58   0x0000000c   Data   RO         6510    .conststrlit        nrf_sdh_ble.o
    0x0002dd64   0x0000000c   Data   RO         6556    .conststrlit        nrf_sdh_soc.o
    0x0002dd70   0x00000020   Data   RO         6709    Region$$Table       anon$$obj.o
    0x0002dd90   0x00000008   Data   RO         1215    log_const_data      ble_db_discovery.o
    0x0002dd98   0x00000008   Data   RO         1756    log_const_data      nrf_ble_gatt.o
    0x0002dda0   0x00000008   Data   RO         2995    log_const_data      ble_hrs_c.o
    0x0002dda8   0x00000008   Data   RO         3119    log_const_data      ble_rscs_c.o
    0x0002ddb0   0x00000008   Data   RO         3186    log_const_data      ble_nus_c.o
    0x0002ddb8   0x00000008   Data   RO         3331    log_const_data      nrf_drv_clock.o
    0x0002ddc0   0x00000008   Data   RO         3551    log_const_data      nrf_drv_gpiote.o
    0x0002ddc8   0x00000008   Data   RO         3794    log_const_data      nrf_drv_uart.o
    0x0002ddd0   0x00000008   Data   RO         4882    log_const_data      nrf_balloc.o
    0x0002ddd8   0x00000008   Data   RO         5277    log_const_data      nrf_pwr_mgmt.o
    0x0002dde0   0x00000008   Data   RO         5808    log_const_data      nrf_log_frontend.o
    0x0002dde8   0x00000008   Data   RO         6390    log_const_data      nrf_sdh.o
    0x0002ddf0   0x00000008   Data   RO         6511    log_const_data      nrf_sdh_ble.o
    0x0002ddf8   0x00000008   Data   RO         6557    log_const_data      nrf_sdh_soc.o
    0x0002de00   0x00000008   Data   RO         1064    sdh_ble_observers0  ble_conn_state.o
    0x0002de08   0x00000030   Data   RO           29    sdh_ble_observers1  main.o
    0x0002de38   0x00000008   Data   RO          728    sdh_ble_observers1  bsp_btn_ble.o
    0x0002de40   0x00000008   Data   RO          981    sdh_ble_observers1  ble_conn_params.o
    0x0002de48   0x00000008   Data   RO         2279    sdh_ble_observers1  peer_manager.o
    0x0002de50   0x00000028   Data   RO           30    sdh_ble_observers2  main.o
    0x0002de78   0x00000008   Data   RO           31    sdh_ble_observers3  main.o
    0x0002de80   0x00000008   Data   RO         5087    sdh_req_observers0  nrf_fstorage_sd.o
    0x0002de88   0x00000008   Data   RO         3333    sdh_soc_observers0  nrf_drv_clock.o
    0x0002de90   0x00000008   Data   RO         5088    sdh_soc_observers0  nrf_fstorage_sd.o
    0x0002de98   0x00000008   Data   RO           32    sdh_soc_observers1  main.o
    0x0002dea0   0x00000008   Data   RO         6513    sdh_stack_observers0  nrf_sdh_ble.o
    0x0002dea8   0x00000008   Data   RO         6559    sdh_stack_observers0  nrf_sdh_soc.o
    0x0002deb0   0x00000008   Data   RO         3334    sdh_state_observers0  nrf_drv_clock.o
    0x0002deb8   0x00000008   Data   RO         5089    sdh_state_observers0  nrf_fstorage_sd.o


    Execution Region RW_IRAM1 (Base: 0x20004070, Size: 0x00003e98, Max: 0x0000bf90, ABSOLUTE, COMPRESSED[0x00000070])

    Base Addr    Size         Type   Attr      Idx    E Section Name        Object

    0x20004070   0x00000b3a   Data   RW           27    .data               main.o
    0x20004baa   0x00000002   PAD
    0x20004bac   0x00000010   Data   RW          623    .data               bsp.o
    0x20004bbc   0x00000008   Data   RW          727    .data               bsp_btn_ble.o
    0x20004bc4   0x00000008   Data   RW          980    .data               ble_conn_params.o
    0x20004bcc   0x00000010   Data   RW         1214    .data               ble_db_discovery.o
    0x20004bdc   0x0000000c   Data   RW         1384    .data               gatt_cache_manager.o
    0x20004be8   0x00000006   Data   RW         1491    .data               gatts_cache_manager.o
    0x20004bee   0x00000003   Data   RW         1585    .data               id_manager.o
    0x20004bf1   0x00000003   PAD
    0x20004bf4   0x0000000c   Data   RW         1858    .data               peer_data_storage.o
    0x20004c00   0x00000008   Data   RW         2002    .data               peer_database.o
    0x20004c08   0x00000010   Data   RW         2278    .data               peer_manager.o
    0x20004c18   0x00000006   Data   RW         2634    .data               security_dispatcher.o
    0x20004c1e   0x00000002   PAD
    0x20004c20   0x00000015   Data   RW         2774    .data               security_manager.o
    0x20004c35   0x00000003   PAD
    0x20004c38   0x00000014   Data   RW         3995    .data               app_button.o
    0x20004c4c   0x00000014   Data   RW         4197    .data               app_timer.o
    0x20004c60   0x00000030   Data   RW         4491    .data               fds.o
    0x20004c90   0x00000008   Data   RW         5086    .data               nrf_fstorage_sd.o
    0x20004c98   0x0000000c   Data   RW         5687    .data               nrf_log_backend_uart.o
    0x20004ca4   0x0000000c   Data   RW         5741    .data               nrf_log_default_backends.o
    0x20004cb0   0x00000008   Data   RW         5806    .data               nrf_log_frontend.o
    0x20004cb8   0x00000008   Data   RW         5807    .data               nrf_log_frontend.o
    0x20004cc0   0x00000038   Data   RW         5970    .data               nrf_log_str_formatter.o
    0x20004cf8   0x00000003   Data   RW         6389    .data               nrf_sdh.o
    0x20004cfb   0x00000001   PAD
    0x20004cfc   0x00000004   Data   RW         6594    .data               system_nrf52.o
    0x20004d00   0x00000014   Data   RW         4492    fs_data             fds.o
    0x20004d14   0x0000000c   Data   RW         1216    log_dynamic_data    ble_db_discovery.o
    0x20004d20   0x0000000c   Data   RW         1757    log_dynamic_data    nrf_ble_gatt.o
    0x20004d2c   0x0000000c   Data   RW         2996    log_dynamic_data    ble_hrs_c.o
    0x20004d38   0x0000000c   Data   RW         3120    log_dynamic_data    ble_rscs_c.o
    0x20004d44   0x0000000c   Data   RW         3187    log_dynamic_data    ble_nus_c.o
    0x20004d50   0x0000000c   Data   RW         3332    log_dynamic_data    nrf_drv_clock.o
    0x20004d5c   0x0000000c   Data   RW         3552    log_dynamic_data    nrf_drv_gpiote.o
    0x20004d68   0x0000000c   Data   RW         3795    log_dynamic_data    nrf_drv_uart.o
    0x20004d74   0x0000000c   Data   RW         4883    log_dynamic_data    nrf_balloc.o
    0x20004d80   0x0000000c   Data   RW         5278    log_dynamic_data    nrf_pwr_mgmt.o
    0x20004d8c   0x0000000c   Data   RW         5809    log_dynamic_data    nrf_log_frontend.o
    0x20004d98   0x0000000c   Data   RW         6391    log_dynamic_data    nrf_sdh.o
    0x20004da4   0x0000000c   Data   RW         6512    log_dynamic_data    nrf_sdh_ble.o
    0x20004db0   0x0000000c   Data   RW         6558    log_dynamic_data    nrf_sdh_soc.o
    0x20004dbc   0x000001bc   Zero   RW           25    .bss                main.o
    0x20004f78   0x00000020   Zero   RW          618    .bss                bsp.o
    0x20004f98   0x00000020   Zero   RW          619    .bss                bsp.o
    0x20004fb8   0x0000000c   Zero   RW          620    .bss                bsp.o
    0x20004fc4   0x00000020   Zero   RW          621    .bss                bsp.o
    0x20004fe4   0x00000050   Zero   RW          979    .bss                ble_conn_params.o
    0x20005034   0x000000b8   Zero   RW         1063    .bss                ble_conn_state.o
    0x200050ec   0x00000318   Zero   RW         1211    .bss                ble_db_discovery.o
    0x20005404   0x00000100   Zero   RW         1583    .bss                id_manager.o
    0x20005504   0x000000d0   Zero   RW         2000    .bss                peer_database.o
    0x200055d4   0x00000040   Zero   RW         2156    .bss                peer_id.o
    0x20005614   0x0000000c   Zero   RW         2276    .bss                peer_manager.o
    0x20005620   0x00000040   Zero   RW         2632    .bss                security_dispatcher.o
    0x20005660   0x00000014   Zero   RW         3325    .bss                nrf_drv_clock.o
    0x20005674   0x00000058   Zero   RW         3545    .bss                nrf_drv_gpiote.o
    0x200056cc   0x00000020   Zero   RW         3792    .bss                nrf_drv_uart.o
    0x200056ec   0x00000020   Zero   RW         3993    .bss                app_button.o
    0x2000570c   0x00000020   Zero   RW         4052    .bss                app_error.o
    0x2000572c   0x0000010c   Zero   RW         4196    .bss                app_timer.o
    0x20005838   0x0000000c   Zero   RW         4345    .bss                app_util_platform.o
    0x20005844   0x000000e0   Zero   RW         4488    .bss                fds.o
    0x20005924   0x00000010   Zero   RW         4489    .bss                fds.o
    0x20005934   0x000000a0   Zero   RW         5082    .bss                nrf_fstorage_sd.o
    0x200059d4   0x00000010   Zero   RW         5083    .bss                nrf_fstorage_sd.o
    0x200059e4   0x00000040   Zero   RW         5683    .bss                nrf_log_backend_uart.o
    0x20005a24   0x000000c0   Zero   RW         5800    .bss                nrf_log_frontend.o
    0x20005ae4   0x00000420   Zero   RW         5801    .bss                nrf_log_frontend.o
    0x20005f04   0x00000004   PAD
    0x20005f08   0x00002000   Zero   RW         6582    STACK               arm_startup_nrf52.o


==============================================================================

Image component sizes


      Code (inc. data)   RO Data    RW Data    ZI Data      Debug   Object Name

       380         44          8         20         32      10839   app_button.o
       124          4          0          0         32       3806   app_error.o
       320        152          0          0          0       4762   app_error_weak.o
         0          0          0          0          0      21024   app_scheduler.o
      1630        122          0         20        268      47603   app_timer.o
         0          0          0          0          0       5892   app_uart_fifo.o
       124         14          0          0         12       9078   app_util_platform.o
        36          8        512          0       8192        920   arm_startup_nrf52.o
      1330          0          0          0          0      36907   ble_advdata.o
       928          6          0          0          0       9412   ble_advertising.o
       636         44          8          8         80       9251   ble_conn_params.o
       616        112          8          0        184       9989   ble_conn_state.o
      1658         78        144         28        792      25767   ble_db_discovery.o
         0          0         18         12          0       2300   ble_hrs_c.o
       620         10         32          0          0       6644   ble_nus.o
       410         10         56         12          0      16306   ble_nus_c.o
         0          0         19         12          0       2210   ble_rscs_c.o
         8          0          0          0          0       1434   ble_srv_common.o
       306         36          8          0          0      12678   boards.o
       886         80         44         16        108      13287   bsp.o
       222         10          8          8          0       4059   bsp_btn_ble.o
      3726        332         24         68        240      51926   fds.o
      1028         74         80         12          0      18849   gatt_cache_manager.o
       490         38         24          6          0       9139   gatts_cache_manager.o
      1156         58          8          3        256      18557   id_manager.o
      3536       1228        128       2874        444     190287   main.o
       342          0          0          0          0       6442   nrf_atfifo.o
       164          0         15         12          0       3857   nrf_balloc.o
       716         46        340         12          0      32955   nrf_ble_gatt.o
       408         40         30         12         20      41043   nrf_drv_clock.o
        56          0          0          0          0      27535   nrf_drv_common.o
      1250         90         19         12         88      31336   nrf_drv_gpiote.o
      1784         60         13         12         32      40086   nrf_drv_uart.o
        50          0          0          0          0       3517   nrf_fprintf.o
       850          4         16          0          0       5398   nrf_fprintf_format.o
       312         10          0          0          0       5948   nrf_fstorage.o
       926         72         72          8        176      18831   nrf_fstorage_sd.o
       210          0          0          0          0      11051   nrf_log_backend_serial.o
       204         44        130         12         64       6414   nrf_log_backend_uart.o
        28          6          0         12          0       3199   nrf_log_default_backends.o
      1512         88         32         28       1248      32573   nrf_log_frontend.o
       506         66        102         56          0       5488   nrf_log_str_formatter.o
       494          0          0          0          0      13035   nrf_memobj.o
         0          0         17         12          0       7281   nrf_pwr_mgmt.o
       812        242        104         15          0      50800   nrf_sdh.o
       728        222        539         12          0       5913   nrf_sdh_ble.o
       128         68         56         12          0       2588   nrf_sdh_soc.o
        78          0          0          0          0       2736   nrf_section_iter.o
        76         10       1035          0          0       2711   nrf_strerror.o
      1034         46         24         12          0      16912   peer_data_storage.o
      1268         62         16          8        208      24662   peer_database.o
       336         38          0          0         64       9035   peer_id.o
       986         80         24         16         12      15984   peer_manager.o
       242          0          0          0          0       4415   pm_buffer.o
       226          0          0          0          0       5321   pm_mutex.o
       274          0          0          0          0       7123   sdk_mapped_flags.o
      2060         92        104          6         64      29774   security_dispatcher.o
      1122         56          4         21          0      45620   security_manager.o
       796         70          0          4          0      29618   system_nrf52.o

    ----------------------------------------------------------------------
     40232       3972       3880       3404      12620    1092127   Object Totals
         0          0         32          0          0          0   (incl. Generated)
        84          0         27         11          4          0   (incl. Padding)

    ----------------------------------------------------------------------

      Code (inc. data)   RO Data    RW Data    ZI Data      Debug   Library Member Name

        86          0          0          0          0          0   __dczerorl2.o
         8          4        133          0          0         68   ctype_o.o
         0          0          0          0          0          0   entry.o
         0          0          0          0          0          0   entry10a.o
         0          0          0          0          0          0   entry11a.o
         8          4          0          0          0          0   entry2.o
         4          0          0          0          0          0   entry5.o
         0          0          0          0          0          0   entry7b.o
         0          0          0          0          0          0   entry8b.o
         8          4          0          0          0          0   entry9a.o
        30          0          0          0          0          0   handlers.o
        36          8          0          0          0         68   init.o
        30          0          0          0          0         68   llshl.o
        32          0          0          0          0         68   llushr.o
        26          0          0          0          0         80   memcmp.o
        64          0          0          0          0         76   memmovea.o
        36          0          0          0          0        108   memseta.o
        14          0          0          0          0         68   strlen.o
        98          0          0          0          0         92   uldiv.o

    ----------------------------------------------------------------------
       488         20        136          0          0        696   Library Totals
         8          0          3          0          0          0   (incl. Padding)

    ----------------------------------------------------------------------

      Code (inc. data)   RO Data    RW Data    ZI Data      Debug   Library Name

       480         20        133          0          0        696   mc_w.l

    ----------------------------------------------------------------------
       488         20        136          0          0        696   Library Totals

    ----------------------------------------------------------------------

==============================================================================


      Code (inc. data)   RO Data    RW Data    ZI Data      Debug   

     40720       3992       4016       3404      12620    1042999   Grand Totals
     40720       3992       4016        112      12620    1042999   ELF Image Totals (compressed)
     40720       3992       4016        112          0          0   ROM Totals

==============================================================================

    Total RO  Size (Code + RO Data)                44736 (  43.69kB)
    Total RW  Size (RW Data + ZI Data)             16024 (  15.65kB)
    Total ROM Size (Code + RO Data + RW Data)      44848 (  43.80kB)

==============================================================================

