Component: ARM Compiler 5.05 update 2 (build 169) Tool: armlink [4d0f33]

==============================================================================

Section Cross References

    main.o(i.adv_scan_start) refers to nrf_fstorage.o(i.nrf_fstorage_is_busy) for nrf_fstorage_is_busy
    main.o(i.adv_scan_start) refers to main.o(i.scan_start) for scan_start
    main.o(i.adv_scan_start) refers to boards.o(i.bsp_board_led_on) for bsp_board_led_on
    main.o(i.adv_scan_start) refers to ble_advertising.o(i.ble_advertising_start) for ble_advertising_start
    main.o(i.adv_scan_start) refers to app_error.o(i.app_error_handler_bare) for app_error_handler_bare
    main.o(i.adv_scan_start) refers to main.o(.bss) for .bss
    main.o(i.assert_nrf_callback) refers to app_error.o(i.app_error_handler) for app_error_handler
    main.o(i.ble_evt_handler) refers to ble_conn_state.o(i.ble_conn_state_role) for ble_conn_state_role
    main.o(i.ble_evt_handler) refers to ble_nus_c.o(i.ble_nus_c_on_ble_evt) for ble_nus_c_on_ble_evt
    main.o(i.ble_evt_handler) refers to main.o(i.on_ble_central_evt) for on_ble_central_evt
    main.o(i.ble_evt_handler) refers to ble_hrs.o(i.ble_hrs_on_ble_evt) for ble_hrs_on_ble_evt
    main.o(i.ble_evt_handler) refers to ble_rscs.o(i.ble_rscs_on_ble_evt) for ble_rscs_on_ble_evt
    main.o(i.ble_evt_handler) refers to main.o(i.on_ble_peripheral_evt) for on_ble_peripheral_evt
    main.o(i.ble_evt_handler) refers to main.o(.bss) for .bss
    main.o(i.ble_nus_c_evt_handler) refers to nrf_log_frontend.o(i.nrf_log_frontend_std_0) for nrf_log_frontend_std_0
    main.o(i.ble_nus_c_evt_handler) refers to main.o(i.scan_start) for scan_start
    main.o(i.ble_nus_c_evt_handler) refers to ble_nus_c.o(i.ble_nus_c_handles_assign) for ble_nus_c_handles_assign
    main.o(i.ble_nus_c_evt_handler) refers to app_error.o(i.app_error_handler_bare) for app_error_handler_bare
    main.o(i.ble_nus_c_evt_handler) refers to ble_nus_c.o(i.ble_nus_c_tx_notif_enable) for ble_nus_c_tx_notif_enable
    main.o(i.ble_nus_c_evt_handler) refers to nrf_log_frontend.o(log_dynamic_data) for m_nrf_log_app_logs_data_dynamic
    main.o(i.conn_params_error_handler) refers to app_error.o(i.app_error_handler_bare) for app_error_handler_bare
    main.o(i.db_disc_handler) refers to ble_nus_c.o(i.ble_nus_c_on_db_disc_evt) for ble_nus_c_on_db_disc_evt
    main.o(i.db_disc_handler) refers to main.o(.bss) for .bss
    main.o(i.main) refers to nrf_log_frontend.o(i.nrf_log_init) for nrf_log_init
    main.o(i.main) refers to app_error.o(i.app_error_handler_bare) for app_error_handler_bare
    main.o(i.main) refers to nrf_log_default_backends.o(i.nrf_log_default_backends_init) for nrf_log_default_backends_init
    main.o(i.main) refers to app_timer.o(i.app_timer_init) for app_timer_init
    main.o(i.main) refers to bsp.o(i.bsp_init) for bsp_init
    main.o(i.main) refers to bsp_btn_ble.o(i.bsp_btn_ble_init) for bsp_btn_ble_init
    main.o(i.main) refers to nrf_sdh.o(i.nrf_sdh_enable_request) for nrf_sdh_enable_request
    main.o(i.main) refers to nrf_sdh_ble.o(i.nrf_sdh_ble_default_cfg_set) for nrf_sdh_ble_default_cfg_set
    main.o(i.main) refers to nrf_sdh_ble.o(i.nrf_sdh_ble_enable) for nrf_sdh_ble_enable
    main.o(i.main) refers to nrf_ble_gatt.o(i.nrf_ble_gatt_init) for nrf_ble_gatt_init
    main.o(i.main) refers to memseta.o(.text) for __aeabi_memclr4
    main.o(i.main) refers to ble_conn_params.o(i.ble_conn_params_init) for ble_conn_params_init
    main.o(i.main) refers to ble_db_discovery.o(i.ble_db_discovery_init) for ble_db_discovery_init
    main.o(i.main) refers to main.o(i.peer_manager_init) for peer_manager_init
    main.o(i.main) refers to ble_nus_c.o(i.ble_nus_c_init) for ble_nus_c_init
    main.o(i.main) refers to main.o(i.services_init) for services_init
    main.o(i.main) refers to ble_advertising.o(i.ble_advertising_init) for ble_advertising_init
    main.o(i.main) refers to ble_advertising.o(i.ble_advertising_conn_cfg_tag_set) for ble_advertising_conn_cfg_tag_set
    main.o(i.main) refers to nrf_log_frontend.o(i.nrf_log_frontend_std_0) for nrf_log_frontend_std_0
    main.o(i.main) refers to peer_manager.o(i.pm_peers_delete) for pm_peers_delete
    main.o(i.main) refers to main.o(i.adv_scan_start) for adv_scan_start
    main.o(i.main) refers to nrf_log_frontend.o(i.nrf_log_frontend_dequeue) for nrf_log_frontend_dequeue
    main.o(i.main) refers to main.o(.bss) for .bss
    main.o(i.main) refers to main.o(i.conn_params_error_handler) for conn_params_error_handler
    main.o(i.main) refers to main.o(i.db_disc_handler) for db_disc_handler
    main.o(i.main) refers to main.o(i.ble_nus_c_evt_handler) for ble_nus_c_evt_handler
    main.o(i.main) refers to main.o(.data) for .data
    main.o(i.main) refers to main.o(i.on_adv_evt) for on_adv_evt
    main.o(i.main) refers to nrf_log_frontend.o(log_dynamic_data) for m_nrf_log_app_logs_data_dynamic
[...]
    nrf_fstorage_is_busy                     0x00028645   Thumb Code    70  nrf_fstorage.o(i.nrf_fstorage_is_busy)
    nrf_fstorage_sdh_req_handler             0x00028695   Thumb Code    18  nrf_fstorage_sd.o(i.nrf_fstorage_sdh_req_handler)
    nrf_fstorage_sdh_state_handler           0x000286ad   Thumb Code    28  nrf_fstorage_sd.o(i.nrf_fstorage_sdh_state_handler)
    nrf_fstorage_sys_evt_handler             0x000286cd   Thumb Code   150  nrf_fstorage_sd.o(i.nrf_fstorage_sys_evt_handler)
    nrf_fstorage_write                       0x00028771   Thumb Code   102  nrf_fstorage.o(i.nrf_fstorage_write)
    nrf_log_backend_add                      0x00028901   Thumb Code    74  nrf_log_frontend.o(i.nrf_log_backend_add)
    nrf_log_backend_serial_put               0x00028951   Thumb Code   210  nrf_log_backend_serial.o(i.nrf_log_backend_serial_put)
    nrf_log_backend_uart_init                0x00028a25   Thumb Code     6  nrf_log_backend_uart.o(i.nrf_log_backend_uart_init)
    nrf_log_color_id_get                     0x00028a5d   Thumb Code    42  nrf_log_frontend.o(i.nrf_log_color_id_get)
    nrf_log_default_backends_init            0x00028a8d   Thumb Code    22  nrf_log_default_backends.o(i.nrf_log_default_backends_init)
    nrf_log_frontend_dequeue                 0x00028aa9   Thumb Code   488  nrf_log_frontend.o(i.nrf_log_frontend_dequeue)
    nrf_log_frontend_std_0                   0x00028c99   Thumb Code     8  nrf_log_frontend.o(i.nrf_log_frontend_std_0)
    nrf_log_frontend_std_1                   0x00028ca1   Thumb Code    14  nrf_log_frontend.o(i.nrf_log_frontend_std_1)
    nrf_log_frontend_std_2                   0x00028caf   Thumb Code    16  nrf_log_frontend.o(i.nrf_log_frontend_std_2)
    nrf_log_frontend_std_3                   0x00028cbf   Thumb Code    18  nrf_log_frontend.o(i.nrf_log_frontend_std_3)
    nrf_log_hexdump_entry_process            0x00028cd1   Thumb Code   146  nrf_log_str_formatter.o(i.nrf_log_hexdump_entry_process)
    nrf_log_init                             0x00028d7d   Thumb Code    70  nrf_log_frontend.o(i.nrf_log_init)
    nrf_log_module_cnt_get                   0x00028dd9   Thumb Code    10  nrf_log_frontend.o(i.nrf_log_module_cnt_get)
    nrf_log_module_name_get                  0x00028ded   Thumb Code    24  nrf_log_frontend.o(i.nrf_log_module_name_get)
    nrf_log_panic                            0x00028e09   Thumb Code    34  nrf_log_frontend.o(i.nrf_log_panic)
    nrf_log_std_entry_process                0x00028e31   Thumb Code   182  nrf_log_str_formatter.o(i.nrf_log_std_entry_process)
    nrf_memobj_alloc                         0x00028ee7   Thumb Code    96  nrf_memobj.o(i.nrf_memobj_alloc)
    nrf_memobj_free                          0x00028f47   Thumb Code    50  nrf_memobj.o(i.nrf_memobj_free)
    nrf_memobj_get                           0x00028f79   Thumb Code    14  nrf_memobj.o(i.nrf_memobj_get)
    nrf_memobj_pool_init                     0x00028f87   Thumb Code     4  nrf_memobj.o(i.nrf_memobj_pool_init)
    nrf_memobj_put                           0x00028f8b   Thumb Code    34  nrf_memobj.o(i.nrf_memobj_put)
    nrf_memobj_read                          0x00028fad   Thumb Code    12  nrf_memobj.o(i.nrf_memobj_read)
    nrf_memobj_write                         0x00028fb9   Thumb Code    12  nrf_memobj.o(i.nrf_memobj_write)
    nrf_sdh_ble_app_ram_start_get            0x00028fc5   Thumb Code    16  nrf_sdh_ble.o(i.nrf_sdh_ble_app_ram_start_get)
    nrf_sdh_ble_default_cfg_set              0x00028fd9   Thumb Code   236  nrf_sdh_ble.o(i.nrf_sdh_ble_default_cfg_set)
    nrf_sdh_ble_enable                       0x000290dd   Thumb Code    96  nrf_sdh_ble.o(i.nrf_sdh_ble_enable)
    nrf_sdh_disable_request                  0x00029205   Thumb Code    54  nrf_sdh.o(i.nrf_sdh_disable_request)
    nrf_sdh_enable_request                   0x00029241   Thumb Code    96  nrf_sdh.o(i.nrf_sdh_enable_request)
    nrf_sdh_evts_poll                        0x000292ad   Thumb Code    32  nrf_sdh.o(i.nrf_sdh_evts_poll)
    nrf_sdh_is_enabled                       0x000292d1   Thumb Code     6  nrf_sdh.o(i.nrf_sdh_is_enabled)
    nrf_sdh_request_continue                 0x000292dd   Thumb Code    22  nrf_sdh.o(i.nrf_sdh_request_continue)
    nrf_section_iter_init                    0x00029335   Thumb Code    10  nrf_section_iter.o(i.nrf_section_iter_init)
    nrf_section_iter_next                    0x00029363   Thumb Code    32  nrf_section_iter.o(i.nrf_section_iter_next)
    nrf_strerror_find                        0x00029385   Thumb Code    52  nrf_strerror.o(i.nrf_strerror_find)
    nrf_strerror_get                         0x000293bd   Thumb Code    14  nrf_strerror.o(i.nrf_strerror_get)
    pdb_init                                 0x00029e65   Thumb Code    64  peer_database.o(i.pdb_init)
    pdb_next_deleted_peer_id_get             0x00029ead   Thumb Code     4  peer_database.o(i.pdb_next_deleted_peer_id_get)
    pdb_next_peer_id_get                     0x00029eb1   Thumb Code     4  peer_database.o(i.pdb_next_peer_id_get)
    pdb_pds_evt_handler                      0x00029eb5   Thumb Code   110  peer_database.o(i.pdb_pds_evt_handler)
    pdb_peer_allocate                        0x00029f2d   Thumb Code     4  peer_database.o(i.pdb_peer_allocate)
    pdb_peer_data_load                       0x00029f31   Thumb Code    16  peer_database.o(i.pdb_peer_data_load)
    pdb_peer_data_ptr_get                    0x00029f41   Thumb Code     6  peer_database.o(i.pdb_peer_data_ptr_get)
    pdb_peer_free                            0x00029f47   Thumb Code    68  peer_database.o(i.pdb_peer_free)
    pdb_raw_store                            0x00029f8b   Thumb Code     8  peer_database.o(i.pdb_raw_store)
    pdb_write_buf_get                        0x00029f95   Thumb Code   256  peer_database.o(i.pdb_write_buf_get)
    pdb_write_buf_release                    0x0002a099   Thumb Code    40  peer_database.o(i.pdb_write_buf_release)
    pdb_write_buf_store                      0x0002a0c1   Thumb Code    40  peer_database.o(i.pdb_write_buf_store)
    pdb_write_buf_store_prepare              0x0002a0e9   Thumb Code    98  peer_database.o(i.pdb_write_buf_store_prepare)
    pds_init                                 0x0002a161   Thumb Code    98  peer_data_storage.o(i.pds_init)
    pds_next_deleted_peer_id_get             0x0002a1cd   Thumb Code     4  peer_data_storage.o(i.pds_next_deleted_peer_id_get)
    pds_next_peer_id_get                     0x0002a1d1   Thumb Code     4  peer_data_storage.o(i.pds_next_peer_id_get)
    pds_peer_data_iterate                    0x0002a1d5   Thumb Code    84  peer_data_storage.o(i.pds_peer_data_iterate)
    pds_peer_data_iterate_prepare            0x0002a22d   Thumb Code    10  peer_data_storage.o(i.pds_peer_data_iterate_prepare)
    pds_peer_data_read                       0x0002a23d   Thumb Code   104  peer_data_storage.o(i.pds_peer_data_read)
    pds_peer_data_store                      0x0002a2a5   Thumb Code   150  peer_data_storage.o(i.pds_peer_data_store)
    pds_peer_id_allocate                     0x0002a33b   Thumb Code     8  peer_data_storage.o(i.pds_peer_id_allocate)
    pds_peer_id_free                         0x0002a343   Thumb Code    22  peer_data_storage.o(i.pds_peer_id_free)
    pds_peer_id_is_allocated                 0x0002a359   Thumb Code     4  peer_data_storage.o(i.pds_peer_id_is_allocated)
    pds_space_reserve                        0x0002a35d   Thumb Code    46  peer_data_storage.o(i.pds_space_reserve)
    pds_space_reserve_cancel                 0x0002a38b   Thumb Code    16  peer_data_storage.o(i.pds_space_reserve_cancel)
    peer_id_allocate                         0x0002a4a1   Thumb Code     6  peer_id.o(i.peer_id_allocate)
    peer_id_delete                           0x0002a4ad   Thumb Code    32  peer_id.o(i.peer_id_delete)
    peer_id_free                             0x0002a4d1   Thumb Code    24  peer_id.o(i.peer_id_free)
    peer_id_get_next_deleted                 0x0002a4ed   Thumb Code     6  peer_id.o(i.peer_id_get_next_deleted)
    peer_id_get_next_used                    0x0002a4f9   Thumb Code    42  peer_id.o(i.peer_id_get_next_used)
    peer_id_init                             0x0002a529   Thumb Code    36  peer_id.o(i.peer_id_init)
    peer_id_is_allocated                     0x0002a551   Thumb Code    16  peer_id.o(i.peer_id_is_allocated)
    peer_id_is_deleted                       0x0002a565   Thumb Code    16  peer_id.o(i.peer_id_is_deleted)
    pm_buffer_block_acquire                  0x0002a781   Thumb Code    92  pm_buffer.o(i.pm_buffer_block_acquire)
    pm_buffer_init                           0x0002a7dd   Thumb Code    64  pm_buffer.o(i.pm_buffer_init)
    pm_buffer_ptr_get                        0x0002a81d   Thumb Code    40  pm_buffer.o(i.pm_buffer_ptr_get)
    pm_buffer_release                        0x0002a845   Thumb Code    46  pm_buffer.o(i.pm_buffer_release)
    pm_conn_sec_config_reply                 0x0002a873   Thumb Code    10  peer_manager.o(i.pm_conn_sec_config_reply)
    pm_gcm_evt_handler                       0x0002a979   Thumb Code     4  peer_manager.o(i.pm_gcm_evt_handler)
    pm_im_evt_handler                        0x0002a97d   Thumb Code    30  peer_manager.o(i.pm_im_evt_handler)
    pm_init                                  0x0002a9a1   Thumb Code    84  peer_manager.o(i.pm_init)
    pm_local_database_has_changed            0x0002a9f9   Thumb Code    14  peer_manager.o(i.pm_local_database_has_changed)
    pm_mutex_init                            0x0002aa0d   Thumb Code    14  pm_mutex.o(i.pm_mutex_init)
    pm_mutex_lock                            0x0002aa1b   Thumb Code    26  pm_mutex.o(i.pm_mutex_lock)
    pm_mutex_lock_first_available            0x0002aa35   Thumb Code    54  pm_mutex.o(i.pm_mutex_lock_first_available)
    pm_mutex_lock_status_get                 0x0002aa6b   Thumb Code    24  pm_mutex.o(i.pm_mutex_lock_status_get)
    pm_mutex_unlock                          0x0002aa83   Thumb Code    58  pm_mutex.o(i.pm_mutex_unlock)
    pm_pdb_evt_handler                       0x0002aabd   Thumb Code   276  peer_manager.o(i.pm_pdb_evt_handler)
    pm_peer_delete                           0x0002abd5   Thumb Code    14  peer_manager.o(i.pm_peer_delete)
    pm_peer_ranks_get                        0x0002abe9   Thumb Code   176  peer_manager.o(i.pm_peer_ranks_get)
    pm_peers_delete                          0x0002aca1   Thumb Code    98  peer_manager.o(i.pm_peers_delete)
    pm_register                              0x0002ad09   Thumb Code    34  peer_manager.o(i.pm_register)
    pm_sec_params_set                        0x0002ad35   Thumb Code    14  peer_manager.o(i.pm_sec_params_set)
    pm_sm_evt_handler                        0x0002ad49   Thumb Code    46  peer_manager.o(i.pm_sm_evt_handler)
    sdk_mapped_flags_bulk_update_by_key      0x0002b5b9   Thumb Code    68  sdk_mapped_flags.o(i.sdk_mapped_flags_bulk_update_by_key)
    sdk_mapped_flags_first_key_index_get     0x0002b5fd   Thumb Code    34  sdk_mapped_flags.o(i.sdk_mapped_flags_first_key_index_get)
    sdk_mapped_flags_get_by_key              0x0002b62f   Thumb Code    38  sdk_mapped_flags.o(i.sdk_mapped_flags_get_by_key)
    sdk_mapped_flags_key_list_get            0x0002b655   Thumb Code    74  sdk_mapped_flags.o(i.sdk_mapped_flags_key_list_get)
    sdk_mapped_flags_n_flags_set             0x0002b69f   Thumb Code    30  sdk_mapped_flags.o(i.sdk_mapped_flags_n_flags_set)
    sdk_mapped_flags_update_by_key           0x0002b6bd   Thumb Code    14  sdk_mapped_flags.o(i.sdk_mapped_flags_update_by_key)
    sm_ble_evt_handler                       0x0002bbe5   Thumb Code    18  security_manager.o(i.sm_ble_evt_handler)
    sm_conn_sec_config_reply                 0x0002bbfd   Thumb Code     4  security_manager.o(i.sm_conn_sec_config_reply)
    sm_init                                  0x0002bc01   Thumb Code    70  security_manager.o(i.sm_init)
    sm_pdb_evt_handler                       0x0002bc4d   Thumb Code    60  security_manager.o(i.sm_pdb_evt_handler)
    sm_sec_params_set                        0x0002bc8d   Thumb Code    46  security_manager.o(i.sm_sec_params_set)
    sm_smd_evt_handler                       0x0002bcc1   Thumb Code    92  security_manager.o(i.sm_smd_evt_handler)
    smd_ble_evt_handler                      0x0002bd21   Thumb Code   272  security_dispatcher.o(i.smd_ble_evt_handler)
    smd_conn_sec_config_reply                0x0002be39   Thumb Code    10  security_dispatcher.o(i.smd_conn_sec_config_reply)
    smd_init                                 0x0002be49   Thumb Code    84  security_dispatcher.o(i.smd_init)
    smd_link_secure                          0x0002bea1   Thumb Code   102  security_dispatcher.o(i.smd_link_secure)
    smd_params_reply                         0x0002bf0d   Thumb Code   242  security_dispatcher.o(i.smd_params_reply)
    write_buf_store                          0x0002c8c1   Thumb Code   146  peer_database.o(i.write_buf_store)
    nrf_fstorage_sd                          0x0002ceb4   Data          32  nrf_fstorage_sd.o(.constdata)
    nrf_log_backend_uart_api                 0x0002cfd8   Data          12  nrf_log_backend_uart.o(.constdata)
    m_ram_start                              0x0002d090   Data           4  nrf_sdh_ble.o(.constdata)
    __ctype_table                            0x0002d0bc   Data         129  ctype_o.o(.constdata)
    Region$$Table$$Base                      0x0002d7f4   Number         0  anon$$obj.o(Region$$Table)
    Region$$Table$$Limit                     0x0002d814   Number         0  anon$$obj.o(Region$$Table)
    log_const_data$$Base                     0x0002d814   Number         0  ble_db_discovery.o(log_const_data)
    m_nrf_log_ble_db_disc_logs_data_const    0x0002d814   Data           8  ble_db_discovery.o(log_const_data)
    m_nrf_log_ble_gatt_logs_data_const       0x0002d81c   Data           8  nrf_ble_gatt.o(log_const_data)
    m_nrf_log_ble_hrs_c_logs_data_const      0x0002d824   Data           8  ble_hrs_c.o(log_const_data)
    m_nrf_log_ble_rscs_c_logs_data_const     0x0002d82c   Data           8  ble_rscs_c.o(log_const_data)
    m_nrf_log_ble_nus_logs_data_const        0x0002d834   Data           8  ble_nus_c.o(log_const_data)
    m_nrf_log_clock_logs_data_const          0x0002d83c   Data           8  nrf_drv_clock.o(log_const_data)
    m_nrf_log_gpiote_logs_data_const         0x0002d844   Data           8  nrf_drv_gpiote.o(log_const_data)
    m_nrf_log_uart_logs_data_const           0x0002d84c   Data           8  nrf_drv_uart.o(log_const_data)
    m_nrf_log_balloc_logs_data_const         0x0002d854   Data           8  nrf_balloc.o(log_const_data)
    m_nrf_log_pwr_mgmt_logs_data_const       0x0002d85c   Data           8  nrf_pwr_mgmt.o(log_const_data)
    m_nrf_log_app_logs_data_const            0x0002d864   Data           8  nrf_log_frontend.o(log_const_data)
    m_nrf_log_nrf_sdh_logs_data_const        0x0002d86c   Data           8  nrf_sdh.o(log_const_data)
    m_nrf_log_nrf_sdh_ble_logs_data_const    0x0002d874   Data           8  nrf_sdh_ble.o(log_const_data)
    m_nrf_log_nrf_sdh_soc_logs_data_const    0x0002d87c   Data           8  nrf_sdh_soc.o(log_const_data)
    log_const_data$$Limit                    0x0002d884   Number         0  nrf_sdh_soc.o(log_const_data)
    sdh_ble_observers0$$Base                 0x0002d884   Number         0  ble_conn_state.o(sdh_ble_observers0)
    sdh_ble_observers0$$Limit                0x0002d88c   Number         0  ble_conn_state.o(sdh_ble_observers0)
    sdh_ble_observers1$$Base                 0x0002d88c   Number         0  main.o(sdh_ble_observers1)
    sdh_ble_observers1$$Limit                0x0002d8c4   Number         0  peer_manager.o(sdh_ble_observers1)
    sdh_ble_observers2$$Base                 0x0002d8c4   Number         0  main.o(sdh_ble_observers2)
    sdh_ble_observers2$$Limit                0x0002d8d4   Number         0  main.o(sdh_ble_observers2)
    sdh_ble_observers3$$Base                 0x0002d8d4   Number         0  main.o(sdh_ble_observers3)
    m_req_obs                                0x0002d8dc   Data           8  nrf_fstorage_sd.o(sdh_req_observers0)
    sdh_ble_observers3$$Limit                0x0002d8dc   Number         0  main.o(sdh_ble_observers3)
    sdh_req_observers0$$Base                 0x0002d8dc   Number         0  nrf_fstorage_sd.o(sdh_req_observers0)
    sdh_req_observers0$$Limit                0x0002d8e4   Number         0  nrf_fstorage_sd.o(sdh_req_observers0)
    sdh_soc_observers0$$Base                 0x0002d8e4   Number         0  nrf_drv_clock.o(sdh_soc_observers0)
    sdh_soc_observers0$$Limit                0x0002d8f4   Number         0  nrf_fstorage_sd.o(sdh_soc_observers0)
    sdh_soc_observers1$$Base                 0x0002d8f4   Number         0  main.o(sdh_soc_observers1)
    sdh_soc_observers1$$Limit                0x0002d8fc   Number         0  main.o(sdh_soc_observers1)
    sdh_stack_observers0$$Base               0x0002d8fc   Number         0  nrf_sdh_ble.o(sdh_stack_observers0)
    sdh_stack_observers0$$Limit              0x0002d90c   Number         0  nrf_sdh_soc.o(sdh_stack_observers0)
    sdh_state_observers0$$Base               0x0002d90c   Number         0  nrf_drv_clock.o(sdh_state_observers0)
    sdh_state_observers0$$Limit              0x0002d91c   Number         0  nrf_fstorage_sd.o(sdh_state_observers0)
    Image$$RW_IRAM1$$Base                    0x20002c60   Number         0  anon$$obj.o ABSOLUTE
    m_uart                                   0x200032f0   Data           8  nrf_log_backend_uart.o(.data)
    SystemCoreClock                          0x20003350   Data           4  system_nrf52.o(.data)
    fs_data$$Base                            0x20003354   Number         0  fds.o(fs_data)
    m_fs                                     0x20003354   Data          20  fds.o(fs_data)
    fs_data$$Limit                           0x20003368   Number         0  fds.o(fs_data)
    log_dynamic_data$$Base                   0x20003368   Number         0  ble_db_discovery.o(log_dynamic_data)
    m_nrf_log_ble_db_disc_logs_data_dynamic  0x20003368   Data          12  ble_db_discovery.o(log_dynamic_data)
    m_nrf_log_ble_gatt_logs_data_dynamic     0x20003374   Data          12  nrf_ble_gatt.o(log_dynamic_data)
    m_nrf_log_ble_hrs_c_logs_data_dynamic    0x20003380   Data          12  ble_hrs_c.o(log_dynamic_data)
    m_nrf_log_ble_rscs_c_logs_data_dynamic   0x2000338c   Data          12  ble_rscs_c.o(log_dynamic_data)
    m_nrf_log_ble_nus_logs_data_dynamic      0x20003398   Data          12  ble_nus_c.o(log_dynamic_data)
    m_nrf_log_clock_logs_data_dynamic        0x200033a4   Data          12  nrf_drv_clock.o(log_dynamic_data)
    m_nrf_log_gpiote_logs_data_dynamic       0x200033b0   Data          12  nrf_drv_gpiote.o(log_dynamic_data)
    m_nrf_log_uart_logs_data_dynamic         0x200033bc   Data          12  nrf_drv_uart.o(log_dynamic_data)
    m_nrf_log_balloc_logs_data_dynamic       0x200033c8   Data          12  nrf_balloc.o(log_dynamic_data)
    m_nrf_log_pwr_mgmt_logs_data_dynamic     0x200033d4   Data          12  nrf_pwr_mgmt.o(log_dynamic_data)
    m_nrf_log_app_logs_data_dynamic          0x200033e0   Data          12  nrf_log_frontend.o(log_dynamic_data)
    m_nrf_log_nrf_sdh_logs_data_dynamic      0x200033ec   Data          12  nrf_sdh.o(log_dynamic_data)
    m_nrf_log_nrf_sdh_ble_logs_data_dynamic  0x200033f8   Data          12  nrf_sdh_ble.o(log_dynamic_data)
    m_nrf_log_nrf_sdh_soc_logs_data_dynamic  0x20003404   Data          12  nrf_sdh_soc.o(log_dynamic_data)
    nrf_nvic_state                           0x20003e38   Data          12  app_util_platform.o(.bss)
    __initial_sp                             0x20006508   Data           0  arm_startup_nrf52.o(STACK)



==============================================================================

Memory Map of the image

  Image Entry point : 0x00023201

  Load Region LR_IROM1 (Base: 0x00023000, Size: 0x0000b0cc, Max: 0x0005d000, ABSOLUTE, COMPRESSED[0x0000a980])

    Execution Region ER_IROM1 (Base: 0x00023000, Size: 0x0000a91c, Max: 0x0005d000, ABSOLUTE)

    Base Addr    Size         Type   Attr      Idx    E Section Name        Object

    0x00023000   0x00000200   Data   RO         6293    RESET               arm_startup_nrf52.o
    0x00023200   0x00000000   Code   RO         6334  * .ARM.Collect$$$$00000000  mc_w.l(entry.o)
    0x00023200   0x00000004   Code   RO         6390    .ARM.Collect$$$$00000001  mc_w.l(entry2.o)
    0x00023204   0x00000004   Code   RO         6393    .ARM.Collect$$$$00000004  mc_w.l(entry5.o)
    0x00023208   0x00000000   Code   RO         6395    .ARM.Collect$$$$00000008  mc_w.l(entry7b.o)
    0x00023208   0x00000000   Code   RO         6397    .ARM.Collect$$$$0000000A  mc_w.l(entry8b.o)
    0x00023208   0x00000008   Code   RO         6398    .ARM.Collect$$$$0000000B  mc_w.l(entry9a.o)
    0x00023210   0x00000000   Code   RO         6400    .ARM.Collect$$$$0000000D  mc_w.l(entry10a.o)
    0x00023210   0x00000000   Code   RO         6402    .ARM.Collect$$$$0000000F  mc_w.l(entry11a.o)
    0x00023210   0x00000004   Code   RO         6391    .ARM.Collect$$$$00002712  mc_w.l(entry2.o)
    0x00023214   0x0000009a   Code   RO         4279    .emb_text           fds.o
    0x000232ae   0x00000002   PAD
    0x000232b0   0x000000c8   Code   RO         4653    .emb_text           nrf_atfifo.o
    0x00023378   0x0000009a   Code   RO         4912    .emb_text           nrf_fstorage_sd.o
    0x00023412   0x00000002   PAD
    0x00023414   0x0000009a   Code   RO         5026    .emb_text           nrf_memobj.o
    0x000234ae   0x00000002   PAD
    0x000234b0   0x0000009a   Code   RO         5487    .emb_text           nrf_log_frontend.o
    0x0002354a   0x00000002   PAD
    0x0002354c   0x00000024   Code   RO         6294    .text               arm_startup_nrf52.o
    0x00023570   0x00000062   Code   RO         6342    .text               mc_w.l(uldiv.o)
    0x000235d2   0x00000002   PAD
    0x000235d4   0x00000008   Code   RO         6344    .text               mc_w.l(ctype_o.o)
    0x000235dc   0x00000040   Code   RO         6374    .text               mc_w.l(memmovea.o)
    0x0002361c   0x00000024   Code   RO         6376    .text               mc_w.l(memseta.o)
    0x00023640   0x0000000e   Code   RO         6378    .text               mc_w.l(strlen.o)
    0x0002364e   0x0000001a   Code   RO         6382    .text               mc_w.l(memcmp.o)
    0x00023668   0x0000001e   Code   RO         6405    .text               mc_w.l(llshl.o)
    0x00023686   0x00000020   Code   RO         6407    .text               mc_w.l(llushr.o)
    0x000236a6   0x00000002   PAD
    0x000236a8   0x00000024   Code   RO         6410    .text               mc_w.l(init.o)
    0x000236cc   0x00000056   Code   RO         6420    .text               mc_w.l(__dczerorl2.o)
    0x00023722   0x00000002   PAD
    0x00023724   0x00000174   Code   RO         3350    i.GPIOTE_IRQHandler  nrf_drv_gpiote.o
    0x00023898   0x00000016   Code   RO         4015    i.NVIC_ClearPendingIRQ  app_timer.o
    0x000238ae   0x00000016   Code   RO         4016    i.NVIC_EnableIRQ    app_timer.o
    0x000238c4   0x00000016   Code   RO         4017    i.NVIC_SetPendingIRQ  app_timer.o
    0x000238da   0x00000020   Code   RO         4018    i.NVIC_SetPriority  app_timer.o
    0x000238fa   0x00000002   PAD
    0x000238fc   0x00000058   Code   RO         3144    i.POWER_CLOCK_IRQHandler  nrf_drv_clock.o
    0x00023954   0x00000024   Code   RO         4019    i.RTC1_IRQHandler   app_timer.o
    0x00023978   0x00000004   Code   RO         4020    i.SWI0_EGU0_IRQHandler  app_timer.o
    0x0002397c   0x00000004   Code   RO         6081    i.SWI2_EGU2_IRQHandler  nrf_sdh.o
    0x00023980   0x0000031c   Code   RO         6302    i.SystemInit        system_nrf52.o
    0x00023c9c   0x0000001c   Code   RO         3597    i.UARTE0_UART0_IRQHandler  nrf_drv_uart.o
    0x00023cb8   0x0000000e   Code   RO         6414    i.__scatterload_copy  mc_w.l(handlers.o)
    0x00023cc6   0x00000002   Code   RO         6415    i.__scatterload_null  mc_w.l(handlers.o)
    0x00023cc8   0x0000000e   Code   RO         6416    i.__scatterload_zeroinit  mc_w.l(handlers.o)
    0x00023cd6   0x00000002   PAD
    0x00023cd8   0x00000024   Code   RO         6082    i.__sd_nvic_app_accessible_irq  nrf_sdh.o
    0x00023cfc   0x00000016   Code   RO         6083    i.__sd_nvic_is_app_accessible_priority  nrf_sdh.o
    0x00023d12   0x00000026   Code   RO         1446    i.addr_compare      id_manager.o
    0x00023d38   0x0000000c   Code   RO         4844    i.addr_is_aligned32  nrf_fstorage.o
    0x00023d44   0x00000018   Code   RO         4845    i.addr_within_bounds  nrf_fstorage.o
    0x00023d5c   0x0000002e   Code   RO            4    i.adv_report_parse  main.o
    0x00023d8a   0x00000002   PAD
    0x00023d8c   0x00000030   Code   RO            5    i.adv_scan_start    main.o
    0x00023dbc   0x00000036   Code   RO          614    i.advertising_buttons_configure  bsp_btn_ble.o
    0x00023df2   0x00000052   Code   RO         1447    i.ah                id_manager.o
    0x00023e44   0x00000006   Code   RO          494    i.alert_timer_handler  bsp.o
    0x00023e4a   0x00000002   PAD
    0x00023e4c   0x0000000c   Code   RO         2501    i.allow_repairing   security_dispatcher.o
    0x00023e58   0x00000030   Code   RO         3828    i.app_button_disable  app_button.o
    0x00023e88   0x00000024   Code   RO         3829    i.app_button_enable  app_button.o
    0x00023eac   0x00000070   Code   RO         3830    i.app_button_init   app_button.o
    0x00023f1c   0x00000078   Code   RO         3930    i.app_error_fault_handler  app_error_weak.o
    0x00023f94   0x00000016   Code   RO         3891    i.app_error_handler_bare  app_error.o
    0x00023faa   0x00000002   PAD
    0x00023fac   0x00000024   Code   RO         4023    i.app_timer_create  app_timer.o
    0x00023fd0   0x00000054   Code   RO         4024    i.app_timer_init    app_timer.o
    0x00024024   0x00000088   Code   RO         4027    i.app_timer_start   app_timer.o
    0x000240ac   0x00000020   Code   RO         4028    i.app_timer_stop    app_timer.o
    0x000240cc   0x00000048   Code   RO         4184    i.app_util_critical_region_enter  app_util_platform.o
    0x00024114   0x00000034   Code   RO         4185    i.app_util_critical_region_exit  app_util_platform.o
    0x00024148   0x000000b8   Code   RO         3598    i.apply_config      nrf_drv_uart.o
    0x00024200   0x000000dc   Code   RO         2502    i.auth_status_success_process  security_dispatcher.o
    0x000242dc   0x00000182   Code   RO          696    i.ble_advdata_encode  ble_advdata.o
    0x0002445e   0x00000068   Code   RO          697    i.ble_advdata_set   ble_advdata.o
    0x000244c6   0x00000006   Code   RO          779    i.ble_advertising_conn_cfg_tag_set  ble_advertising.o
    0x000244cc   0x00000136   Code   RO          780    i.ble_advertising_init  ble_advertising.o
    0x00024602   0x00000068   Code   RO          782    i.ble_advertising_on_ble_evt  ble_advertising.o
    0x0002466a   0x00000032   Code   RO          783    i.ble_advertising_on_sys_evt  ble_advertising.o
    0x0002469c   0x000001ca   Code   RO          786    i.ble_advertising_start  ble_advertising.o
    0x00024866   0x00000002   PAD
    0x00024868   0x00000068   Code   RO          862    i.ble_conn_params_init  ble_conn_params.o
    0x000248d0   0x00000010   Code   RO          936    i.ble_conn_state_conn_handles  ble_conn_state.o
    0x000248e0   0x00000010   Code   RO          938    i.ble_conn_state_encrypted  ble_conn_state.o
    0x000248f0   0x00000010   Code   RO          941    i.ble_conn_state_n_centrals  ble_conn_state.o
    0x00024900   0x00000030   Code   RO          945    i.ble_conn_state_role  ble_conn_state.o
    0x00024930   0x0000002c   Code   RO          947    i.ble_conn_state_user_flag_acquire  ble_conn_state.o
    0x0002495c   0x0000001c   Code   RO          948    i.ble_conn_state_user_flag_collection  ble_conn_state.o
    0x00024978   0x0000002c   Code   RO          949    i.ble_conn_state_user_flag_get  ble_conn_state.o
    0x000249a4   0x00000030   Code   RO          950    i.ble_conn_state_user_flag_set  ble_conn_state.o
    0x000249d4   0x00000040   Code   RO         1087    i.ble_db_discovery_evt_register  ble_db_discovery.o
    0x00024a14   0x0000001c   Code   RO         1088    i.ble_db_discovery_init  ble_db_discovery.o
    0x00024a30   0x00000090   Code   RO         1089    i.ble_db_discovery_on_ble_evt  ble_db_discovery.o
    0x00024ac0   0x00000028   Code   RO         1090    i.ble_db_discovery_start  ble_db_discovery.o
    0x00024ae8   0x00000060   Code   RO          698    i.ble_device_addr_encode  ble_advdata.o
    0x00024b48   0x00000064   Code   RO            7    i.ble_evt_handler   main.o
    0x00024bac   0x00000070   Code   RO          615    i.ble_evt_handler   bsp_btn_ble.o
    0x00024c1c   0x000000fc   Code   RO          864    i.ble_evt_handler   ble_conn_params.o
    0x00024d18   0x0000010c   Code   RO          952    i.ble_evt_handler   ble_conn_state.o
    0x00024e24   0x00000028   Code   RO         2125    i.ble_evt_handler   peer_manager.o
    0x00024e4c   0x0000005e   Code   RO         2791    i.ble_hrs_init      ble_hrs.o
    0x00024eaa   0x00000050   Code   RO         2792    i.ble_hrs_on_ble_evt  ble_hrs.o
    0x00024efa   0x00000002   PAD
    0x00024efc   0x000000bc   Code   RO            8    i.ble_nus_c_evt_handler  main.o
    0x00024fb8   0x0000001a   Code   RO         3069    i.ble_nus_c_handles_assign  ble_nus_c.o
    0x00024fd2   0x00000002   PAD
    0x00024fd4   0x0000004c   Code   RO         3070    i.ble_nus_c_init    ble_nus_c.o
    0x00025020   0x0000006c   Code   RO         3071    i.ble_nus_c_on_ble_evt  ble_nus_c.o
    0x0002508c   0x00000080   Code   RO         3072    i.ble_nus_c_on_db_disc_evt  ble_nus_c.o
    0x0002510c   0x00000048   Code   RO         3074    i.ble_nus_c_tx_notif_enable  ble_nus_c.o
    0x00025154   0x0000004c   Code   RO         2945    i.ble_rscs_init     ble_rscs.o
    0x000251a0   0x00000058   Code   RO         2947    i.ble_rscs_on_ble_evt  ble_rscs.o
    0x000251f8   0x00000008   Code   RO         1205    i.ble_srv_is_notification_enabled  ble_srv_common.o
    0x00025200   0x00000086   Code   RO         2798    i.body_sensor_location_char_add  ble_hrs.o
    0x00025286   0x00000002   PAD
    0x00025288   0x00000020   Code   RO          383    i.bsp_board_button_state_get  boards.o
    0x000252a8   0x00000024   Code   RO          386    i.bsp_board_led_invert  boards.o
    0x000252cc   0x00000010   Code   RO          387    i.bsp_board_led_off  boards.o
    0x000252dc   0x00000010   Code   RO          388    i.bsp_board_led_on  boards.o
    0x000252ec   0x00000020   Code   RO          389    i.bsp_board_led_state_get  boards.o
    0x0002530c   0x0000002c   Code   RO          390    i.bsp_board_leds_init  boards.o
    0x00025338   0x00000012   Code   RO          391    i.bsp_board_leds_off  boards.o
    0x0002534a   0x00000012   Code   RO          392    i.bsp_board_leds_on  boards.o
    0x0002535c   0x00000024   Code   RO          393    i.bsp_board_pin_to_button_idx  boards.o
    0x00025380   0x00000038   Code   RO          616    i.bsp_btn_ble_init  bsp_btn_ble.o
    0x000253b8   0x00000090   Code   RO          495    i.bsp_button_event_handler  bsp.o
    0x00025448   0x00000004   Code   RO          496    i.bsp_button_is_pressed  bsp.o
    0x0002544c   0x00000044   Code   RO          499    i.bsp_event_to_button_action_assign  bsp.o
    0x00025490   0x00000094   Code   RO          501    i.bsp_init          bsp.o
    0x00025524   0x000001b8   Code   RO          502    i.bsp_led_indication  bsp.o
    0x000256dc   0x00000064   Code   RO         5488    i.buf_prealloc      nrf_log_frontend.o
    0x00025740   0x0000001e   Code   RO         4807    i.buffer_add        nrf_fprintf_format.o
    0x0002575e   0x00000002   PAD
    0x00025760   0x00000014   Code   RO         5489    i.buffer_is_empty   nrf_log_frontend.o
    0x00025774   0x00000008   Code   RO          505    i.button_timer_handler  bsp.o
    0x0002577c   0x0000001c   Code   RO         3351    i.channel_free      nrf_drv_gpiote.o
    0x00025798   0x00000048   Code   RO         3352    i.channel_port_alloc  nrf_drv_gpiote.o
    0x000257e0   0x00000010   Code   RO         3353    i.channel_port_get  nrf_drv_gpiote.o
    0x000257f0   0x00000042   Code   RO         1091    i.characteristics_discover  ble_db_discovery.o
    0x00025832   0x00000038   Code   RO         2035    i.claim             peer_id.o
    0x0002586a   0x00000002   PAD
    0x0002586c   0x00000028   Code   RO         3145    i.clock_clk_started_notify  nrf_drv_clock.o
    0x00025894   0x000000ac   Code   RO         4030    i.compare_reg_update  app_timer.o
    0x00025940   0x00000088   Code   RO          699    i.conn_int_encode   ble_advdata.o
    0x000259c8   0x00000004   Code   RO            9    i.conn_params_error_handler  main.o
    0x000259cc   0x00000048   Code   RO          865    i.conn_params_negotiation  ble_conn_params.o
    0x00025a14   0x00000044   Code   RO         2503    i.conn_sec_failure  security_dispatcher.o
    0x00025a58   0x00000014   Code   RO           10    i.db_disc_handler   main.o
    0x00025a6c   0x00000080   Code   RO         4280    i.delete_execute    fds.o
    0x00025aec   0x0000008c   Code   RO         1092    i.descriptors_discover  ble_db_discovery.o
    0x00025b78   0x00000060   Code   RO         3832    i.detection_delay_timeout_handler  app_button.o
    0x00025bd8   0x00000090   Code   RO         1093    i.discovery_complete_evt_trigger  ble_db_discovery.o
    0x00025c68   0x0000003c   Code   RO         1094    i.discovery_error_evt_trigger  ble_db_discovery.o
    0x00025ca4   0x0000005c   Code   RO         1095    i.discovery_start   ble_db_discovery.o
    0x00025d00   0x00000040   Code   RO         4031    i.elapsed_ticks_acquire  app_timer.o
    0x00025d40   0x0000000a   Code   RO         2504    i.encryption_failure  security_dispatcher.o
    0x00025d4a   0x00000002   PAD
    0x00025d4c   0x0000004c   Code   RO         4913    i.erase             nrf_fstorage_sd.o
    0x00025d98   0x00000074   Code   RO         4281    i.event_prepare     fds.o
    0x00025e0c   0x00000020   Code   RO         4282    i.event_send        fds.o
    0x00025e2c   0x0000004e   Code   RO         4914    i.event_send        nrf_fstorage_sd.o
    0x00025e7a   0x00000074   Code   RO         2644    i.events_send_from_err_code  security_manager.o
    0x00025eee   0x00000002   PAD
    0x00025ef0   0x0000001c   Code   RO         1262    i.evt_send          gatt_cache_manager.o
    0x00025f0c   0x0000002c   Code   RO         2126    i.evt_send          peer_manager.o
    0x00025f38   0x0000001c   Code   RO         2505    i.evt_send          security_dispatcher.o
    0x00025f54   0x0000000c   Code   RO         2645    i.evt_send          security_manager.o
    0x00025f60   0x000000d8   Code   RO         1728    i.fds_evt_handler   peer_data_storage.o
    0x00026038   0x00000044   Code   RO         4284    i.fds_file_delete   fds.o
    0x0002607c   0x0000003c   Code   RO         4285    i.fds_gc            fds.o
    0x000260b8   0x000000d4   Code   RO         4286    i.fds_init          fds.o
    0x0002618c   0x00000040   Code   RO         4287    i.fds_record_close  fds.o
    0x000261cc   0x0000000e   Code   RO         4289    i.fds_record_find   fds.o
    0x000261da   0x00000010   Code   RO         4290    i.fds_record_find_by_key  fds.o
    0x000261ea   0x00000010   Code   RO         4291    i.fds_record_find_in_file  fds.o
    0x000261fa   0x00000010   Code   RO         4292    i.fds_record_id_from_desc  fds.o
    0x0002620a   0x00000002   PAD
    0x0002620c   0x00000048   Code   RO         4294    i.fds_record_open   fds.o
    0x00026254   0x0000000e   Code   RO         4295    i.fds_record_update  fds.o
    0x00026262   0x00000008   Code   RO         4296    i.fds_record_write  fds.o
    0x0002626a   0x0000000c   Code   RO         4297    i.fds_record_write_reserved  fds.o
    0x00026276   0x00000002   PAD
    0x00026278   0x00000030   Code   RO         4298    i.fds_register      fds.o
    0x000262a8   0x00000030   Code   RO         4299    i.fds_reserve       fds.o
    0x000262d8   0x00000048   Code   RO         4300    i.fds_reserve_cancel  fds.o
    0x00026320   0x00000014   Code   RO         1729    i.file_id_within_pm_range  peer_data_storage.o
    0x00026334   0x00000012   Code   RO         2506    i.flag_id_init      security_dispatcher.o
    0x00026346   0x00000012   Code   RO         2646    i.flag_id_init      security_manager.o
    0x00026358   0x00000054   Code   RO         2647    i.flags_set_from_err_code  security_manager.o
    0x000263ac   0x00000006   Code   RO         4302    i.fs_event_handler  fds.o
    0x000263b2   0x00000002   PAD
    0x000263b4   0x00000074   Code   RO         4303    i.gc_execute        fds.o
    0x00026428   0x0000004c   Code   RO         4304    i.gc_next_page      fds.o
    0x00026474   0x00000040   Code   RO         4305    i.gc_page_erase     fds.o
    0x000264b4   0x00000034   Code   RO         4306    i.gc_record_copy    fds.o
    0x000264e8   0x00000024   Code   RO         4307    i.gc_record_find_next  fds.o
    0x0002650c   0x00000088   Code   RO         4308    i.gc_state_advance  fds.o
    0x00026594   0x00000098   Code   RO         1263    i.gcm_ble_evt_handler  gatt_cache_manager.o
    0x0002662c   0x00000030   Code   RO         1264    i.gcm_im_evt_handler  gatt_cache_manager.o
    0x0002665c   0x00000050   Code   RO         1265    i.gcm_init          gatt_cache_manager.o
    0x000266ac   0x00000050   Code   RO         1266    i.gcm_local_database_has_changed  gatt_cache_manager.o
    0x000266fc   0x0000007c   Code   RO         1268    i.gcm_pdb_evt_handler  gatt_cache_manager.o
    0x00026778   0x00000038   Code   RO         1448    i.get_connection_by_conn_handle  id_manager.o
    0x000267b0   0x00000030   Code   RO         1449    i.get_free_connection  id_manager.o
    0x000267e0   0x00000058   Code   RO         3833    i.gpiote_event_handler  app_button.o
    0x00026838   0x0000001c   Code   RO         1370    i.gscm_db_change_notification_done  gatts_cache_manager.o
    0x00026854   0x00000014   Code   RO         1371    i.gscm_init         gatts_cache_manager.o
    0x00026868   0x0000001c   Code   RO         1372    i.gscm_local_database_has_changed  gatts_cache_manager.o
    0x00026884   0x0000006a   Code   RO         1373    i.gscm_local_db_cache_apply  gatts_cache_manager.o
    0x000268ee   0x00000082   Code   RO         1374    i.gscm_local_db_cache_update  gatts_cache_manager.o
    0x00026970   0x00000018   Code   RO         1375    i.gscm_pdb_evt_handler  gatts_cache_manager.o
    0x00026988   0x0000001e   Code   RO         1376    i.gscm_service_changed_ind_needed  gatts_cache_manager.o
    0x000269a6   0x00000002   PAD
    0x000269a8   0x00000038   Code   RO         1377    i.gscm_service_changed_ind_send  gatts_cache_manager.o
    0x000269e0   0x00000026   Code   RO         4309    i.header_check      fds.o
    0x00026a06   0x00000012   Code   RO         4310    i.header_has_next   fds.o
    0x00026a18   0x000000c2   Code   RO         2799    i.heart_rate_measurement_char_add  ble_hrs.o
    0x00026ada   0x00000002   PAD
    0x00026adc   0x00000098   Code   RO         2800    i.hrm_encode        ble_hrs.o
    0x00026b74   0x00000046   Code   RO         1450    i.im_address_resolve  id_manager.o
    0x00026bba   0x00000002   PAD
    0x00026bbc   0x00000030   Code   RO         1451    i.im_ble_addr_get   id_manager.o
    0x00026bec   0x000000c8   Code   RO         1452    i.im_ble_evt_handler  id_manager.o
    0x00026cb4   0x0000002c   Code   RO         1453    i.im_conn_handle_get  id_manager.o
    0x00026ce0   0x00000038   Code   RO         1455    i.im_find_duplicate_bonding_data  id_manager.o
    0x00026d18   0x00000040   Code   RO         1458    i.im_init           id_manager.o
    0x00026d58   0x00000072   Code   RO         1459    i.im_is_duplicate_bonding_data  id_manager.o
    0x00026dca   0x00000018   Code   RO         1460    i.im_master_id_is_valid  id_manager.o
    0x00026de2   0x0000002a   Code   RO         1461    i.im_master_ids_compare  id_manager.o
    0x00026e0c   0x00000004   Code   RO         1462    i.im_new_peer_id    id_manager.o
    0x00026e10   0x00000026   Code   RO         1463    i.im_peer_free      id_manager.o
    0x00026e36   0x00000002   PAD
    0x00026e38   0x00000020   Code   RO         1464    i.im_peer_id_get_by_conn_handle  id_manager.o
    0x00026e58   0x0000003c   Code   RO         1465    i.im_peer_id_get_by_master_id  id_manager.o
    0x00026e94   0x00000038   Code   RO         4915    i.init              nrf_fstorage_sd.o
    0x00026ecc   0x000000c8   Code   RO         4311    i.init_execute      fds.o
    0x00026f94   0x00000014   Code   RO          866    i.instance_get      ble_conn_params.o
    0x00026fa8   0x000000a6   Code   RO         4808    i.int_print         nrf_fprintf_format.o
    0x0002704e   0x00000002   PAD
    0x00027050   0x00000078   Code   RO         3599    i.interrupts_enable  nrf_drv_uart.o
    0x000270c8   0x00000010   Code   RO         4916    i.is_busy           nrf_fstorage_sd.o
    0x000270d8   0x00000044   Code   RO          867    i.is_conn_params_ok  ble_conn_params.o
    0x0002711c   0x0000004c   Code   RO         1096    i.is_desc_discovery_reqd  ble_db_discovery.o
    0x00027168   0x00000014   Code   RO         1470    i.is_valid_irk      id_manager.o
    0x0002717c   0x0000000c   Code   RO         4312    i.is_word_aligned   fds.o
    0x00027188   0x00000030   Code   RO          506    i.leds_off          bsp.o
    0x000271b8   0x00000014   Code   RO          507    i.leds_timer_handler  bsp.o
    0x000271cc   0x00000028   Code   RO         3148    i.lfclk_stop        nrf_drv_clock.o
    0x000271f4   0x00000014   Code   RO         1634    i.link_init         nrf_ble_gatt.o
    0x00027208   0x000000b4   Code   RO         2648    i.link_secure       security_manager.o
    0x000272bc   0x0000007c   Code   RO         2507    i.link_secure_central_encryption  security_dispatcher.o
    0x00027338   0x000000a8   Code   RO         2508    i.link_secure_central_pairing  security_dispatcher.o
    0x000273e0   0x0000008c   Code   RO         2509    i.link_secure_failure  security_dispatcher.o
    0x0002746c   0x0000005c   Code   RO         2649    i.link_secure_pending_process  security_manager.o
    0x000274c8   0x000000f8   Code   RO         4032    i.list_insertions_handler  app_timer.o
    0x000275c0   0x00000068   Code   RO         1269    i.local_db_apply_in_evt  gatt_cache_manager.o
    0x00027628   0x00000010   Code   RO         1270    i.local_db_update   gatt_cache_manager.o
    0x00027638   0x00000032   Code   RO         2448    i.lock_by_mask      pm_mutex.o
    0x0002766a   0x00000002   PAD
    0x0002766c   0x00000094   Code   RO         5491    i.log_skip          nrf_log_frontend.o
    0x00027700   0x0000021c   Code   RO           11    i.main              main.o
    0x0002791c   0x00000064   Code   RO          700    i.manuf_specific_data_encode  ble_advdata.o
    0x00027980   0x00000076   Code   RO         5027    i.memobj_op         nrf_memobj.o
    0x000279f6   0x00000002   PAD
    0x000279f8   0x00000034   Code   RO         5492    i.module_idx_get    nrf_log_frontend.o
    0x00027a2c   0x0000009c   Code   RO          701    i.name_encode       ble_advdata.o
    0x00027ac8   0x00000058   Code   RO         1471    i.new_connection    id_manager.o
    0x00027b20   0x00000014   Code   RO         2650    i.new_context_get   security_manager.o
    0x00027b34   0x00000030   Code   RO         2036    i.next_id_get       peer_id.o
    0x00027b64   0x00000010   Code   RO         4655    i.nrf_atfifo_clear  nrf_atfifo.o
    0x00027b74   0x00000026   Code   RO         4657    i.nrf_atfifo_init   nrf_atfifo.o
    0x00027b9a   0x00000016   Code   RO         4658    i.nrf_atfifo_item_alloc  nrf_atfifo.o
    0x00027bb0   0x00000016   Code   RO         4659    i.nrf_atfifo_item_free  nrf_atfifo.o
    0x00027bc6   0x00000016   Code   RO         4660    i.nrf_atfifo_item_get  nrf_atfifo.o
    0x00027bdc   0x00000016   Code   RO         4661    i.nrf_atfifo_item_put  nrf_atfifo.o
    0x00027bf2   0x0000000e   Code   RO         5493    i.nrf_atomic_flag_set  nrf_log_frontend.o
    0x00027c00   0x0000000c   Code   RO         4313    i.nrf_atomic_u32_add  fds.o
    0x00027c0c   0x00000044   Code   RO         4723    i.nrf_balloc_alloc  nrf_balloc.o
    0x00027c50   0x00000030   Code   RO         4724    i.nrf_balloc_free   nrf_balloc.o
    0x00027c80   0x00000030   Code   RO         4725    i.nrf_balloc_init   nrf_balloc.o
    0x00027cb0   0x00000010   Code   RO         3354    i.nrf_bitmask_bit_is_set  nrf_drv_gpiote.o
    0x00027cc0   0x0000002c   Code   RO         1640    i.nrf_ble_gatt_init  nrf_ble_gatt.o
    0x00027cec   0x00000160   Code   RO         1641    i.nrf_ble_gatt_on_ble_evt  nrf_ble_gatt.o
    0x00027e4c   0x0000000e   Code   RO         3149    i.nrf_clock_event_check  nrf_drv_clock.o
    0x00027e5a   0x00000010   Code   RO         3150    i.nrf_clock_event_clear  nrf_drv_clock.o
    0x00027e6a   0x00000002   PAD
    0x00027e6c   0x0000008c   Code   RO         4033    i.nrf_delay_us      app_timer.o
    0x00027ef8   0x00000048   Code   RO         3157    i.nrf_drv_clock_init  nrf_drv_clock.o
    0x00027f40   0x0000002c   Code   RO         3161    i.nrf_drv_clock_lfclk_release  nrf_drv_clock.o
    0x00027f6c   0x00000016   Code   RO         3600    i.nrf_drv_common_irq_disable  nrf_drv_uart.o
    0x00027f82   0x00000038   Code   RO         3314    i.nrf_drv_common_irq_enable  nrf_drv_common.o
    0x00027fba   0x00000006   Code   RO         3601    i.nrf_drv_get_IRQn  nrf_drv_uart.o
    0x00027fc0   0x00000048   Code   RO         3358    i.nrf_drv_gpiote_in_event_disable  nrf_drv_gpiote.o
    0x00028008   0x000000a4   Code   RO         3359    i.nrf_drv_gpiote_in_event_enable  nrf_drv_gpiote.o
    0x000280ac   0x000000b8   Code   RO         3360    i.nrf_drv_gpiote_in_init  nrf_drv_gpiote.o
    0x00028164   0x00000014   Code   RO         3361    i.nrf_drv_gpiote_in_is_set  nrf_drv_gpiote.o
    0x00028178   0x0000005c   Code   RO         3363    i.nrf_drv_gpiote_init  nrf_drv_gpiote.o
    0x000281d4   0x00000014   Code   RO         3364    i.nrf_drv_gpiote_is_init  nrf_drv_gpiote.o
    0x000281e8   0x00000010   Code   RO         3602    i.nrf_drv_is_in_RAM  nrf_drv_uart.o
    0x000281f8   0x00000068   Code   RO         3604    i.nrf_drv_uart_init  nrf_drv_uart.o
    0x00028260   0x0000010c   Code   RO         3612    i.nrf_drv_uart_tx   nrf_drv_uart.o
    0x0002836c   0x00000018   Code   RO         3614    i.nrf_drv_uart_tx_in_progress  nrf_drv_uart.o
    0x00028384   0x00000054   Code   RO         3615    i.nrf_drv_uart_uninit  nrf_drv_uart.o
    0x000283d8   0x0000001a   Code   RO         4764    i.nrf_fprintf       nrf_fprintf.o
    0x000283f2   0x00000018   Code   RO         4765    i.nrf_fprintf_buffer_flush  nrf_fprintf.o
    0x0002840a   0x000001da   Code   RO         4809    i.nrf_fprintf_fmt   nrf_fprintf_format.o
    0x000285e4   0x0000004e   Code   RO         4846    i.nrf_fstorage_erase  nrf_fstorage.o
    0x00028632   0x00000010   Code   RO         4847    i.nrf_fstorage_init  nrf_fstorage.o
    0x00028642   0x00000002   PAD
    0x00028644   0x00000050   Code   RO         4848    i.nrf_fstorage_is_busy  nrf_fstorage.o
    0x00028694   0x00000018   Code   RO         4917    i.nrf_fstorage_sdh_req_handler  nrf_fstorage_sd.o
    0x000286ac   0x00000020   Code   RO         4918    i.nrf_fstorage_sdh_state_handler  nrf_fstorage_sd.o
    0x000286cc   0x000000a4   Code   RO         4919    i.nrf_fstorage_sys_evt_handler  nrf_fstorage_sd.o
    0x00028770   0x00000066   Code   RO         4853    i.nrf_fstorage_write  nrf_fstorage.o
    0x000287d6   0x00000024   Code   RO          395    i.nrf_gpio_cfg      boards.o
    0x000287fa   0x00000024   Code   RO         3378    i.nrf_gpio_cfg      nrf_drv_gpiote.o
    0x0002881e   0x00000024   Code   RO         3616    i.nrf_gpio_cfg      nrf_drv_uart.o
    0x00028842   0x00000012   Code   RO         3617    i.nrf_gpio_cfg_default  nrf_drv_uart.o
    0x00028854   0x00000012   Code   RO         3618    i.nrf_gpio_cfg_input  nrf_drv_uart.o
    0x00028866   0x00000014   Code   RO         3619    i.nrf_gpio_cfg_output  nrf_drv_uart.o
    0x0002887a   0x00000022   Code   RO         3380    i.nrf_gpio_cfg_sense_set  nrf_drv_gpiote.o
    0x0002889c   0x00000016   Code   RO          396    i.nrf_gpio_pin_write  boards.o
    0x000288b2   0x00000002   PAD
    0x000288b4   0x00000028   Code   RO         3381    i.nrf_gpio_ports_read  nrf_drv_gpiote.o
    0x000288dc   0x00000014   Code   RO         3382    i.nrf_gpiote_event_clear  nrf_drv_gpiote.o
    0x000288f0   0x00000010   Code   RO         3383    i.nrf_gpiote_event_is_set  nrf_drv_gpiote.o
    0x00028900   0x00000050   Code   RO         5494    i.nrf_log_backend_add  nrf_log_frontend.o
    0x00028950   0x000000d2   Code   RO         5342    i.nrf_log_backend_serial_put  nrf_log_backend_serial.o
    0x00028a22   0x00000002   Code   RO         5382    i.nrf_log_backend_uart_flush  nrf_log_backend_uart.o
    0x00028a24   0x00000006   Code   RO         5383    i.nrf_log_backend_uart_init  nrf_log_backend_uart.o
    0x00028a2a   0x00000002   PAD
    0x00028a2c   0x00000018   Code   RO         5384    i.nrf_log_backend_uart_panic_set  nrf_log_backend_uart.o
    0x00028a44   0x00000018   Code   RO         5385    i.nrf_log_backend_uart_put  nrf_log_backend_uart.o
    0x00028a5c   0x00000030   Code   RO         5496    i.nrf_log_color_id_get  nrf_log_frontend.o
    0x00028a8c   0x0000001c   Code   RO         5454    i.nrf_log_default_backends_init  nrf_log_default_backends.o
    0x00028aa8   0x000001f0   Code   RO         5497    i.nrf_log_frontend_dequeue  nrf_log_frontend.o
    0x00028c98   0x00000008   Code   RO         5499    i.nrf_log_frontend_std_0  nrf_log_frontend.o
    0x00028ca0   0x0000000e   Code   RO         5500    i.nrf_log_frontend_std_1  nrf_log_frontend.o
    0x00028cae   0x00000010   Code   RO         5501    i.nrf_log_frontend_std_2  nrf_log_frontend.o
    0x00028cbe   0x00000012   Code   RO         5502    i.nrf_log_frontend_std_3  nrf_log_frontend.o
    0x00028cd0   0x000000ac   Code   RO         5679    i.nrf_log_hexdump_entry_process  nrf_log_str_formatter.o
    0x00028d7c   0x0000005c   Code   RO         5506    i.nrf_log_init      nrf_log_frontend.o
    0x00028dd8   0x00000014   Code   RO         5507    i.nrf_log_module_cnt_get  nrf_log_frontend.o
    0x00028dec   0x0000001c   Code   RO         5510    i.nrf_log_module_name_get  nrf_log_frontend.o
    0x00028e08   0x00000028   Code   RO         5511    i.nrf_log_panic     nrf_log_frontend.o
    0x00028e30   0x000000b6   Code   RO         5680    i.nrf_log_std_entry_process  nrf_log_str_formatter.o
    0x00028ee6   0x00000060   Code   RO         5028    i.nrf_memobj_alloc  nrf_memobj.o
    0x00028f46   0x00000032   Code   RO         5029    i.nrf_memobj_free   nrf_memobj.o
    0x00028f78   0x0000000e   Code   RO         5030    i.nrf_memobj_get    nrf_memobj.o
    0x00028f86   0x00000004   Code   RO         5031    i.nrf_memobj_pool_init  nrf_memobj.o
    0x00028f8a   0x00000022   Code   RO         5032    i.nrf_memobj_put    nrf_memobj.o
    0x00028fac   0x0000000c   Code   RO         5033    i.nrf_memobj_read   nrf_memobj.o
    0x00028fb8   0x0000000c   Code   RO         5034    i.nrf_memobj_write  nrf_memobj.o
    0x00028fc4   0x00000014   Code   RO         6212    i.nrf_sdh_ble_app_ram_start_get  nrf_sdh_ble.o
    0x00028fd8   0x00000104   Code   RO         6213    i.nrf_sdh_ble_default_cfg_set  nrf_sdh_ble.o
    0x000290dc   0x000000d8   Code   RO         6214    i.nrf_sdh_ble_enable  nrf_sdh_ble.o
    0x000291b4   0x00000050   Code   RO         6215    i.nrf_sdh_ble_evts_poll  nrf_sdh_ble.o
    0x00029204   0x0000003c   Code   RO         6084    i.nrf_sdh_disable_request  nrf_sdh.o
    0x00029240   0x0000006c   Code   RO         6085    i.nrf_sdh_enable_request  nrf_sdh.o
    0x000292ac   0x00000024   Code   RO         6086    i.nrf_sdh_evts_poll  nrf_sdh.o
    0x000292d0   0x0000000c   Code   RO         6087    i.nrf_sdh_is_enabled  nrf_sdh.o
    0x000292dc   0x0000001c   Code   RO         6089    i.nrf_sdh_request_continue  nrf_sdh.o
    0x000292f8   0x0000003c   Code   RO         6262    i.nrf_sdh_soc_evts_poll  nrf_sdh_soc.o
    0x00029334   0x0000000a   Code   RO         5191    i.nrf_section_iter_init  nrf_section_iter.o
    0x0002933e   0x00000024   Code   RO         5192    i.nrf_section_iter_item_set  nrf_section_iter.o
    0x00029362   0x00000020   Code   RO         5193    i.nrf_section_iter_next  nrf_section_iter.o
    0x00029382   0x00000002   PAD
    0x00029384   0x00000038   Code   RO         5226    i.nrf_strerror_find  nrf_strerror.o
    0x000293bc   0x00000014   Code   RO         5227    i.nrf_strerror_get  nrf_strerror.o
    0x000293d0   0x0000000a   Code   RO         3620    i.nrf_uart_event_check  nrf_drv_uart.o
    0x000293da   0x0000000c   Code   RO         3621    i.nrf_uart_event_clear  nrf_drv_uart.o
    0x000293e6   0x0000000c   Code   RO         3622    i.nrf_uart_int_enable_check  nrf_drv_uart.o
    0x000293f2   0x0000000a   Code   RO         3623    i.nrf_uarte_event_check  nrf_drv_uart.o
    0x000293fc   0x0000000c   Code   RO         3624    i.nrf_uarte_event_clear  nrf_drv_uart.o
    0x00029408   0x00000054   Code   RO           12    i.on_adv_evt        main.o
    0x0002945c   0x000000a0   Code   RO           13    i.on_adv_report     main.o
    0x000294fc   0x000001d0   Code   RO           14    i.on_ble_central_evt  main.o
    0x000296cc   0x0000010c   Code   RO           15    i.on_ble_peripheral_evt  main.o
    0x000297d8   0x00000114   Code   RO         1097    i.on_characteristic_discovery_rsp  ble_db_discovery.o
    0x000298ec   0x0000009c   Code   RO         1642    i.on_connected_evt  nrf_ble_gatt.o
    0x00029988   0x000000f0   Code   RO         1098    i.on_descriptor_discovery_rsp  ble_db_discovery.o
    0x00029a78   0x00000074   Code   RO         1643    i.on_exchange_mtu_request_evt  nrf_ble_gatt.o
    0x00029aec   0x0000006c   Code   RO         1099    i.on_primary_srv_discovery_rsp  ble_db_discovery.o
    0x00029b58   0x0000007c   Code   RO         1100    i.on_srv_disc_completion  ble_db_discovery.o
    0x00029bd4   0x00000024   Code   RO         4314    i.page_identify     fds.o
    0x00029bf8   0x00000012   Code   RO         4315    i.page_offsets_update  fds.o
    0x00029c0a   0x00000002   PAD
    0x00029c0c   0x0000006c   Code   RO         4316    i.page_scan         fds.o
    0x00029c78   0x0000001c   Code   RO         4317    i.page_tag_write_data  fds.o
    0x00029c94   0x00000024   Code   RO         4318    i.page_tag_write_swap  fds.o
    0x00029cb8   0x0000011c   Code   RO         4319    i.pages_init        fds.o
    0x00029dd4   0x0000000c   Code   RO         2510    i.pairing           security_dispatcher.o
    0x00029de0   0x0000003e   Code   RO         2651    i.params_reply_pending_process  security_manager.o
    0x00029e1e   0x00000028   Code   RO         2652    i.params_req_send   security_manager.o
    0x00029e46   0x00000002   PAD
    0x00029e48   0x0000001c   Code   RO         1867    i.pdb_evt_send      peer_database.o
    0x00029e64   0x00000048   Code   RO         1868    i.pdb_init          peer_database.o
    0x00029eac   0x00000004   Code   RO         1870    i.pdb_next_deleted_peer_id_get  peer_database.o
    0x00029eb0   0x00000004   Code   RO         1871    i.pdb_next_peer_id_get  peer_database.o
    0x00029eb4   0x00000078   Code   RO         1872    i.pdb_pds_evt_handler  peer_database.o
    0x00029f2c   0x00000004   Code   RO         1873    i.pdb_peer_allocate  peer_database.o
    0x00029f30   0x00000010   Code   RO         1874    i.pdb_peer_data_load  peer_database.o
    0x00029f40   0x00000006   Code   RO         1875    i.pdb_peer_data_ptr_get  peer_database.o
    0x00029f46   0x00000044   Code   RO         1876    i.pdb_peer_free     peer_database.o
    0x00029f8a   0x00000008   Code   RO         1877    i.pdb_raw_store     peer_database.o
    0x00029f92   0x00000002   PAD
    0x00029f94   0x00000104   Code   RO         1878    i.pdb_write_buf_get  peer_database.o
    0x0002a098   0x00000028   Code   RO         1879    i.pdb_write_buf_release  peer_database.o
    0x0002a0c0   0x00000028   Code   RO         1880    i.pdb_write_buf_store  peer_database.o
    0x0002a0e8   0x00000068   Code   RO         1881    i.pdb_write_buf_store_prepare  peer_database.o
    0x0002a150   0x00000010   Code   RO         1730    i.pds_evt_send      peer_data_storage.o
    0x0002a160   0x0000006c   Code   RO         1731    i.pds_init          peer_data_storage.o
    0x0002a1cc   0x00000004   Code   RO         1732    i.pds_next_deleted_peer_id_get  peer_data_storage.o
    0x0002a1d0   0x00000004   Code   RO         1733    i.pds_next_peer_id_get  peer_data_storage.o
    0x0002a1d4   0x00000058   Code   RO         1736    i.pds_peer_data_iterate  peer_data_storage.o
    0x0002a22c   0x00000010   Code   RO         1737    i.pds_peer_data_iterate_prepare  peer_data_storage.o
    0x0002a23c   0x00000068   Code   RO         1738    i.pds_peer_data_read  peer_data_storage.o
    0x0002a2a4   0x00000096   Code   RO         1739    i.pds_peer_data_store  peer_data_storage.o
    0x0002a33a   0x00000008   Code   RO         1740    i.pds_peer_id_allocate  peer_data_storage.o
    0x0002a342   0x00000016   Code   RO         1741    i.pds_peer_id_free  peer_data_storage.o
    0x0002a358   0x00000004   Code   RO         1742    i.pds_peer_id_is_allocated  peer_data_storage.o
    0x0002a35c   0x0000002e   Code   RO         1743    i.pds_space_reserve  peer_data_storage.o
    0x0002a38a   0x00000010   Code   RO         1744    i.pds_space_reserve_cancel  peer_data_storage.o
    0x0002a39a   0x00000002   PAD
    0x0002a39c   0x0000000c   Code   RO         2511    i.peer_created      security_dispatcher.o
    0x0002a3a8   0x00000006   Code   RO         1882    i.peer_data_const_point_to_buffer  peer_database.o
    0x0002a3ae   0x00000002   PAD
    0x0002a3b0   0x00000084   Code   RO         1745    i.peer_data_delete  peer_data_storage.o
    0x0002a434   0x00000030   Code   RO         1746    i.peer_data_find    peer_data_storage.o
    0x0002a464   0x00000020   Code   RO         1747    i.peer_data_id_is_valid  peer_data_storage.o
    0x0002a484   0x0000001a   Code   RO         1883    i.peer_data_point_to_buffer  peer_database.o
    0x0002a49e   0x00000002   PAD
    0x0002a4a0   0x0000000c   Code   RO         2037    i.peer_id_allocate  peer_id.o
    0x0002a4ac   0x00000024   Code   RO         2038    i.peer_id_delete    peer_id.o
    0x0002a4d0   0x0000001c   Code   RO         2039    i.peer_id_free      peer_id.o
    0x0002a4ec   0x0000000c   Code   RO         2040    i.peer_id_get_next_deleted  peer_id.o
    0x0002a4f8   0x00000030   Code   RO         2041    i.peer_id_get_next_used  peer_id.o
    0x0002a528   0x00000028   Code   RO         2042    i.peer_id_init      peer_id.o
    0x0002a550   0x00000014   Code   RO         2043    i.peer_id_is_allocated  peer_id.o
    0x0002a564   0x00000014   Code   RO         2044    i.peer_id_is_deleted  peer_id.o
    0x0002a578   0x0000001c   Code   RO         1472    i.peer_id_set       id_manager.o
    0x0002a594   0x0000006c   Code   RO           16    i.peer_manager_init  main.o
    0x0002a600   0x000000d8   Code   RO         1271    i.pending_flags_check  gatt_cache_manager.o
    0x0002a6d8   0x00000018   Code   RO         3384    i.pin_in_use_by_port  nrf_drv_gpiote.o
    0x0002a6f0   0x00000018   Code   RO         3385    i.pin_in_use_by_te  nrf_drv_gpiote.o
    0x0002a708   0x00000078   Code   RO         3625    i.pins_to_default   nrf_drv_uart.o
    0x0002a780   0x0000005c   Code   RO         2406    i.pm_buffer_block_acquire  pm_buffer.o
    0x0002a7dc   0x00000040   Code   RO         2407    i.pm_buffer_init    pm_buffer.o
    0x0002a81c   0x00000028   Code   RO         2408    i.pm_buffer_ptr_get  pm_buffer.o
    0x0002a844   0x0000002e   Code   RO         2409    i.pm_buffer_release  pm_buffer.o
    0x0002a872   0x0000000a   Code   RO         2129    i.pm_conn_sec_config_reply  peer_manager.o
    0x0002a87c   0x000000fc   Code   RO           17    i.pm_evt_handler    main.o
    0x0002a978   0x00000004   Code   RO         2134    i.pm_gcm_evt_handler  peer_manager.o
    0x0002a97c   0x00000024   Code   RO         2137    i.pm_im_evt_handler  peer_manager.o
    0x0002a9a0   0x00000058   Code   RO         2138    i.pm_init           peer_manager.o
    0x0002a9f8   0x00000014   Code   RO         2140    i.pm_local_database_has_changed  peer_manager.o
    0x0002aa0c   0x0000000e   Code   RO         2449    i.pm_mutex_init     pm_mutex.o
    0x0002aa1a   0x0000001a   Code   RO         2450    i.pm_mutex_lock     pm_mutex.o
    0x0002aa34   0x00000036   Code   RO         2451    i.pm_mutex_lock_first_available  pm_mutex.o
    0x0002aa6a   0x00000018   Code   RO         2452    i.pm_mutex_lock_status_get  pm_mutex.o
    0x0002aa82   0x0000003a   Code   RO         2453    i.pm_mutex_unlock   pm_mutex.o
    0x0002aabc   0x00000118   Code   RO         2142    i.pm_pdb_evt_handler  peer_manager.o
    0x0002abd4   0x00000014   Code   RO         2153    i.pm_peer_delete    peer_manager.o
    0x0002abe8   0x000000b8   Code   RO         2157    i.pm_peer_ranks_get  peer_manager.o
    0x0002aca0   0x00000068   Code   RO         2158    i.pm_peers_delete   peer_manager.o
    0x0002ad08   0x0000002c   Code   RO         2161    i.pm_register       peer_manager.o
    0x0002ad34   0x00000014   Code   RO         2162    i.pm_sec_params_set  peer_manager.o
    0x0002ad48   0x00000034   Code   RO         2163    i.pm_sm_evt_handler  peer_manager.o
    0x0002ad7c   0x0000003c   Code   RO         5681    i.postfix_process   nrf_log_str_formatter.o
    0x0002adb8   0x0000005c   Code   RO         5682    i.prefix_process    nrf_log_str_formatter.o
    0x0002ae14   0x0000001c   Code   RO         4320    i.queue_buf_get     fds.o
    0x0002ae30   0x00000010   Code   RO         4321    i.queue_buf_store   fds.o
    0x0002ae40   0x000000a8   Code   RO         4322    i.queue_process     fds.o
    0x0002aee8   0x00000098   Code   RO         4920    i.queue_process     nrf_fstorage_sd.o
    0x0002af80   0x00000020   Code   RO         4323    i.queue_start       fds.o
    0x0002afa0   0x00000028   Code   RO         4921    i.queue_start       nrf_fstorage_sd.o
    0x0002afc8   0x00000028   Code   RO         2166    i.rank_vars_update  peer_manager.o
    0x0002aff0   0x0000000e   Code   RO         4922    i.read              nrf_fstorage_sd.o
    0x0002affe   0x00000002   PAD
    0x0002b000   0x00000068   Code   RO         1884    i.reattempt_previous_operations  peer_database.o
    0x0002b068   0x00000088   Code   RO         4324    i.record_find       fds.o
    0x0002b0f0   0x000000a0   Code   RO         4325    i.record_find_by_desc  fds.o
    0x0002b190   0x0000005c   Code   RO         4326    i.record_find_next  fds.o
    0x0002b1ec   0x00000038   Code   RO         4327    i.record_header_flag_dirty  fds.o
    0x0002b224   0x00000038   Code   RO         1101    i.registered_handler_get  ble_db_discovery.o
    0x0002b25c   0x00000010   Code   RO         2046    i.release           peer_id.o
    0x0002b26c   0x00000004   Code   RO         4923    i.rmap              nrf_fstorage_sd.o
    0x0002b270   0x00000094   Code   RO         2948    i.rsc_feature_char_add  ble_rscs.o
    0x0002b304   0x000000c2   Code   RO         2949    i.rsc_measurement_char_add  ble_rscs.o
    0x0002b3c6   0x0000005e   Code   RO         2950    i.rsc_measurement_encode  ble_rscs.o
    0x0002b424   0x0000003c   Code   RO         4034    i.rtc1_stop         app_timer.o
    0x0002b460   0x00000032   Code   RO         3626    i.rx_byte           nrf_drv_uart.o
    0x0002b492   0x00000018   Code   RO         3627    i.rx_done_event     nrf_drv_uart.o
    0x0002b4aa   0x00000002   PAD
    0x0002b4ac   0x00000018   Code   RO           18    i.scan_start        main.o
    0x0002b4c4   0x00000042   Code   RO         6092    i.sd_nvic_SetPriority  nrf_sdh.o
    0x0002b506   0x00000002   PAD
    0x0002b508   0x00000054   Code   RO         3164    i.sd_state_evt_handler  nrf_drv_clock.o
    0x0002b55c   0x00000030   Code   RO         6093    i.sdh_request_observer_notify  nrf_sdh.o
    0x0002b58c   0x0000002c   Code   RO         6094    i.sdh_state_observer_notify  nrf_sdh.o
    0x0002b5b8   0x00000044   Code   RO         5259    i.sdk_mapped_flags_bulk_update_by_key  sdk_mapped_flags.o
    0x0002b5fc   0x00000022   Code   RO         5260    i.sdk_mapped_flags_first_key_index_get  sdk_mapped_flags.o
    0x0002b61e   0x00000010   Code   RO         5261    i.sdk_mapped_flags_get_by_index  sdk_mapped_flags.o
    0x0002b62e   0x00000026   Code   RO         5262    i.sdk_mapped_flags_get_by_key  sdk_mapped_flags.o
    0x0002b654   0x0000004a   Code   RO         5264    i.sdk_mapped_flags_key_list_get  sdk_mapped_flags.o
    0x0002b69e   0x0000001e   Code   RO         5265    i.sdk_mapped_flags_n_flags_set  sdk_mapped_flags.o
    0x0002b6bc   0x0000000e   Code   RO         5266    i.sdk_mapped_flags_update_by_key  sdk_mapped_flags.o
    0x0002b6ca   0x000000a2   Code   RO         2512    i.sec_info_request_process  security_dispatcher.o
    0x0002b76c   0x0000006c   Code   RO         2513    i.sec_keyset_fill   security_dispatcher.o
    0x0002b7d8   0x00000076   Code   RO         2653    i.sec_params_verify  security_manager.o
    0x0002b84e   0x00000002   PAD
    0x0002b850   0x00000038   Code   RO         2514    i.sec_proc_housekeeping  security_dispatcher.o
    0x0002b888   0x00000068   Code   RO         2515    i.sec_proc_start    security_dispatcher.o
    0x0002b8f0   0x00000022   Code   RO         2516    i.send_config_req   security_dispatcher.o
    0x0002b912   0x00000002   PAD
    0x0002b914   0x00000010   Code   RO          868    i.send_error_evt    ble_conn_params.o
    0x0002b924   0x00000028   Code   RO         1272    i.send_unexpected_error  gatt_cache_manager.o
    0x0002b94c   0x00000028   Code   RO         2517    i.send_unexpected_error  security_dispatcher.o
    0x0002b974   0x00000028   Code   RO         5386    i.serial_tx         nrf_log_backend_uart.o
    0x0002b99c   0x00000044   Code   RO         1378    i.service_changed_pending_set  gatts_cache_manager.o
    0x0002b9e0   0x0000008c   Code   RO         1273    i.service_changed_send_in_evt  gatt_cache_manager.o
    0x0002ba6c   0x00000088   Code   RO          702    i.service_data_encode  ble_advdata.o
    0x0002baf4   0x000000f0   Code   RO           19    i.services_init     main.o
    0x0002bbe4   0x00000018   Code   RO         2654    i.sm_ble_evt_handler  security_manager.o
    0x0002bbfc   0x00000004   Code   RO         2655    i.sm_conn_sec_config_reply  security_manager.o
    0x0002bc00   0x0000004c   Code   RO         2656    i.sm_init           security_manager.o
    0x0002bc4c   0x00000040   Code   RO         2659    i.sm_pdb_evt_handler  security_manager.o
    0x0002bc8c   0x00000034   Code   RO         2661    i.sm_sec_params_set  security_manager.o
    0x0002bcc0   0x00000060   Code   RO         2662    i.sm_smd_evt_handler  security_manager.o
    0x0002bd20   0x00000118   Code   RO         2518    i.smd_ble_evt_handler  security_dispatcher.o
    0x0002be38   0x00000010   Code   RO         2519    i.smd_conn_sec_config_reply  security_dispatcher.o
    0x0002be48   0x00000058   Code   RO         2520    i.smd_init          security_dispatcher.o
    0x0002bea0   0x0000006c   Code   RO         2521    i.smd_link_secure   security_dispatcher.o
    0x0002bf0c   0x000000fc   Code   RO         2522    i.smd_params_reply  security_dispatcher.o
    0x0002c008   0x00000040   Code   RO         2663    i.smd_params_reply_perform  security_manager.o
    0x0002c048   0x0000000a   Code   RO         3165    i.soc_evt_handler   nrf_drv_clock.o
    0x0002c052   0x00000002   PAD
    0x0002c054   0x00000038   Code   RO         6095    i.softdevice_evt_irq_disable  nrf_sdh.o
    0x0002c08c   0x00000050   Code   RO         6096    i.softdevices_evt_irq_enable  nrf_sdh.o
    0x0002c0dc   0x00000090   Code   RO         5513    i.std_n             nrf_log_frontend.o
    0x0002c16c   0x00000080   Code   RO         4035    i.timer_list_handler  app_timer.o
    0x0002c1ec   0x0000003c   Code   RO         4036    i.timer_list_insert  app_timer.o
    0x0002c228   0x00000060   Code   RO         4037    i.timer_list_remove  app_timer.o
    0x0002c288   0x00000048   Code   RO         4038    i.timer_stop_op_schedule  app_timer.o
    0x0002c2d0   0x00000074   Code   RO         4039    i.timer_timeouts_check  app_timer.o
    0x0002c344   0x00000020   Code   RO         3629    i.tx_byte           nrf_drv_uart.o
    0x0002c364   0x0000001c   Code   RO         3630    i.tx_done_event     nrf_drv_uart.o
    0x0002c380   0x0000000c   Code   RO         5387    i.uart_evt_handler  nrf_log_backend_uart.o
    0x0002c38c   0x00000050   Code   RO         5388    i.uart_init         nrf_log_backend_uart.o
    0x0002c3dc   0x0000011e   Code   RO         3631    i.uart_irq_handler  nrf_drv_uart.o
    0x0002c4fa   0x000000f0   Code   RO         3632    i.uarte_irq_handler  nrf_drv_uart.o
    0x0002c5ea   0x0000000a   Code   RO          703    i.uint16_encode     ble_advdata.o
    0x0002c5f4   0x00000020   Code   RO         4924    i.uninit            nrf_fstorage_sd.o
    0x0002c614   0x000000b4   Code   RO         4810    i.unsigned_print    nrf_fprintf_format.o
    0x0002c6c8   0x00000068   Code   RO          869    i.update_timeout_handler  ble_conn_params.o
    0x0002c730   0x00000018   Code   RO          953    i.user_flag_is_acquired  ble_conn_state.o
    0x0002c748   0x00000030   Code   RO         4040    i.user_op_alloc     app_timer.o
    0x0002c778   0x00000030   Code   RO          704    i.uuid_list_encode  ble_advdata.o
    0x0002c7a8   0x0000009e   Code   RO          705    i.uuid_list_sized_encode  ble_advdata.o
    0x0002c846   0x00000004   Code   RO         4925    i.wmap              nrf_fstorage_sd.o
    0x0002c84a   0x00000002   PAD
    0x0002c84c   0x00000050   Code   RO         4926    i.write             nrf_fstorage_sd.o
    0x0002c89c   0x00000024   Code   RO         1885    i.write_buf_length_words_set  peer_database.o
    0x0002c8c0   0x0000009c   Code   RO         1886    i.write_buf_store   peer_database.o
    0x0002c95c   0x00000034   Code   RO         1887    i.write_buffer_record_find  peer_database.o
    0x0002c990   0x00000028   Code   RO         1888    i.write_buffer_record_find_next  peer_database.o
    0x0002c9b8   0x0000001e   Code   RO         1889    i.write_buffer_record_invalidate  peer_database.o
    0x0002c9d6   0x00000002   PAD
    0x0002c9d8   0x0000002c   Code   RO         1890    i.write_buffer_record_release  peer_database.o
    0x0002ca04   0x000000e8   Code   RO         4329    i.write_enqueue     fds.o
    0x0002caec   0x000000f4   Code   RO         4330    i.write_execute     fds.o
    0x0002cbe0   0x00000018   Code   RO         4331    i.write_space_free  fds.o
    0x0002cbf8   0x0000005c   Code   RO         4332    i.write_space_reserve  fds.o
    0x0002cc54   0x00000018   Data   RO           21    .constdata          main.o
    0x0002cc6c   0x00000008   Data   RO          397    .constdata          boards.o
    0x0002cc74   0x0000002c   Data   RO          513    .constdata          bsp.o
    0x0002cca0   0x0000007c   Data   RO         1103    .constdata          ble_db_discovery.o
    0x0002cd1c   0x00000050   Data   RO         1274    .constdata          gatt_cache_manager.o
    0x0002cd6c   0x00000004   Data   RO         1379    .constdata          gatts_cache_manager.o
    0x0002cd70   0x00000010   Data   RO         1380    .constdata          gatts_cache_manager.o
    0x0002cd80   0x00000004   Data   RO         1381    .constdata          gatts_cache_manager.o
    0x0002cd84   0x00000008   Data   RO         1475    .constdata          id_manager.o
    0x0002cd8c   0x00000016   Data   RO         1644    .constdata          nrf_ble_gatt.o
    0x0002cda2   0x00000002   PAD
    0x0002cda4   0x00000018   Data   RO         1748    .constdata          peer_data_storage.o
    0x0002cdbc   0x00000010   Data   RO         1892    .constdata          peer_database.o
    0x0002cdcc   0x00000010   Data   RO         2168    .constdata          peer_manager.o
    0x0002cddc   0x00000068   Data   RO         2524    .constdata          security_dispatcher.o
    0x0002ce44   0x00000004   Data   RO         2664    .constdata          security_manager.o
    0x0002ce48   0x00000028   Data   RO         3075    .constdata          ble_nus_c.o
    0x0002ce70   0x00000004   Data   RO         3387    .constdata          nrf_drv_gpiote.o
    0x0002ce74   0x00000008   Data   RO         3835    .constdata          app_button.o
    0x0002ce7c   0x00000018   Data   RO         4335    .constdata          fds.o
    0x0002ce94   0x00000010   Data   RO         4811    .constdata          nrf_fprintf_format.o
    0x0002cea4   0x00000010   Data   RO         4929    .constdata          nrf_fstorage_sd.o
    0x0002ceb4   0x00000020   Data   RO         4930    .constdata          nrf_fstorage_sd.o
    0x0002ced4   0x00000104   Data   RO         5228    .constdata          nrf_strerror.o
    0x0002cfd8   0x0000000c   Data   RO         5390    .constdata          nrf_log_backend_uart.o
    0x0002cfe4   0x00000020   Data   RO         5391    .constdata          nrf_log_backend_uart.o
    0x0002d004   0x00000014   Data   RO         5516    .constdata          nrf_log_frontend.o
    0x0002d018   0x00000010   Data   RO         6097    .constdata          nrf_sdh.o
    0x0002d028   0x00000028   Data   RO         6098    .constdata          nrf_sdh.o
    0x0002d050   0x00000010   Data   RO         6099    .constdata          nrf_sdh.o
    0x0002d060   0x00000010   Data   RO         6100    .constdata          nrf_sdh.o
    0x0002d070   0x00000020   Data   RO         6216    .constdata          nrf_sdh_ble.o
    0x0002d090   0x00000010   Data   RO         6217    .constdata          nrf_sdh_ble.o
    0x0002d0a0   0x00000010   Data   RO         6263    .constdata          nrf_sdh_soc.o
    0x0002d0b0   0x0000000c   Data   RO         6264    .constdata          nrf_sdh_soc.o
    0x0002d0bc   0x00000081   Data   RO         6345    .constdata          mc_w.l(ctype_o.o)
    0x0002d13d   0x00000003   PAD
    0x0002d140   0x00000004   Data   RO         6346    .constdata          mc_w.l(ctype_o.o)
    0x0002d144   0x0000012d   Data   RO         1645    .conststring        nrf_ble_gatt.o
    0x0002d271   0x00000003   PAD
    0x0002d274   0x00000307   Data   RO         5229    .conststring        nrf_strerror.o
    0x0002d57b   0x00000001   PAD
    0x0002d57c   0x00000066   Data   RO         5683    .conststring        nrf_log_str_formatter.o
    0x0002d5e2   0x00000002   PAD
    0x0002d5e4   0x00000188   Data   RO         6218    .conststring        nrf_sdh_ble.o
    0x0002d76c   0x0000000c   Data   RO         1104    .conststrlit        ble_db_discovery.o
    0x0002d778   0x00000009   Data   RO         1646    .conststrlit        nrf_ble_gatt.o
    0x0002d781   0x00000003   PAD
    0x0002d784   0x0000000a   Data   RO         2884    .conststrlit        ble_hrs_c.o
    0x0002d78e   0x00000002   PAD
    0x0002d790   0x0000000b   Data   RO         3008    .conststrlit        ble_rscs_c.o
    0x0002d79b   0x00000001   PAD
    0x0002d79c   0x00000008   Data   RO         3076    .conststrlit        ble_nus_c.o
    0x0002d7a4   0x00000006   Data   RO         3171    .conststrlit        nrf_drv_clock.o
    0x0002d7aa   0x00000002   PAD
    0x0002d7ac   0x00000007   Data   RO         3391    .conststrlit        nrf_drv_gpiote.o
    0x0002d7b3   0x00000001   PAD
    0x0002d7b4   0x00000005   Data   RO         3634    .conststrlit        nrf_drv_uart.o
    0x0002d7b9   0x00000003   PAD
    0x0002d7bc   0x00000007   Data   RO         4726    .conststrlit        nrf_balloc.o
    0x0002d7c3   0x00000001   PAD
    0x0002d7c4   0x00000009   Data   RO         5120    .conststrlit        nrf_pwr_mgmt.o
    0x0002d7cd   0x00000003   PAD
    0x0002d7d0   0x00000004   Data   RO         5518    .conststrlit        nrf_log_frontend.o
    0x0002d7d4   0x00000008   Data   RO         6101    .conststrlit        nrf_sdh.o
    0x0002d7dc   0x0000000c   Data   RO         6219    .conststrlit        nrf_sdh_ble.o
    0x0002d7e8   0x0000000c   Data   RO         6265    .conststrlit        nrf_sdh_soc.o
    0x0002d7f4   0x00000020   Data   RO         6412    Region$$Table       anon$$obj.o
    0x0002d814   0x00000008   Data   RO         1106    log_const_data      ble_db_discovery.o
    0x0002d81c   0x00000008   Data   RO         1647    log_const_data      nrf_ble_gatt.o
    0x0002d824   0x00000008   Data   RO         2886    log_const_data      ble_hrs_c.o
    0x0002d82c   0x00000008   Data   RO         3010    log_const_data      ble_rscs_c.o
    0x0002d834   0x00000008   Data   RO         3077    log_const_data      ble_nus_c.o
    0x0002d83c   0x00000008   Data   RO         3172    log_const_data      nrf_drv_clock.o
    0x0002d844   0x00000008   Data   RO         3392    log_const_data      nrf_drv_gpiote.o
    0x0002d84c   0x00000008   Data   RO         3635    log_const_data      nrf_drv_uart.o
    0x0002d854   0x00000008   Data   RO         4727    log_const_data      nrf_balloc.o
    0x0002d85c   0x00000008   Data   RO         5122    log_const_data      nrf_pwr_mgmt.o
    0x0002d864   0x00000008   Data   RO         5522    log_const_data      nrf_log_frontend.o
    0x0002d86c   0x00000008   Data   RO         6103    log_const_data      nrf_sdh.o
    0x0002d874   0x00000008   Data   RO         6220    log_const_data      nrf_sdh_ble.o
    0x0002d87c   0x00000008   Data   RO         6266    log_const_data      nrf_sdh_soc.o
    0x0002d884   0x00000008   Data   RO          955    sdh_ble_observers0  ble_conn_state.o
    0x0002d88c   0x00000020   Data   RO           23    sdh_ble_observers1  main.o
    0x0002d8ac   0x00000008   Data   RO          619    sdh_ble_observers1  bsp_btn_ble.o
    0x0002d8b4   0x00000008   Data   RO          872    sdh_ble_observers1  ble_conn_params.o
    0x0002d8bc   0x00000008   Data   RO         2170    sdh_ble_observers1  peer_manager.o
    0x0002d8c4   0x00000010   Data   RO           24    sdh_ble_observers2  main.o
    0x0002d8d4   0x00000008   Data   RO           25    sdh_ble_observers3  main.o
    0x0002d8dc   0x00000008   Data   RO         4932    sdh_req_observers0  nrf_fstorage_sd.o
    0x0002d8e4   0x00000008   Data   RO         3174    sdh_soc_observers0  nrf_drv_clock.o
    0x0002d8ec   0x00000008   Data   RO         4933    sdh_soc_observers0  nrf_fstorage_sd.o
    0x0002d8f4   0x00000008   Data   RO           26    sdh_soc_observers1  main.o
    0x0002d8fc   0x00000008   Data   RO         6222    sdh_stack_observers0  nrf_sdh_ble.o
    0x0002d904   0x00000008   Data   RO         6268    sdh_stack_observers0  nrf_sdh_soc.o
    0x0002d90c   0x00000008   Data   RO         3175    sdh_state_observers0  nrf_drv_clock.o
    0x0002d914   0x00000008   Data   RO         4934    sdh_state_observers0  nrf_fstorage_sd.o


    Execution Region RW_IRAM1 (Base: 0x20002c60, Size: 0x000038a8, Max: 0x0000d390, ABSOLUTE, COMPRESSED[0x00000064])

    Base Addr    Size         Type   Attr      Idx    E Section Name        Object

    0x20002c60   0x000005a0   Data   RW           22    .data               main.o
    0x20003200   0x00000010   Data   RW          514    .data               bsp.o
    0x20003210   0x00000008   Data   RW          618    .data               bsp_btn_ble.o
    0x20003218   0x00000008   Data   RW          871    .data               ble_conn_params.o
    0x20003220   0x00000010   Data   RW         1105    .data               ble_db_discovery.o
    0x20003230   0x0000000c   Data   RW         1275    .data               gatt_cache_manager.o
    0x2000323c   0x00000006   Data   RW         1382    .data               gatts_cache_manager.o
    0x20003242   0x00000003   Data   RW         1476    .data               id_manager.o
    0x20003245   0x00000003   PAD
    0x20003248   0x0000000c   Data   RW         1749    .data               peer_data_storage.o
    0x20003254   0x00000008   Data   RW         1893    .data               peer_database.o
    0x2000325c   0x00000010   Data   RW         2169    .data               peer_manager.o
    0x2000326c   0x00000006   Data   RW         2525    .data               security_dispatcher.o
    0x20003272   0x00000002   PAD
    0x20003274   0x00000015   Data   RW         2665    .data               security_manager.o
    0x20003289   0x00000003   PAD
    0x2000328c   0x00000014   Data   RW         3836    .data               app_button.o
    0x200032a0   0x00000014   Data   RW         4042    .data               app_timer.o
    0x200032b4   0x00000030   Data   RW         4336    .data               fds.o
    0x200032e4   0x00000008   Data   RW         4931    .data               nrf_fstorage_sd.o
    0x200032ec   0x0000000c   Data   RW         5392    .data               nrf_log_backend_uart.o
    0x200032f8   0x0000000c   Data   RW         5455    .data               nrf_log_default_backends.o
    0x20003304   0x00000008   Data   RW         5520    .data               nrf_log_frontend.o
    0x2000330c   0x00000008   Data   RW         5521    .data               nrf_log_frontend.o
    0x20003314   0x00000038   Data   RW         5684    .data               nrf_log_str_formatter.o
    0x2000334c   0x00000003   Data   RW         6102    .data               nrf_sdh.o
    0x2000334f   0x00000001   PAD
    0x20003350   0x00000004   Data   RW         6303    .data               system_nrf52.o
    0x20003354   0x00000014   Data   RW         4337    fs_data             fds.o
    0x20003368   0x0000000c   Data   RW         1107    log_dynamic_data    ble_db_discovery.o
    0x20003374   0x0000000c   Data   RW         1648    log_dynamic_data    nrf_ble_gatt.o
    0x20003380   0x0000000c   Data   RW         2887    log_dynamic_data    ble_hrs_c.o
    0x2000338c   0x0000000c   Data   RW         3011    log_dynamic_data    ble_rscs_c.o
    0x20003398   0x0000000c   Data   RW         3078    log_dynamic_data    ble_nus_c.o
    0x200033a4   0x0000000c   Data   RW         3173    log_dynamic_data    nrf_drv_clock.o
    0x200033b0   0x0000000c   Data   RW         3393    log_dynamic_data    nrf_drv_gpiote.o
    0x200033bc   0x0000000c   Data   RW         3636    log_dynamic_data    nrf_drv_uart.o
    0x200033c8   0x0000000c   Data   RW         4728    log_dynamic_data    nrf_balloc.o
    0x200033d4   0x0000000c   Data   RW         5123    log_dynamic_data    nrf_pwr_mgmt.o
    0x200033e0   0x0000000c   Data   RW         5523    log_dynamic_data    nrf_log_frontend.o
    0x200033ec   0x0000000c   Data   RW         6104    log_dynamic_data    nrf_sdh.o
    0x200033f8   0x0000000c   Data   RW         6221    log_dynamic_data    nrf_sdh_ble.o
    0x20003404   0x0000000c   Data   RW         6267    log_dynamic_data    nrf_sdh_soc.o
    0x20003410   0x00000188   Zero   RW           20    .bss                main.o
    0x20003598   0x00000020   Zero   RW          509    .bss                bsp.o
    0x200035b8   0x00000020   Zero   RW          510    .bss                bsp.o
    0x200035d8   0x0000000c   Zero   RW          511    .bss                bsp.o
    0x200035e4   0x00000020   Zero   RW          512    .bss                bsp.o
    0x20003604   0x00000050   Zero   RW          870    .bss                ble_conn_params.o
    0x20003654   0x000000b8   Zero   RW          954    .bss                ble_conn_state.o
    0x2000370c   0x00000318   Zero   RW         1102    .bss                ble_db_discovery.o
    0x20003a24   0x00000100   Zero   RW         1474    .bss                id_manager.o
    0x20003b24   0x000000d0   Zero   RW         1891    .bss                peer_database.o
    0x20003bf4   0x00000040   Zero   RW         2047    .bss                peer_id.o
    0x20003c34   0x0000000c   Zero   RW         2167    .bss                peer_manager.o
    0x20003c40   0x00000040   Zero   RW         2523    .bss                security_dispatcher.o
    0x20003c80   0x00000014   Zero   RW         3166    .bss                nrf_drv_clock.o
    0x20003c94   0x00000058   Zero   RW         3386    .bss                nrf_drv_gpiote.o
    0x20003cec   0x00000020   Zero   RW         3633    .bss                nrf_drv_uart.o
    0x20003d0c   0x00000020   Zero   RW         3834    .bss                app_button.o
    0x20003d2c   0x0000010c   Zero   RW         4041    .bss                app_timer.o
    0x20003e38   0x0000000c   Zero   RW         4190    .bss                app_util_platform.o
    0x20003e44   0x000000e0   Zero   RW         4333    .bss                fds.o
    0x20003f24   0x00000010   Zero   RW         4334    .bss                fds.o
    0x20003f34   0x000000a0   Zero   RW         4927    .bss                nrf_fstorage_sd.o
    0x20003fd4   0x00000010   Zero   RW         4928    .bss                nrf_fstorage_sd.o
    0x20003fe4   0x00000040   Zero   RW         5389    .bss                nrf_log_backend_uart.o
    0x20004024   0x000000c0   Zero   RW         5514    .bss                nrf_log_frontend.o
    0x200040e4   0x00000420   Zero   RW         5515    .bss                nrf_log_frontend.o
    0x20004504   0x00000004   PAD
    0x20004508   0x00002000   Zero   RW         6291    STACK               arm_startup_nrf52.o


==============================================================================

Image component sizes


      Code (inc. data)   RO Data    RW Data    ZI Data      Debug   Object Name

       380         44          8         20         32      11179   app_button.o
        22          0          0          0          0       2161   app_error.o
       120         40          0          0          0      30577   app_error_weak.o
         0          0          0          0          0      21060   app_scheduler.o
      1630        122          0         20        268      48479   app_timer.o
       124         14          0          0         12       9270   app_util_platform.o
        36          8        512          0       8192        952   arm_startup_nrf52.o
      1330          0          0          0          0      37387   ble_advdata.o
       928          6          0          0          0       9680   ble_advertising.o
       636         44          8          8         80       9603   ble_conn_params.o
       552         52          8          0        184      10437   ble_conn_state.o
      1658         78        144         28        792      26479   ble_db_discovery.o
       654          0          0          0          0       6640   ble_hrs.o
         0          0         18         12          0       2372   ble_hrs_c.o
       410         10         56         12          0      16674   ble_nus_c.o
       600          0          0          0          0      27906   ble_rscs.o
         0          0         19         12          0       2282   ble_rscs_c.o
         8          0          0          0          0       1514   ble_srv_common.o
       306         36          8          0          0      13218   boards.o
       886         80         44         16        108      13771   bsp.o
       222         10          8          8          0       4251   bsp_btn_ble.o
      3726        332         24         68        240      53970   fds.o
      1028         74         80         12          0      19465   gatt_cache_manager.o
       490         38         24          6          0       9563   gatts_cache_manager.o
      1156         58          8          3        256      19417   id_manager.o
      2546        612         88       1440        392     184351   main.o
       342          0          0          0          0       6754   nrf_atfifo.o
       164          0         15         12          0       4045   nrf_balloc.o
       688         46        340         12          0      32552   nrf_ble_gatt.o
       408         40         30         12         20      41575   nrf_drv_clock.o
        56          0          0          0          0      27575   nrf_drv_common.o
      1250         90         19         12         88      32300   nrf_drv_gpiote.o
      1784         60         13         12         32      41334   nrf_drv_uart.o
        50          0          0          0          0       3673   nrf_fprintf.o
       850          4         16          0          0       5586   nrf_fprintf_format.o
       312         10          0          0          0       6216   nrf_fstorage.o
       926         72         72          8        176      19559   nrf_fstorage_sd.o
       210          0          0          0          0      11243   nrf_log_backend_serial.o
       188         36         44         12         64      12730   nrf_log_backend_uart.o
        28          6          0         12          0       3347   nrf_log_default_backends.o
      1492         88         32         28       1248      32624   nrf_log_frontend.o
       506         66        102         56          0       5712   nrf_log_str_formatter.o
       494          0          0          0          0      13459   nrf_memobj.o
         0          0         17         12          0       7469   nrf_pwr_mgmt.o
       600         60        104         15          0      50916   nrf_sdh.o
       576        154        468         12          0       6077   nrf_sdh_ble.o
        60          4         56         12          0       2696   nrf_sdh_soc.o
        78          0          0          0          0       2892   nrf_section_iter.o
        76         10       1035          0          0       2863   nrf_strerror.o
      1034         46         24         12          0      17672   peer_data_storage.o
      1268         62         16          8        208      25686   peer_database.o
       336         38          0          0         64       9531   peer_id.o
       986         80         24         16         12      16676   peer_manager.o
       242          0          0          0          0       4595   pm_buffer.o
       226          0          0          0          0       5585   pm_mutex.o
       274          0          0          0          0       7427   sdk_mapped_flags.o
      2060         92        104          6         64      30774   security_dispatcher.o
      1122         56          4         21          0      46524   security_manager.o
       796         70          0          4          0       3127   system_nrf52.o

    ----------------------------------------------------------------------
     39020       2848       3648       1968      12536    1133452   Object Totals
         0          0         32          0          0          0   (incl. Generated)
        90          0         24          9          4          0   (incl. Padding)

    ----------------------------------------------------------------------

      Code (inc. data)   RO Data    RW Data    ZI Data      Debug   Library Member Name

        86          0          0          0          0          0   __dczerorl2.o
         8          4        133          0          0         68   ctype_o.o
         0          0          0          0          0          0   entry.o
         0          0          0          0          0          0   entry10a.o
         0          0          0          0          0          0   entry11a.o
         8          4          0          0          0          0   entry2.o
         4          0          0          0          0          0   entry5.o
         0          0          0          0          0          0   entry7b.o
         0          0          0          0          0          0   entry8b.o
         8          4          0          0          0          0   entry9a.o
        30          0          0          0          0          0   handlers.o
        36          8          0          0          0         68   init.o
        30          0          0          0          0         68   llshl.o
        32          0          0          0          0         68   llushr.o
        26          0          0          0          0         80   memcmp.o
        64          0          0          0          0         76   memmovea.o
        36          0          0          0          0        108   memseta.o
        14          0          0          0          0         68   strlen.o
        98          0          0          0          0         92   uldiv.o

    ----------------------------------------------------------------------
       488         20        136          0          0        696   Library Totals
         8          0          3          0          0          0   (incl. Padding)

    ----------------------------------------------------------------------

      Code (inc. data)   RO Data    RW Data    ZI Data      Debug   Library Name

       480         20        133          0          0        696   mc_w.l

    ----------------------------------------------------------------------
       488         20        136          0          0        696   Library Totals

    ----------------------------------------------------------------------

==============================================================================


      Code (inc. data)   RO Data    RW Data    ZI Data      Debug   

     39508       2868       3784       1968      12536    1084524   Grand Totals
     39508       2868       3784        100      12536    1084524   ELF Image Totals (compressed)
     39508       2868       3784        100          0          0   ROM Totals

==============================================================================

    Total RO  Size (Code + RO Data)                43292 (  42.28kB)
    Total RW  Size (RW Data + ZI Data)             14504 (  14.16kB)
    Total ROM Size (Code + RO Data + RW Data)      43392 (  42.38kB)

==============================================================================

