Component: ARM Compiler 5.05 update 2 (build 169) Tool: armlink [4d0f33]

==============================================================================

Section Cross References

    main.o(i.adv_scan_start) refers to nrf_fstorage.o(i.nrf_fstorage_is_busy) for nrf_fstorage_is_busy
    main.o(i.adv_scan_start) refers to main.o(i.scan_start) for scan_start
    main.o(i.adv_scan_start) refers to boards.o(i.bsp_board_led_on) for bsp_board_led_on
    main.o(i.adv_scan_start) refers to ble_advertising.o(i.ble_advertising_start) for ble_advertising_start
    main.o(i.adv_scan_start) refers to app_error.o(i.app_error_handler) for app_error_handler
    main.o(i.adv_scan_start) refers to main.o(.bss) for .bss
    main.o(i.advertising_init) refers to memseta.o(.text) for __aeabi_memclr4
    main.o(i.advertising_init) refers to ble_advertising.o(i.ble_advertising_init) for ble_advertising_init
    main.o(i.advertising_init) refers to app_error.o(i.app_error_handler) for app_error_handler
    main.o(i.advertising_init) refers to ble_advertising.o(i.ble_advertising_conn_cfg_tag_set) for ble_advertising_conn_cfg_tag_set
    main.o(i.advertising_init) refers to main.o(.data) for .data
    main.o(i.advertising_init) refers to main.o(i.on_adv_evt) for on_adv_evt
    main.o(i.advertising_init) refers to main.o(.bss) for .bss
    main.o(i.advertising_init) refers to main.o(i.main) for i.main
    main.o(i.assert_nrf_callback) refers to app_error.o(i.app_error_handler) for app_error_handler
    main.o(i.ble_evt_handler) refers to ble_conn_state.o(i.ble_conn_state_role) for ble_conn_state_role
    main.o(i.ble_evt_handler) refers to ble_nus_c.o(i.ble_nus_c_on_ble_evt) for ble_nus_c_on_ble_evt
    main.o(i.ble_evt_handler) refers to main.o(i.on_ble_central_evt) for on_ble_central_evt
    main.o(i.ble_evt_handler) refers to main.o(i.on_ble_peripheral_evt) for on_ble_peripheral_evt
    main.o(i.ble_evt_handler) refers to main.o(.bss) for .bss
    main.o(i.ble_nus_c_evt_handler) refers to nrf_log_frontend.o(i.nrf_log_frontend_std_0) for nrf_log_frontend_std_0
    main.o(i.ble_nus_c_evt_handler) refers to main.o(i.scan_start) for scan_start
    main.o(i.ble_nus_c_evt_handler) refers to ble_nus_c.o(i.ble_nus_c_handles_assign) for ble_nus_c_handles_assign
    main.o(i.ble_nus_c_evt_handler) refers to app_error.o(i.app_error_handler) for app_error_handler
    main.o(i.ble_nus_c_evt_handler) refers to ble_nus_c.o(i.ble_nus_c_tx_notif_enable) for ble_nus_c_tx_notif_enable
    main.o(i.ble_nus_c_evt_handler) refers to nrf_log_frontend.o(log_dynamic_data) for m_nrf_log_app_logs_data_dynamic
    main.o(i.ble_stack_init) refers to nrf_sdh.o(i.nrf_sdh_enable_request) for nrf_sdh_enable_request
    main.o(i.ble_stack_init) refers to app_error.o(i.app_error_handler) for app_error_handler
    main.o(i.ble_stack_init) refers to nrf_sdh_ble.o(i.nrf_sdh_ble_default_cfg_set) for nrf_sdh_ble_default_cfg_set
    main.o(i.ble_stack_init) refers to nrf_sdh_ble.o(i.nrf_sdh_ble_enable) for nrf_sdh_ble_enable
    main.o(i.ble_stack_init) refers to main.o(i.main) for i.main
    main.o(i.conn_params_error_handler) refers to app_error.o(i.app_error_handler) for app_error_handler
    main.o(i.db_disc_handler) refers to ble_nus_c.o(i.ble_nus_c_on_db_disc_evt) for ble_nus_c_on_db_disc_evt
    main.o(i.db_disc_handler) refers to main.o(.bss) for .bss
    main.o(i.gap_params_init) refers to app_error.o(i.app_error_handler) for app_error_handler
    main.o(i.gap_params_init) refers to main.o(i.main) for i.main
    main.o(i.main) refers to nrf_log_frontend.o(i.nrf_log_init) for nrf_log_init
    main.o(i.main) refers to app_error.o(i.app_error_handler) for app_error_handler
    main.o(i.main) refers to nrf_log_default_backends.o(i.nrf_log_default_backends_init) for nrf_log_default_backends_init
    main.o(i.main) refers to app_timer.o(i.app_timer_init) for app_timer_init
    main.o(i.main) refers to bsp.o(i.bsp_init) for bsp_init
    main.o(i.main) refers to bsp_btn_ble.o(i.bsp_btn_ble_init) for bsp_btn_ble_init
    main.o(i.main) refers to main.o(i.ble_stack_init) for ble_stack_init
    main.o(i.main) refers to main.o(i.gap_params_init) for gap_params_init
    main.o(i.main) refers to nrf_ble_gatt.o(i.nrf_ble_gatt_init) for nrf_ble_gatt_init
    main.o(i.main) refers to memseta.o(.text) for __aeabi_memclr4
    main.o(i.main) refers to ble_conn_params.o(i.ble_conn_params_init) for ble_conn_params_init
    main.o(i.main) refers to ble_db_discovery.o(i.ble_db_discovery_init) for ble_db_discovery_init
    main.o(i.main) refers to main.o(i.peer_manager_init) for peer_manager_init
    main.o(i.main) refers to ble_nus_c.o(i.ble_nus_c_init) for ble_nus_c_init
    main.o(i.main) refers to ble_nus.o(i.ble_nus_init) for ble_nus_init
    main.o(i.main) refers to main.o(i.advertising_init) for advertising_init
    main.o(i.main) refers to nrf_log_frontend.o(i.nrf_log_frontend_std_0) for nrf_log_frontend_std_0
[...]
    nrf_fstorage_sdh_state_handler           0x000286bd   Thumb Code    28  nrf_fstorage_sd.o(i.nrf_fstorage_sdh_state_handler)
    nrf_fstorage_sys_evt_handler             0x000286dd   Thumb Code   150  nrf_fstorage_sd.o(i.nrf_fstorage_sys_evt_handler)
    nrf_fstorage_write                       0x00028781   Thumb Code   102  nrf_fstorage.o(i.nrf_fstorage_write)
    nrf_log_backend_add                      0x00028911   Thumb Code    74  nrf_log_frontend.o(i.nrf_log_backend_add)
    nrf_log_backend_serial_put               0x00028961   Thumb Code   210  nrf_log_backend_serial.o(i.nrf_log_backend_serial_put)
    nrf_log_backend_uart_init                0x00028a35   Thumb Code     6  nrf_log_backend_uart.o(i.nrf_log_backend_uart_init)
    nrf_log_color_id_get                     0x00028a6d   Thumb Code    42  nrf_log_frontend.o(i.nrf_log_color_id_get)
    nrf_log_default_backends_init            0x00028a9d   Thumb Code    22  nrf_log_default_backends.o(i.nrf_log_default_backends_init)
    nrf_log_frontend_dequeue                 0x00028ab9   Thumb Code   488  nrf_log_frontend.o(i.nrf_log_frontend_dequeue)
    nrf_log_frontend_std_0                   0x00028ca9   Thumb Code     8  nrf_log_frontend.o(i.nrf_log_frontend_std_0)
    nrf_log_frontend_std_1                   0x00028cb1   Thumb Code    14  nrf_log_frontend.o(i.nrf_log_frontend_std_1)
    nrf_log_frontend_std_2                   0x00028cbf   Thumb Code    16  nrf_log_frontend.o(i.nrf_log_frontend_std_2)
    nrf_log_frontend_std_3                   0x00028ccf   Thumb Code    18  nrf_log_frontend.o(i.nrf_log_frontend_std_3)
    nrf_log_frontend_std_4                   0x00028ce1   Thumb Code    20  nrf_log_frontend.o(i.nrf_log_frontend_std_4)
    nrf_log_hexdump_entry_process            0x00028cf5   Thumb Code   146  nrf_log_str_formatter.o(i.nrf_log_hexdump_entry_process)
    nrf_log_init                             0x00028da1   Thumb Code    70  nrf_log_frontend.o(i.nrf_log_init)
    nrf_log_module_cnt_get                   0x00028dfd   Thumb Code    10  nrf_log_frontend.o(i.nrf_log_module_cnt_get)
    nrf_log_module_name_get                  0x00028e11   Thumb Code    24  nrf_log_frontend.o(i.nrf_log_module_name_get)
    nrf_log_panic                            0x00028e2d   Thumb Code    34  nrf_log_frontend.o(i.nrf_log_panic)
    nrf_log_std_entry_process                0x00028e55   Thumb Code   182  nrf_log_str_formatter.o(i.nrf_log_std_entry_process)
    nrf_memobj_alloc                         0x00028f0b   Thumb Code    96  nrf_memobj.o(i.nrf_memobj_alloc)
    nrf_memobj_free                          0x00028f6b   Thumb Code    50  nrf_memobj.o(i.nrf_memobj_free)
    nrf_memobj_get                           0x00028f9d   Thumb Code    14  nrf_memobj.o(i.nrf_memobj_get)
    nrf_memobj_pool_init                     0x00028fab   Thumb Code     4  nrf_memobj.o(i.nrf_memobj_pool_init)
    nrf_memobj_put                           0x00028faf   Thumb Code    34  nrf_memobj.o(i.nrf_memobj_put)
    nrf_memobj_read                          0x00028fd1   Thumb Code    12  nrf_memobj.o(i.nrf_memobj_read)
    nrf_memobj_write                         0x00028fdd   Thumb Code    12  nrf_memobj.o(i.nrf_memobj_write)
    nrf_sdh_ble_app_ram_start_get            0x00028fe9   Thumb Code    16  nrf_sdh_ble.o(i.nrf_sdh_ble_app_ram_start_get)
    nrf_sdh_ble_default_cfg_set              0x00028ffd   Thumb Code   236  nrf_sdh_ble.o(i.nrf_sdh_ble_default_cfg_set)
    nrf_sdh_ble_enable                       0x00029101   Thumb Code    96  nrf_sdh_ble.o(i.nrf_sdh_ble_enable)
    nrf_sdh_disable_request                  0x0002926d   Thumb Code    54  nrf_sdh.o(i.nrf_sdh_disable_request)
    nrf_sdh_enable_request                   0x000292a9   Thumb Code    72  nrf_sdh.o(i.nrf_sdh_enable_request)
    nrf_sdh_evts_poll                        0x000292fd   Thumb Code    32  nrf_sdh.o(i.nrf_sdh_evts_poll)
    nrf_sdh_is_enabled                       0x00029321   Thumb Code     6  nrf_sdh.o(i.nrf_sdh_is_enabled)
    nrf_sdh_request_continue                 0x0002932d   Thumb Code    22  nrf_sdh.o(i.nrf_sdh_request_continue)
    nrf_section_iter_init                    0x000293c9   Thumb Code    10  nrf_section_iter.o(i.nrf_section_iter_init)
    nrf_section_iter_next                    0x000293f7   Thumb Code    32  nrf_section_iter.o(i.nrf_section_iter_next)
    nrf_strerror_find                        0x00029419   Thumb Code    52  nrf_strerror.o(i.nrf_strerror_find)
    nrf_strerror_get                         0x00029451   Thumb Code    14  nrf_strerror.o(i.nrf_strerror_get)
    pdb_init                                 0x00029fed   Thumb Code    64  peer_database.o(i.pdb_init)
    pdb_next_deleted_peer_id_get             0x0002a035   Thumb Code     4  peer_database.o(i.pdb_next_deleted_peer_id_get)
    pdb_next_peer_id_get                     0x0002a039   Thumb Code     4  peer_database.o(i.pdb_next_peer_id_get)
    pdb_pds_evt_handler                      0x0002a03d   Thumb Code   110  peer_database.o(i.pdb_pds_evt_handler)
    pdb_peer_allocate                        0x0002a0b5   Thumb Code     4  peer_database.o(i.pdb_peer_allocate)
    pdb_peer_data_load                       0x0002a0b9   Thumb Code    16  peer_database.o(i.pdb_peer_data_load)
    pdb_peer_data_ptr_get                    0x0002a0c9   Thumb Code     6  peer_database.o(i.pdb_peer_data_ptr_get)
    pdb_peer_free                            0x0002a0cf   Thumb Code    68  peer_database.o(i.pdb_peer_free)
    pdb_raw_store                            0x0002a113   Thumb Code     8  peer_database.o(i.pdb_raw_store)
    pdb_write_buf_get                        0x0002a11d   Thumb Code   256  peer_database.o(i.pdb_write_buf_get)
    pdb_write_buf_release                    0x0002a221   Thumb Code    40  peer_database.o(i.pdb_write_buf_release)
    pdb_write_buf_store                      0x0002a249   Thumb Code    40  peer_database.o(i.pdb_write_buf_store)
    pdb_write_buf_store_prepare              0x0002a271   Thumb Code    98  peer_database.o(i.pdb_write_buf_store_prepare)
    pds_init                                 0x0002a2e9   Thumb Code    98  peer_data_storage.o(i.pds_init)
    pds_next_deleted_peer_id_get             0x0002a355   Thumb Code     4  peer_data_storage.o(i.pds_next_deleted_peer_id_get)
    pds_next_peer_id_get                     0x0002a359   Thumb Code     4  peer_data_storage.o(i.pds_next_peer_id_get)
    pds_peer_data_iterate                    0x0002a35d   Thumb Code    84  peer_data_storage.o(i.pds_peer_data_iterate)
    pds_peer_data_iterate_prepare            0x0002a3b5   Thumb Code    10  peer_data_storage.o(i.pds_peer_data_iterate_prepare)
    pds_peer_data_read                       0x0002a3c5   Thumb Code   104  peer_data_storage.o(i.pds_peer_data_read)
    pds_peer_data_store                      0x0002a42d   Thumb Code   150  peer_data_storage.o(i.pds_peer_data_store)
    pds_peer_id_allocate                     0x0002a4c3   Thumb Code     8  peer_data_storage.o(i.pds_peer_id_allocate)
    pds_peer_id_free                         0x0002a4cb   Thumb Code    22  peer_data_storage.o(i.pds_peer_id_free)
    pds_peer_id_is_allocated                 0x0002a4e1   Thumb Code     4  peer_data_storage.o(i.pds_peer_id_is_allocated)
    pds_space_reserve                        0x0002a4e5   Thumb Code    46  peer_data_storage.o(i.pds_space_reserve)
    pds_space_reserve_cancel                 0x0002a513   Thumb Code    16  peer_data_storage.o(i.pds_space_reserve_cancel)
    peer_id_allocate                         0x0002a629   Thumb Code     6  peer_id.o(i.peer_id_allocate)
    peer_id_delete                           0x0002a635   Thumb Code    32  peer_id.o(i.peer_id_delete)
    peer_id_free                             0x0002a659   Thumb Code    24  peer_id.o(i.peer_id_free)
    peer_id_get_next_deleted                 0x0002a675   Thumb Code     6  peer_id.o(i.peer_id_get_next_deleted)
    peer_id_get_next_used                    0x0002a681   Thumb Code    42  peer_id.o(i.peer_id_get_next_used)
    peer_id_init                             0x0002a6b1   Thumb Code    36  peer_id.o(i.peer_id_init)
    peer_id_is_allocated                     0x0002a6d9   Thumb Code    16  peer_id.o(i.peer_id_is_allocated)
    peer_id_is_deleted                       0x0002a6ed   Thumb Code    16  peer_id.o(i.peer_id_is_deleted)
    pm_buffer_block_acquire                  0x0002a921   Thumb Code    92  pm_buffer.o(i.pm_buffer_block_acquire)
    pm_buffer_init                           0x0002a97d   Thumb Code    64  pm_buffer.o(i.pm_buffer_init)
    pm_buffer_ptr_get                        0x0002a9bd   Thumb Code    40  pm_buffer.o(i.pm_buffer_ptr_get)
    pm_buffer_release                        0x0002a9e5   Thumb Code    46  pm_buffer.o(i.pm_buffer_release)
    pm_conn_sec_config_reply                 0x0002aa13   Thumb Code    10  peer_manager.o(i.pm_conn_sec_config_reply)
    pm_gcm_evt_handler                       0x0002ab61   Thumb Code     4  peer_manager.o(i.pm_gcm_evt_handler)
    pm_im_evt_handler                        0x0002ab65   Thumb Code    30  peer_manager.o(i.pm_im_evt_handler)
    pm_init                                  0x0002ab89   Thumb Code    84  peer_manager.o(i.pm_init)
    pm_local_database_has_changed            0x0002abe1   Thumb Code    14  peer_manager.o(i.pm_local_database_has_changed)
    pm_mutex_init                            0x0002abf5   Thumb Code    14  pm_mutex.o(i.pm_mutex_init)
    pm_mutex_lock                            0x0002ac03   Thumb Code    26  pm_mutex.o(i.pm_mutex_lock)
    pm_mutex_lock_first_available            0x0002ac1d   Thumb Code    54  pm_mutex.o(i.pm_mutex_lock_first_available)
    pm_mutex_lock_status_get                 0x0002ac53   Thumb Code    24  pm_mutex.o(i.pm_mutex_lock_status_get)
    pm_mutex_unlock                          0x0002ac6b   Thumb Code    58  pm_mutex.o(i.pm_mutex_unlock)
    pm_pdb_evt_handler                       0x0002aca5   Thumb Code   276  peer_manager.o(i.pm_pdb_evt_handler)
    pm_peer_delete                           0x0002adbd   Thumb Code    14  peer_manager.o(i.pm_peer_delete)
    pm_peer_ranks_get                        0x0002add1   Thumb Code   176  peer_manager.o(i.pm_peer_ranks_get)
    pm_peers_delete                          0x0002ae89   Thumb Code    98  peer_manager.o(i.pm_peers_delete)
    pm_register                              0x0002aef1   Thumb Code    34  peer_manager.o(i.pm_register)
    pm_sec_params_set                        0x0002af1d   Thumb Code    14  peer_manager.o(i.pm_sec_params_set)
    pm_sm_evt_handler                        0x0002af31   Thumb Code    46  peer_manager.o(i.pm_sm_evt_handler)
    sdk_mapped_flags_bulk_update_by_key      0x0002b699   Thumb Code    68  sdk_mapped_flags.o(i.sdk_mapped_flags_bulk_update_by_key)
    sdk_mapped_flags_first_key_index_get     0x0002b6dd   Thumb Code    34  sdk_mapped_flags.o(i.sdk_mapped_flags_first_key_index_get)
    sdk_mapped_flags_get_by_key              0x0002b70f   Thumb Code    38  sdk_mapped_flags.o(i.sdk_mapped_flags_get_by_key)
    sdk_mapped_flags_key_list_get            0x0002b735   Thumb Code    74  sdk_mapped_flags.o(i.sdk_mapped_flags_key_list_get)
    sdk_mapped_flags_n_flags_set             0x0002b77f   Thumb Code    30  sdk_mapped_flags.o(i.sdk_mapped_flags_n_flags_set)
    sdk_mapped_flags_update_by_key           0x0002b79d   Thumb Code    14  sdk_mapped_flags.o(i.sdk_mapped_flags_update_by_key)
    sm_ble_evt_handler                       0x0002bbdd   Thumb Code    18  security_manager.o(i.sm_ble_evt_handler)
    sm_conn_sec_config_reply                 0x0002bbf5   Thumb Code     4  security_manager.o(i.sm_conn_sec_config_reply)
    sm_init                                  0x0002bbf9   Thumb Code    70  security_manager.o(i.sm_init)
    sm_pdb_evt_handler                       0x0002bc45   Thumb Code    60  security_manager.o(i.sm_pdb_evt_handler)
    sm_sec_params_set                        0x0002bc85   Thumb Code    46  security_manager.o(i.sm_sec_params_set)
    sm_smd_evt_handler                       0x0002bcb9   Thumb Code    92  security_manager.o(i.sm_smd_evt_handler)
    smd_ble_evt_handler                      0x0002bd19   Thumb Code   272  security_dispatcher.o(i.smd_ble_evt_handler)
    smd_conn_sec_config_reply                0x0002be31   Thumb Code    10  security_dispatcher.o(i.smd_conn_sec_config_reply)
    smd_init                                 0x0002be41   Thumb Code    84  security_dispatcher.o(i.smd_init)
    smd_link_secure                          0x0002be99   Thumb Code   102  security_dispatcher.o(i.smd_link_secure)
    smd_params_reply                         0x0002bf05   Thumb Code   242  security_dispatcher.o(i.smd_params_reply)
    write_buf_store                          0x0002ca89   Thumb Code   146  peer_database.o(i.write_buf_store)
    nrf_fstorage_sd                          0x0002d09c   Data          32  nrf_fstorage_sd.o(.constdata)
    nrf_log_backend_uart_api                 0x0002d1c0   Data          12  nrf_log_backend_uart.o(.constdata)
    m_ram_start                              0x0002d278   Data           4  nrf_sdh_ble.o(.constdata)
    __ctype_table                            0x0002d2a4   Data         129  ctype_o.o(.constdata)
    Region$$Table$$Base                      0x0002da34   Number         0  anon$$obj.o(Region$$Table)
    Region$$Table$$Limit                     0x0002da54   Number         0  anon$$obj.o(Region$$Table)
    log_const_data$$Base                     0x0002da54   Number         0  ble_db_discovery.o(log_const_data)
    m_nrf_log_ble_db_disc_logs_data_const    0x0002da54   Data           8  ble_db_discovery.o(log_const_data)
    m_nrf_log_ble_gatt_logs_data_const       0x0002da5c   Data           8  nrf_ble_gatt.o(log_const_data)
    m_nrf_log_ble_hrs_c_logs_data_const      0x0002da64   Data           8  ble_hrs_c.o(log_const_data)
    m_nrf_log_ble_rscs_c_logs_data_const     0x0002da6c   Data           8  ble_rscs_c.o(log_const_data)
    m_nrf_log_ble_nus_logs_data_const        0x0002da74   Data           8  ble_nus_c.o(log_const_data)
    m_nrf_log_clock_logs_data_const          0x0002da7c   Data           8  nrf_drv_clock.o(log_const_data)
    m_nrf_log_gpiote_logs_data_const         0x0002da84   Data           8  nrf_drv_gpiote.o(log_const_data)
    m_nrf_log_uart_logs_data_const           0x0002da8c   Data           8  nrf_drv_uart.o(log_const_data)
    m_nrf_log_balloc_logs_data_const         0x0002da94   Data           8  nrf_balloc.o(log_const_data)
    m_nrf_log_pwr_mgmt_logs_data_const       0x0002da9c   Data           8  nrf_pwr_mgmt.o(log_const_data)
    m_nrf_log_app_logs_data_const            0x0002daa4   Data           8  nrf_log_frontend.o(log_const_data)
    m_nrf_log_nrf_sdh_logs_data_const        0x0002daac   Data           8  nrf_sdh.o(log_const_data)
    m_nrf_log_nrf_sdh_ble_logs_data_const    0x0002dab4   Data           8  nrf_sdh_ble.o(log_const_data)
    m_nrf_log_nrf_sdh_soc_logs_data_const    0x0002dabc   Data           8  nrf_sdh_soc.o(log_const_data)
    log_const_data$$Limit                    0x0002dac4   Number         0  nrf_sdh_soc.o(log_const_data)
    sdh_ble_observers0$$Base                 0x0002dac4   Number         0  ble_conn_state.o(sdh_ble_observers0)
    sdh_ble_observers0$$Limit                0x0002dacc   Number         0  ble_conn_state.o(sdh_ble_observers0)
    sdh_ble_observers1$$Base                 0x0002dacc   Number         0  main.o(sdh_ble_observers1)
    sdh_ble_observers1$$Limit                0x0002db04   Number         0  peer_manager.o(sdh_ble_observers1)
    sdh_ble_observers2$$Base                 0x0002db04   Number         0  main.o(sdh_ble_observers2)
    sdh_ble_observers2$$Limit                0x0002db1c   Number         0  main.o(sdh_ble_observers2)
    sdh_ble_observers3$$Base                 0x0002db1c   Number         0  main.o(sdh_ble_observers3)
    m_req_obs                                0x0002db24   Data           8  nrf_fstorage_sd.o(sdh_req_observers0)
    sdh_ble_observers3$$Limit                0x0002db24   Number         0  main.o(sdh_ble_observers3)
    sdh_req_observers0$$Base                 0x0002db24   Number         0  nrf_fstorage_sd.o(sdh_req_observers0)
    sdh_req_observers0$$Limit                0x0002db2c   Number         0  nrf_fstorage_sd.o(sdh_req_observers0)
    sdh_soc_observers0$$Base                 0x0002db2c   Number         0  nrf_drv_clock.o(sdh_soc_observers0)
    sdh_soc_observers0$$Limit                0x0002db3c   Number         0  nrf_fstorage_sd.o(sdh_soc_observers0)
    sdh_soc_observers1$$Base                 0x0002db3c   Number         0  main.o(sdh_soc_observers1)
    sdh_soc_observers1$$Limit                0x0002db44   Number         0  main.o(sdh_soc_observers1)
    sdh_stack_observers0$$Base               0x0002db44   Number         0  nrf_sdh_ble.o(sdh_stack_observers0)
    sdh_stack_observers0$$Limit              0x0002db54   Number         0  nrf_sdh_soc.o(sdh_stack_observers0)
    sdh_state_observers0$$Base               0x0002db54   Number         0  nrf_drv_clock.o(sdh_state_observers0)
    sdh_state_observers0$$Limit              0x0002db64   Number         0  nrf_fstorage_sd.o(sdh_state_observers0)
    Image$$RW_IRAM1$$Base                    0x20002c60   Number         0  anon$$obj.o ABSOLUTE
    m_uart                                   0x200032f0   Data           8  nrf_log_backend_uart.o(.data)
    SystemCoreClock                          0x20003350   Data           4  system_nrf52.o(.data)
    fs_data$$Base                            0x20003354   Number         0  fds.o(fs_data)
    m_fs                                     0x20003354   Data          20  fds.o(fs_data)
    fs_data$$Limit                           0x20003368   Number         0  fds.o(fs_data)
    log_dynamic_data$$Base                   0x20003368   Number         0  ble_db_discovery.o(log_dynamic_data)
    m_nrf_log_ble_db_disc_logs_data_dynamic  0x20003368   Data          12  ble_db_discovery.o(log_dynamic_data)
    m_nrf_log_ble_gatt_logs_data_dynamic     0x20003374   Data          12  nrf_ble_gatt.o(log_dynamic_data)
    m_nrf_log_ble_hrs_c_logs_data_dynamic    0x20003380   Data          12  ble_hrs_c.o(log_dynamic_data)
    m_nrf_log_ble_rscs_c_logs_data_dynamic   0x2000338c   Data          12  ble_rscs_c.o(log_dynamic_data)
    m_nrf_log_ble_nus_logs_data_dynamic      0x20003398   Data          12  ble_nus_c.o(log_dynamic_data)
    m_nrf_log_clock_logs_data_dynamic        0x200033a4   Data          12  nrf_drv_clock.o(log_dynamic_data)
    m_nrf_log_gpiote_logs_data_dynamic       0x200033b0   Data          12  nrf_drv_gpiote.o(log_dynamic_data)
    m_nrf_log_uart_logs_data_dynamic         0x200033bc   Data          12  nrf_drv_uart.o(log_dynamic_data)
    m_nrf_log_balloc_logs_data_dynamic       0x200033c8   Data          12  nrf_balloc.o(log_dynamic_data)
    m_nrf_log_pwr_mgmt_logs_data_dynamic     0x200033d4   Data          12  nrf_pwr_mgmt.o(log_dynamic_data)
    m_nrf_log_app_logs_data_dynamic          0x200033e0   Data          12  nrf_log_frontend.o(log_dynamic_data)
    m_nrf_log_nrf_sdh_logs_data_dynamic      0x200033ec   Data          12  nrf_sdh.o(log_dynamic_data)
    m_nrf_log_nrf_sdh_ble_logs_data_dynamic  0x200033f8   Data          12  nrf_sdh_ble.o(log_dynamic_data)
    m_nrf_log_nrf_sdh_soc_logs_data_dynamic  0x20003404   Data          12  nrf_sdh_soc.o(log_dynamic_data)
    nrf_nvic_state                           0x20003e08   Data          12  app_util_platform.o(.bss)
    __initial_sp                             0x200064d8   Data           0  arm_startup_nrf52.o(STACK)



==============================================================================

Memory Map of the image

  Image Entry point : 0x00023201

  Load Region LR_IROM1 (Base: 0x00023000, Size: 0x0000b314, Max: 0x0005d000, ABSOLUTE, COMPRESSED[0x0000abc8])

    Execution Region ER_IROM1 (Base: 0x00023000, Size: 0x0000ab64, Max: 0x0005d000, ABSOLUTE)

    Base Addr    Size         Type   Attr      Idx    E Section Name        Object

    0x00023000   0x00000200   Data   RO         6363    RESET               arm_startup_nrf52.o
    0x00023200   0x00000000   Code   RO         6408  * .ARM.Collect$$$$00000000  mc_w.l(entry.o)
    0x00023200   0x00000004   Code   RO         6464    .ARM.Collect$$$$00000001  mc_w.l(entry2.o)
    0x00023204   0x00000004   Code   RO         6467    .ARM.Collect$$$$00000004  mc_w.l(entry5.o)
    0x00023208   0x00000000   Code   RO         6469    .ARM.Collect$$$$00000008  mc_w.l(entry7b.o)
    0x00023208   0x00000000   Code   RO         6471    .ARM.Collect$$$$0000000A  mc_w.l(entry8b.o)
    0x00023208   0x00000008   Code   RO         6472    .ARM.Collect$$$$0000000B  mc_w.l(entry9a.o)
    0x00023210   0x00000000   Code   RO         6474    .ARM.Collect$$$$0000000D  mc_w.l(entry10a.o)
    0x00023210   0x00000000   Code   RO         6476    .ARM.Collect$$$$0000000F  mc_w.l(entry11a.o)
    0x00023210   0x00000004   Code   RO         6465    .ARM.Collect$$$$00002712  mc_w.l(entry2.o)
    0x00023214   0x0000009a   Code   RO         4343    .emb_text           fds.o
    0x000232ae   0x00000002   PAD
    0x000232b0   0x000000c8   Code   RO         4717    .emb_text           nrf_atfifo.o
    0x00023378   0x0000009a   Code   RO         4976    .emb_text           nrf_fstorage_sd.o
    0x00023412   0x00000002   PAD
    0x00023414   0x0000009a   Code   RO         5090    .emb_text           nrf_memobj.o
    0x000234ae   0x00000002   PAD
    0x000234b0   0x0000009a   Code   RO         5552    .emb_text           nrf_log_frontend.o
    0x0002354a   0x00000002   PAD
    0x0002354c   0x00000024   Code   RO         6364    .text               arm_startup_nrf52.o
    0x00023570   0x00000062   Code   RO         6416    .text               mc_w.l(uldiv.o)
    0x000235d2   0x00000002   PAD
    0x000235d4   0x00000008   Code   RO         6418    .text               mc_w.l(ctype_o.o)
    0x000235dc   0x00000040   Code   RO         6448    .text               mc_w.l(memmovea.o)
    0x0002361c   0x00000024   Code   RO         6450    .text               mc_w.l(memseta.o)
    0x00023640   0x0000000e   Code   RO         6452    .text               mc_w.l(strlen.o)
    0x0002364e   0x0000001a   Code   RO         6456    .text               mc_w.l(memcmp.o)
    0x00023668   0x0000001e   Code   RO         6479    .text               mc_w.l(llshl.o)
    0x00023686   0x00000020   Code   RO         6481    .text               mc_w.l(llushr.o)
    0x000236a6   0x00000002   PAD
    0x000236a8   0x00000024   Code   RO         6484    .text               mc_w.l(init.o)
    0x000236cc   0x00000056   Code   RO         6494    .text               mc_w.l(__dczerorl2.o)
    0x00023722   0x00000002   PAD
    0x00023724   0x00000174   Code   RO         3418    i.GPIOTE_IRQHandler  nrf_drv_gpiote.o
    0x00023898   0x00000016   Code   RO         4079    i.NVIC_ClearPendingIRQ  app_timer.o
    0x000238ae   0x00000016   Code   RO         4080    i.NVIC_EnableIRQ    app_timer.o
    0x000238c4   0x00000016   Code   RO         4081    i.NVIC_SetPendingIRQ  app_timer.o
    0x000238da   0x00000020   Code   RO         4082    i.NVIC_SetPriority  app_timer.o
    0x000238fa   0x00000002   PAD
    0x000238fc   0x00000058   Code   RO         3212    i.POWER_CLOCK_IRQHandler  nrf_drv_clock.o
    0x00023954   0x00000024   Code   RO         4083    i.RTC1_IRQHandler   app_timer.o
    0x00023978   0x00000004   Code   RO         4084    i.SWI0_EGU0_IRQHandler  app_timer.o
    0x0002397c   0x00000004   Code   RO         6146    i.SWI2_EGU2_IRQHandler  nrf_sdh.o
    0x00023980   0x0000031c   Code   RO         6372    i.SystemInit        system_nrf52.o
    0x00023c9c   0x0000001c   Code   RO         3665    i.UARTE0_UART0_IRQHandler  nrf_drv_uart.o
    0x00023cb8   0x0000000e   Code   RO         6488    i.__scatterload_copy  mc_w.l(handlers.o)
    0x00023cc6   0x00000002   Code   RO         6489    i.__scatterload_null  mc_w.l(handlers.o)
    0x00023cc8   0x0000000e   Code   RO         6490    i.__scatterload_zeroinit  mc_w.l(handlers.o)
    0x00023cd6   0x00000002   PAD
    0x00023cd8   0x00000024   Code   RO         6147    i.__sd_nvic_app_accessible_irq  nrf_sdh.o
    0x00023cfc   0x00000016   Code   RO         6148    i.__sd_nvic_is_app_accessible_priority  nrf_sdh.o
    0x00023d12   0x00000026   Code   RO         1464    i.addr_compare      id_manager.o
    0x00023d38   0x0000000c   Code   RO         4908    i.addr_is_aligned32  nrf_fstorage.o
    0x00023d44   0x00000018   Code   RO         4909    i.addr_within_bounds  nrf_fstorage.o
    0x00023d5c   0x0000002e   Code   RO            4    i.adv_report_parse  main.o
    0x00023d8a   0x00000002   PAD
    0x00023d8c   0x00000048   Code   RO            5    i.adv_scan_start    main.o
    0x00023dd4   0x00000036   Code   RO          632    i.advertising_buttons_configure  bsp_btn_ble.o
    0x00023e0a   0x00000002   PAD
    0x00023e0c   0x00000068   Code   RO            6    i.advertising_init  main.o
    0x00023e74   0x00000052   Code   RO         1465    i.ah                id_manager.o
    0x00023ec6   0x00000006   Code   RO          512    i.alert_timer_handler  bsp.o
    0x00023ecc   0x0000000c   Code   RO         2519    i.allow_repairing   security_dispatcher.o
    0x00023ed8   0x00000030   Code   RO         3896    i.app_button_disable  app_button.o
    0x00023f08   0x00000024   Code   RO         3897    i.app_button_enable  app_button.o
    0x00023f2c   0x00000070   Code   RO         3898    i.app_button_init   app_button.o
    0x00023f9c   0x00000140   Code   RO         3998    i.app_error_fault_handler  app_error_weak.o
    0x000240dc   0x00000018   Code   RO         3958    i.app_error_handler  app_error.o
    0x000240f4   0x00000064   Code   RO         3960    i.app_error_save_and_stop  app_error.o
    0x00024158   0x00000024   Code   RO         4087    i.app_timer_create  app_timer.o
    0x0002417c   0x00000054   Code   RO         4088    i.app_timer_init    app_timer.o
    0x000241d0   0x00000088   Code   RO         4091    i.app_timer_start   app_timer.o
    0x00024258   0x00000020   Code   RO         4092    i.app_timer_stop    app_timer.o
    0x00024278   0x00000048   Code   RO         4248    i.app_util_critical_region_enter  app_util_platform.o
    0x000242c0   0x00000034   Code   RO         4249    i.app_util_critical_region_exit  app_util_platform.o
    0x000242f4   0x000000b8   Code   RO         3666    i.apply_config      nrf_drv_uart.o
    0x000243ac   0x000000dc   Code   RO         2520    i.auth_status_success_process  security_dispatcher.o
    0x00024488   0x00000182   Code   RO          714    i.ble_advdata_encode  ble_advdata.o
    0x0002460a   0x00000068   Code   RO          715    i.ble_advdata_set   ble_advdata.o
    0x00024672   0x00000006   Code   RO          797    i.ble_advertising_conn_cfg_tag_set  ble_advertising.o
    0x00024678   0x00000136   Code   RO          798    i.ble_advertising_init  ble_advertising.o
    0x000247ae   0x00000068   Code   RO          800    i.ble_advertising_on_ble_evt  ble_advertising.o
    0x00024816   0x00000032   Code   RO          801    i.ble_advertising_on_sys_evt  ble_advertising.o
    0x00024848   0x000001ca   Code   RO          804    i.ble_advertising_start  ble_advertising.o
    0x00024a12   0x00000002   PAD
    0x00024a14   0x00000068   Code   RO          880    i.ble_conn_params_init  ble_conn_params.o
    0x00024a7c   0x00000010   Code   RO          954    i.ble_conn_state_conn_handles  ble_conn_state.o
    0x00024a8c   0x00000010   Code   RO          956    i.ble_conn_state_encrypted  ble_conn_state.o
    0x00024a9c   0x00000010   Code   RO          959    i.ble_conn_state_n_centrals  ble_conn_state.o
    0x00024aac   0x00000030   Code   RO          963    i.ble_conn_state_role  ble_conn_state.o
    0x00024adc   0x0000002c   Code   RO          965    i.ble_conn_state_user_flag_acquire  ble_conn_state.o
    0x00024b08   0x0000001c   Code   RO          966    i.ble_conn_state_user_flag_collection  ble_conn_state.o
    0x00024b24   0x0000002c   Code   RO          967    i.ble_conn_state_user_flag_get  ble_conn_state.o
    0x00024b50   0x00000030   Code   RO          968    i.ble_conn_state_user_flag_set  ble_conn_state.o
    0x00024b80   0x00000040   Code   RO         1105    i.ble_db_discovery_evt_register  ble_db_discovery.o
    0x00024bc0   0x0000001c   Code   RO         1106    i.ble_db_discovery_init  ble_db_discovery.o
    0x00024bdc   0x00000090   Code   RO         1107    i.ble_db_discovery_on_ble_evt  ble_db_discovery.o
    0x00024c6c   0x00000028   Code   RO         1108    i.ble_db_discovery_start  ble_db_discovery.o
    0x00024c94   0x00000060   Code   RO          716    i.ble_device_addr_encode  ble_advdata.o
    0x00024cf4   0x00000050   Code   RO            8    i.ble_evt_handler   main.o
    0x00024d44   0x00000070   Code   RO          633    i.ble_evt_handler   bsp_btn_ble.o
    0x00024db4   0x000000fc   Code   RO          882    i.ble_evt_handler   ble_conn_params.o
    0x00024eb0   0x0000014c   Code   RO          970    i.ble_evt_handler   ble_conn_state.o
    0x00024ffc   0x00000028   Code   RO         2143    i.ble_evt_handler   peer_manager.o
    0x00025024   0x000000d8   Code   RO            9    i.ble_nus_c_evt_handler  main.o
    0x000250fc   0x0000001a   Code   RO         3087    i.ble_nus_c_handles_assign  ble_nus_c.o
    0x00025116   0x00000002   PAD
    0x00025118   0x0000004c   Code   RO         3088    i.ble_nus_c_init    ble_nus_c.o
    0x00025164   0x0000006c   Code   RO         3089    i.ble_nus_c_on_ble_evt  ble_nus_c.o
    0x000251d0   0x00000080   Code   RO         3090    i.ble_nus_c_on_db_disc_evt  ble_nus_c.o
    0x00025250   0x00000048   Code   RO         3092    i.ble_nus_c_tx_notif_enable  ble_nus_c.o
    0x00025298   0x00000064   Code   RO         3162    i.ble_nus_init      ble_nus.o
    0x000252fc   0x0000008c   Code   RO         3163    i.ble_nus_on_ble_evt  ble_nus.o
    0x00025388   0x00000008   Code   RO         1223    i.ble_srv_is_notification_enabled  ble_srv_common.o
    0x00025390   0x00000044   Code   RO           10    i.ble_stack_init    main.o
    0x000253d4   0x00000020   Code   RO          401    i.bsp_board_button_state_get  boards.o
    0x000253f4   0x00000024   Code   RO          404    i.bsp_board_led_invert  boards.o
    0x00025418   0x00000010   Code   RO          405    i.bsp_board_led_off  boards.o
    0x00025428   0x00000010   Code   RO          406    i.bsp_board_led_on  boards.o
    0x00025438   0x00000020   Code   RO          407    i.bsp_board_led_state_get  boards.o
    0x00025458   0x0000002c   Code   RO          408    i.bsp_board_leds_init  boards.o
    0x00025484   0x00000012   Code   RO          409    i.bsp_board_leds_off  boards.o
    0x00025496   0x00000012   Code   RO          410    i.bsp_board_leds_on  boards.o
    0x000254a8   0x00000024   Code   RO          411    i.bsp_board_pin_to_button_idx  boards.o
    0x000254cc   0x00000038   Code   RO          634    i.bsp_btn_ble_init  bsp_btn_ble.o
    0x00025504   0x00000090   Code   RO          513    i.bsp_button_event_handler  bsp.o
    0x00025594   0x00000004   Code   RO          514    i.bsp_button_is_pressed  bsp.o
    0x00025598   0x00000044   Code   RO          517    i.bsp_event_to_button_action_assign  bsp.o
    0x000255dc   0x00000094   Code   RO          519    i.bsp_init          bsp.o
    0x00025670   0x000001b8   Code   RO          520    i.bsp_led_indication  bsp.o
    0x00025828   0x00000064   Code   RO         5553    i.buf_prealloc      nrf_log_frontend.o
    0x0002588c   0x0000001e   Code   RO         4871    i.buffer_add        nrf_fprintf_format.o
    0x000258aa   0x00000002   PAD
    0x000258ac   0x00000014   Code   RO         5554    i.buffer_is_empty   nrf_log_frontend.o
    0x000258c0   0x00000008   Code   RO          523    i.button_timer_handler  bsp.o
    0x000258c8   0x0000001c   Code   RO         3419    i.channel_free      nrf_drv_gpiote.o
    0x000258e4   0x00000048   Code   RO         3420    i.channel_port_alloc  nrf_drv_gpiote.o
    0x0002592c   0x00000010   Code   RO         3421    i.channel_port_get  nrf_drv_gpiote.o
    0x0002593c   0x00000042   Code   RO         1109    i.characteristics_discover  ble_db_discovery.o
    0x0002597e   0x00000038   Code   RO         2053    i.claim             peer_id.o
    0x000259b6   0x00000002   PAD
    0x000259b8   0x00000028   Code   RO         3213    i.clock_clk_started_notify  nrf_drv_clock.o
    0x000259e0   0x000000ac   Code   RO         4094    i.compare_reg_update  app_timer.o
    0x00025a8c   0x00000088   Code   RO          717    i.conn_int_encode   ble_advdata.o
    0x00025b14   0x00000018   Code   RO           11    i.conn_params_error_handler  main.o
    0x00025b2c   0x00000048   Code   RO          883    i.conn_params_negotiation  ble_conn_params.o
    0x00025b74   0x00000044   Code   RO         2521    i.conn_sec_failure  security_dispatcher.o
    0x00025bb8   0x00000014   Code   RO           12    i.db_disc_handler   main.o
    0x00025bcc   0x00000080   Code   RO         4344    i.delete_execute    fds.o
    0x00025c4c   0x0000008c   Code   RO         1110    i.descriptors_discover  ble_db_discovery.o
    0x00025cd8   0x00000060   Code   RO         3900    i.detection_delay_timeout_handler  app_button.o
    0x00025d38   0x00000090   Code   RO         1111    i.discovery_complete_evt_trigger  ble_db_discovery.o
    0x00025dc8   0x0000003c   Code   RO         1112    i.discovery_error_evt_trigger  ble_db_discovery.o
    0x00025e04   0x0000005c   Code   RO         1113    i.discovery_start   ble_db_discovery.o
    0x00025e60   0x00000040   Code   RO         4095    i.elapsed_ticks_acquire  app_timer.o
    0x00025ea0   0x0000000a   Code   RO         2522    i.encryption_failure  security_dispatcher.o
    0x00025eaa   0x00000002   PAD
    0x00025eac   0x0000004c   Code   RO         4977    i.erase             nrf_fstorage_sd.o
    0x00025ef8   0x00000074   Code   RO         4345    i.event_prepare     fds.o
    0x00025f6c   0x00000020   Code   RO         4346    i.event_send        fds.o
    0x00025f8c   0x0000004e   Code   RO         4978    i.event_send        nrf_fstorage_sd.o
    0x00025fda   0x00000074   Code   RO         2662    i.events_send_from_err_code  security_manager.o
    0x0002604e   0x00000002   PAD
    0x00026050   0x0000001c   Code   RO         1280    i.evt_send          gatt_cache_manager.o
    0x0002606c   0x0000002c   Code   RO         2144    i.evt_send          peer_manager.o
    0x00026098   0x0000001c   Code   RO         2523    i.evt_send          security_dispatcher.o
    0x000260b4   0x0000000c   Code   RO         2663    i.evt_send          security_manager.o
    0x000260c0   0x000000d8   Code   RO         1746    i.fds_evt_handler   peer_data_storage.o
    0x00026198   0x00000044   Code   RO         4348    i.fds_file_delete   fds.o
    0x000261dc   0x0000003c   Code   RO         4349    i.fds_gc            fds.o
    0x00026218   0x000000d4   Code   RO         4350    i.fds_init          fds.o
    0x000262ec   0x00000040   Code   RO         4351    i.fds_record_close  fds.o
    0x0002632c   0x0000000e   Code   RO         4353    i.fds_record_find   fds.o
    0x0002633a   0x00000010   Code   RO         4354    i.fds_record_find_by_key  fds.o
    0x0002634a   0x00000010   Code   RO         4355    i.fds_record_find_in_file  fds.o
    0x0002635a   0x00000010   Code   RO         4356    i.fds_record_id_from_desc  fds.o
    0x0002636a   0x00000002   PAD
    0x0002636c   0x00000048   Code   RO         4358    i.fds_record_open   fds.o
    0x000263b4   0x0000000e   Code   RO         4359    i.fds_record_update  fds.o
    0x000263c2   0x00000008   Code   RO         4360    i.fds_record_write  fds.o
    0x000263ca   0x0000000c   Code   RO         4361    i.fds_record_write_reserved  fds.o
    0x000263d6   0x00000002   PAD
    0x000263d8   0x00000030   Code   RO         4362    i.fds_register      fds.o
    0x00026408   0x00000030   Code   RO         4363    i.fds_reserve       fds.o
    0x00026438   0x00000048   Code   RO         4364    i.fds_reserve_cancel  fds.o
    0x00026480   0x00000014   Code   RO         1747    i.file_id_within_pm_range  peer_data_storage.o
    0x00026494   0x00000012   Code   RO         2524    i.flag_id_init      security_dispatcher.o
    0x000264a6   0x00000012   Code   RO         2664    i.flag_id_init      security_manager.o
    0x000264b8   0x00000054   Code   RO         2665    i.flags_set_from_err_code  security_manager.o
    0x0002650c   0x00000006   Code   RO         4366    i.fs_event_handler  fds.o
    0x00026512   0x00000002   PAD
    0x00026514   0x00000068   Code   RO           13    i.gap_params_init   main.o
    0x0002657c   0x00000074   Code   RO         4367    i.gc_execute        fds.o
    0x000265f0   0x0000004c   Code   RO         4368    i.gc_next_page      fds.o
    0x0002663c   0x00000040   Code   RO         4369    i.gc_page_erase     fds.o
    0x0002667c   0x00000034   Code   RO         4370    i.gc_record_copy    fds.o
    0x000266b0   0x00000024   Code   RO         4371    i.gc_record_find_next  fds.o
    0x000266d4   0x00000088   Code   RO         4372    i.gc_state_advance  fds.o
    0x0002675c   0x00000098   Code   RO         1281    i.gcm_ble_evt_handler  gatt_cache_manager.o
    0x000267f4   0x00000030   Code   RO         1282    i.gcm_im_evt_handler  gatt_cache_manager.o
    0x00026824   0x00000050   Code   RO         1283    i.gcm_init          gatt_cache_manager.o
    0x00026874   0x00000050   Code   RO         1284    i.gcm_local_database_has_changed  gatt_cache_manager.o
    0x000268c4   0x0000007c   Code   RO         1286    i.gcm_pdb_evt_handler  gatt_cache_manager.o
    0x00026940   0x00000038   Code   RO         1466    i.get_connection_by_conn_handle  id_manager.o
    0x00026978   0x00000030   Code   RO         1467    i.get_free_connection  id_manager.o
    0x000269a8   0x00000058   Code   RO         3901    i.gpiote_event_handler  app_button.o
    0x00026a00   0x0000001c   Code   RO         1388    i.gscm_db_change_notification_done  gatts_cache_manager.o
    0x00026a1c   0x00000014   Code   RO         1389    i.gscm_init         gatts_cache_manager.o
    0x00026a30   0x0000001c   Code   RO         1390    i.gscm_local_database_has_changed  gatts_cache_manager.o
    0x00026a4c   0x0000006a   Code   RO         1391    i.gscm_local_db_cache_apply  gatts_cache_manager.o
    0x00026ab6   0x00000082   Code   RO         1392    i.gscm_local_db_cache_update  gatts_cache_manager.o
    0x00026b38   0x00000018   Code   RO         1393    i.gscm_pdb_evt_handler  gatts_cache_manager.o
    0x00026b50   0x0000001e   Code   RO         1394    i.gscm_service_changed_ind_needed  gatts_cache_manager.o
    0x00026b6e   0x00000002   PAD
    0x00026b70   0x00000038   Code   RO         1395    i.gscm_service_changed_ind_send  gatts_cache_manager.o
    0x00026ba8   0x00000026   Code   RO         4373    i.header_check      fds.o
    0x00026bce   0x00000012   Code   RO         4374    i.header_has_next   fds.o
    0x00026be0   0x00000046   Code   RO         1468    i.im_address_resolve  id_manager.o
    0x00026c26   0x00000002   PAD
    0x00026c28   0x00000030   Code   RO         1469    i.im_ble_addr_get   id_manager.o
    0x00026c58   0x000000c8   Code   RO         1470    i.im_ble_evt_handler  id_manager.o
    0x00026d20   0x0000002c   Code   RO         1471    i.im_conn_handle_get  id_manager.o
    0x00026d4c   0x00000038   Code   RO         1473    i.im_find_duplicate_bonding_data  id_manager.o
    0x00026d84   0x00000040   Code   RO         1476    i.im_init           id_manager.o
    0x00026dc4   0x00000072   Code   RO         1477    i.im_is_duplicate_bonding_data  id_manager.o
    0x00026e36   0x00000018   Code   RO         1478    i.im_master_id_is_valid  id_manager.o
    0x00026e4e   0x0000002a   Code   RO         1479    i.im_master_ids_compare  id_manager.o
    0x00026e78   0x00000004   Code   RO         1480    i.im_new_peer_id    id_manager.o
    0x00026e7c   0x00000026   Code   RO         1481    i.im_peer_free      id_manager.o
    0x00026ea2   0x00000002   PAD
    0x00026ea4   0x00000020   Code   RO         1482    i.im_peer_id_get_by_conn_handle  id_manager.o
    0x00026ec4   0x0000003c   Code   RO         1483    i.im_peer_id_get_by_master_id  id_manager.o
    0x00026f00   0x00000038   Code   RO         4979    i.init              nrf_fstorage_sd.o
    0x00026f38   0x000000c8   Code   RO         4375    i.init_execute      fds.o
    0x00027000   0x00000014   Code   RO          884    i.instance_get      ble_conn_params.o
    0x00027014   0x000000a6   Code   RO         4872    i.int_print         nrf_fprintf_format.o
    0x000270ba   0x00000002   PAD
    0x000270bc   0x00000078   Code   RO         3667    i.interrupts_enable  nrf_drv_uart.o
    0x00027134   0x00000010   Code   RO         4980    i.is_busy           nrf_fstorage_sd.o
    0x00027144   0x00000044   Code   RO          885    i.is_conn_params_ok  ble_conn_params.o
    0x00027188   0x0000004c   Code   RO         1114    i.is_desc_discovery_reqd  ble_db_discovery.o
    0x000271d4   0x00000014   Code   RO         1488    i.is_valid_irk      id_manager.o
    0x000271e8   0x0000000c   Code   RO         4376    i.is_word_aligned   fds.o
    0x000271f4   0x00000030   Code   RO          524    i.leds_off          bsp.o
    0x00027224   0x00000014   Code   RO          525    i.leds_timer_handler  bsp.o
    0x00027238   0x00000028   Code   RO         3216    i.lfclk_stop        nrf_drv_clock.o
    0x00027260   0x00000014   Code   RO         1652    i.link_init         nrf_ble_gatt.o
    0x00027274   0x000000b4   Code   RO         2666    i.link_secure       security_manager.o
    0x00027328   0x0000007c   Code   RO         2525    i.link_secure_central_encryption  security_dispatcher.o
    0x000273a4   0x000000a8   Code   RO         2526    i.link_secure_central_pairing  security_dispatcher.o
    0x0002744c   0x0000008c   Code   RO         2527    i.link_secure_failure  security_dispatcher.o
    0x000274d8   0x0000005c   Code   RO         2667    i.link_secure_pending_process  security_manager.o
    0x00027534   0x000000f8   Code   RO         4096    i.list_insertions_handler  app_timer.o
    0x0002762c   0x00000068   Code   RO         1287    i.local_db_apply_in_evt  gatt_cache_manager.o
    0x00027694   0x00000010   Code   RO         1288    i.local_db_update   gatt_cache_manager.o
    0x000276a4   0x00000032   Code   RO         2466    i.lock_by_mask      pm_mutex.o
    0x000276d6   0x00000002   PAD
    0x000276d8   0x00000094   Code   RO         5556    i.log_skip          nrf_log_frontend.o
    0x0002776c   0x000001c0   Code   RO           14    i.main              main.o
    0x0002792c   0x00000064   Code   RO          718    i.manuf_specific_data_encode  ble_advdata.o
    0x00027990   0x00000076   Code   RO         5091    i.memobj_op         nrf_memobj.o
    0x00027a06   0x00000002   PAD
    0x00027a08   0x00000034   Code   RO         5557    i.module_idx_get    nrf_log_frontend.o
    0x00027a3c   0x0000009c   Code   RO          719    i.name_encode       ble_advdata.o
    0x00027ad8   0x00000058   Code   RO         1489    i.new_connection    id_manager.o
    0x00027b30   0x00000014   Code   RO         2668    i.new_context_get   security_manager.o
    0x00027b44   0x00000030   Code   RO         2054    i.next_id_get       peer_id.o
    0x00027b74   0x00000010   Code   RO         4719    i.nrf_atfifo_clear  nrf_atfifo.o
    0x00027b84   0x00000026   Code   RO         4721    i.nrf_atfifo_init   nrf_atfifo.o
    0x00027baa   0x00000016   Code   RO         4722    i.nrf_atfifo_item_alloc  nrf_atfifo.o
    0x00027bc0   0x00000016   Code   RO         4723    i.nrf_atfifo_item_free  nrf_atfifo.o
    0x00027bd6   0x00000016   Code   RO         4724    i.nrf_atfifo_item_get  nrf_atfifo.o
    0x00027bec   0x00000016   Code   RO         4725    i.nrf_atfifo_item_put  nrf_atfifo.o
    0x00027c02   0x0000000e   Code   RO         5558    i.nrf_atomic_flag_set  nrf_log_frontend.o
    0x00027c10   0x0000000c   Code   RO         4377    i.nrf_atomic_u32_add  fds.o
    0x00027c1c   0x00000044   Code   RO         4787    i.nrf_balloc_alloc  nrf_balloc.o
    0x00027c60   0x00000030   Code   RO         4788    i.nrf_balloc_free   nrf_balloc.o
    0x00027c90   0x00000030   Code   RO         4789    i.nrf_balloc_init   nrf_balloc.o
    0x00027cc0   0x00000010   Code   RO         3422    i.nrf_bitmask_bit_is_set  nrf_drv_gpiote.o
    0x00027cd0   0x0000002c   Code   RO         1658    i.nrf_ble_gatt_init  nrf_ble_gatt.o
    0x00027cfc   0x00000160   Code   RO         1659    i.nrf_ble_gatt_on_ble_evt  nrf_ble_gatt.o
    0x00027e5c   0x0000000e   Code   RO         3217    i.nrf_clock_event_check  nrf_drv_clock.o
    0x00027e6a   0x00000010   Code   RO         3218    i.nrf_clock_event_clear  nrf_drv_clock.o
    0x00027e7a   0x00000002   PAD
    0x00027e7c   0x0000008c   Code   RO         4097    i.nrf_delay_us      app_timer.o
    0x00027f08   0x00000048   Code   RO         3225    i.nrf_drv_clock_init  nrf_drv_clock.o
    0x00027f50   0x0000002c   Code   RO         3229    i.nrf_drv_clock_lfclk_release  nrf_drv_clock.o
    0x00027f7c   0x00000016   Code   RO         3668    i.nrf_drv_common_irq_disable  nrf_drv_uart.o
    0x00027f92   0x00000038   Code   RO         3382    i.nrf_drv_common_irq_enable  nrf_drv_common.o
    0x00027fca   0x00000006   Code   RO         3669    i.nrf_drv_get_IRQn  nrf_drv_uart.o
    0x00027fd0   0x00000048   Code   RO         3426    i.nrf_drv_gpiote_in_event_disable  nrf_drv_gpiote.o
    0x00028018   0x000000a4   Code   RO         3427    i.nrf_drv_gpiote_in_event_enable  nrf_drv_gpiote.o
    0x000280bc   0x000000b8   Code   RO         3428    i.nrf_drv_gpiote_in_init  nrf_drv_gpiote.o
    0x00028174   0x00000014   Code   RO         3429    i.nrf_drv_gpiote_in_is_set  nrf_drv_gpiote.o
    0x00028188   0x0000005c   Code   RO         3431    i.nrf_drv_gpiote_init  nrf_drv_gpiote.o
    0x000281e4   0x00000014   Code   RO         3432    i.nrf_drv_gpiote_is_init  nrf_drv_gpiote.o
    0x000281f8   0x00000010   Code   RO         3670    i.nrf_drv_is_in_RAM  nrf_drv_uart.o
    0x00028208   0x00000068   Code   RO         3672    i.nrf_drv_uart_init  nrf_drv_uart.o
    0x00028270   0x0000010c   Code   RO         3680    i.nrf_drv_uart_tx   nrf_drv_uart.o
    0x0002837c   0x00000018   Code   RO         3682    i.nrf_drv_uart_tx_in_progress  nrf_drv_uart.o
    0x00028394   0x00000054   Code   RO         3683    i.nrf_drv_uart_uninit  nrf_drv_uart.o
    0x000283e8   0x0000001a   Code   RO         4828    i.nrf_fprintf       nrf_fprintf.o
    0x00028402   0x00000018   Code   RO         4829    i.nrf_fprintf_buffer_flush  nrf_fprintf.o
    0x0002841a   0x000001da   Code   RO         4873    i.nrf_fprintf_fmt   nrf_fprintf_format.o
    0x000285f4   0x0000004e   Code   RO         4910    i.nrf_fstorage_erase  nrf_fstorage.o
    0x00028642   0x00000010   Code   RO         4911    i.nrf_fstorage_init  nrf_fstorage.o
    0x00028652   0x00000002   PAD
    0x00028654   0x00000050   Code   RO         4912    i.nrf_fstorage_is_busy  nrf_fstorage.o
    0x000286a4   0x00000018   Code   RO         4981    i.nrf_fstorage_sdh_req_handler  nrf_fstorage_sd.o
    0x000286bc   0x00000020   Code   RO         4982    i.nrf_fstorage_sdh_state_handler  nrf_fstorage_sd.o
    0x000286dc   0x000000a4   Code   RO         4983    i.nrf_fstorage_sys_evt_handler  nrf_fstorage_sd.o
    0x00028780   0x00000066   Code   RO         4917    i.nrf_fstorage_write  nrf_fstorage.o
    0x000287e6   0x00000024   Code   RO          413    i.nrf_gpio_cfg      boards.o
    0x0002880a   0x00000024   Code   RO         3446    i.nrf_gpio_cfg      nrf_drv_gpiote.o
    0x0002882e   0x00000024   Code   RO         3684    i.nrf_gpio_cfg      nrf_drv_uart.o
    0x00028852   0x00000012   Code   RO         3685    i.nrf_gpio_cfg_default  nrf_drv_uart.o
    0x00028864   0x00000012   Code   RO         3686    i.nrf_gpio_cfg_input  nrf_drv_uart.o
    0x00028876   0x00000014   Code   RO         3687    i.nrf_gpio_cfg_output  nrf_drv_uart.o
    0x0002888a   0x00000022   Code   RO         3448    i.nrf_gpio_cfg_sense_set  nrf_drv_gpiote.o
    0x000288ac   0x00000016   Code   RO          414    i.nrf_gpio_pin_write  boards.o
    0x000288c2   0x00000002   PAD
    0x000288c4   0x00000028   Code   RO         3449    i.nrf_gpio_ports_read  nrf_drv_gpiote.o
    0x000288ec   0x00000014   Code   RO         3450    i.nrf_gpiote_event_clear  nrf_drv_gpiote.o
    0x00028900   0x00000010   Code   RO         3451    i.nrf_gpiote_event_is_set  nrf_drv_gpiote.o
    0x00028910   0x00000050   Code   RO         5559    i.nrf_log_backend_add  nrf_log_frontend.o
    0x00028960   0x000000d2   Code   RO         5406    i.nrf_log_backend_serial_put  nrf_log_backend_serial.o
    0x00028a32   0x00000002   Code   RO         5446    i.nrf_log_backend_uart_flush  nrf_log_backend_uart.o
    0x00028a34   0x00000006   Code   RO         5447    i.nrf_log_backend_uart_init  nrf_log_backend_uart.o
    0x00028a3a   0x00000002   PAD
    0x00028a3c   0x00000018   Code   RO         5448    i.nrf_log_backend_uart_panic_set  nrf_log_backend_uart.o
    0x00028a54   0x00000018   Code   RO         5449    i.nrf_log_backend_uart_put  nrf_log_backend_uart.o
    0x00028a6c   0x00000030   Code   RO         5561    i.nrf_log_color_id_get  nrf_log_frontend.o
    0x00028a9c   0x0000001c   Code   RO         5519    i.nrf_log_default_backends_init  nrf_log_default_backends.o
    0x00028ab8   0x000001f0   Code   RO         5562    i.nrf_log_frontend_dequeue  nrf_log_frontend.o
    0x00028ca8   0x00000008   Code   RO         5564    i.nrf_log_frontend_std_0  nrf_log_frontend.o
    0x00028cb0   0x0000000e   Code   RO         5565    i.nrf_log_frontend_std_1  nrf_log_frontend.o
    0x00028cbe   0x00000010   Code   RO         5566    i.nrf_log_frontend_std_2  nrf_log_frontend.o
    0x00028cce   0x00000012   Code   RO         5567    i.nrf_log_frontend_std_3  nrf_log_frontend.o
    0x00028ce0   0x00000014   Code   RO         5568    i.nrf_log_frontend_std_4  nrf_log_frontend.o
    0x00028cf4   0x000000ac   Code   RO         5744    i.nrf_log_hexdump_entry_process  nrf_log_str_formatter.o
    0x00028da0   0x0000005c   Code   RO         5571    i.nrf_log_init      nrf_log_frontend.o
    0x00028dfc   0x00000014   Code   RO         5572    i.nrf_log_module_cnt_get  nrf_log_frontend.o
    0x00028e10   0x0000001c   Code   RO         5575    i.nrf_log_module_name_get  nrf_log_frontend.o
    0x00028e2c   0x00000028   Code   RO         5576    i.nrf_log_panic     nrf_log_frontend.o
    0x00028e54   0x000000b6   Code   RO         5745    i.nrf_log_std_entry_process  nrf_log_str_formatter.o
    0x00028f0a   0x00000060   Code   RO         5092    i.nrf_memobj_alloc  nrf_memobj.o
    0x00028f6a   0x00000032   Code   RO         5093    i.nrf_memobj_free   nrf_memobj.o
    0x00028f9c   0x0000000e   Code   RO         5094    i.nrf_memobj_get    nrf_memobj.o
    0x00028faa   0x00000004   Code   RO         5095    i.nrf_memobj_pool_init  nrf_memobj.o
    0x00028fae   0x00000022   Code   RO         5096    i.nrf_memobj_put    nrf_memobj.o
    0x00028fd0   0x0000000c   Code   RO         5097    i.nrf_memobj_read   nrf_memobj.o
    0x00028fdc   0x0000000c   Code   RO         5098    i.nrf_memobj_write  nrf_memobj.o
    0x00028fe8   0x00000014   Code   RO         6282    i.nrf_sdh_ble_app_ram_start_get  nrf_sdh_ble.o
    0x00028ffc   0x00000104   Code   RO         6283    i.nrf_sdh_ble_default_cfg_set  nrf_sdh_ble.o
    0x00029100   0x000000d8   Code   RO         6284    i.nrf_sdh_ble_enable  nrf_sdh_ble.o
    0x000291d8   0x00000094   Code   RO         6285    i.nrf_sdh_ble_evts_poll  nrf_sdh_ble.o
    0x0002926c   0x0000003c   Code   RO         6149    i.nrf_sdh_disable_request  nrf_sdh.o
    0x000292a8   0x00000054   Code   RO         6150    i.nrf_sdh_enable_request  nrf_sdh.o
    0x000292fc   0x00000024   Code   RO         6151    i.nrf_sdh_evts_poll  nrf_sdh.o
    0x00029320   0x0000000c   Code   RO         6152    i.nrf_sdh_is_enabled  nrf_sdh.o
    0x0002932c   0x0000001c   Code   RO         6154    i.nrf_sdh_request_continue  nrf_sdh.o
    0x00029348   0x00000080   Code   RO         6332    i.nrf_sdh_soc_evts_poll  nrf_sdh_soc.o
    0x000293c8   0x0000000a   Code   RO         5255    i.nrf_section_iter_init  nrf_section_iter.o
    0x000293d2   0x00000024   Code   RO         5256    i.nrf_section_iter_item_set  nrf_section_iter.o
    0x000293f6   0x00000020   Code   RO         5257    i.nrf_section_iter_next  nrf_section_iter.o
    0x00029416   0x00000002   PAD
    0x00029418   0x00000038   Code   RO         5290    i.nrf_strerror_find  nrf_strerror.o
    0x00029450   0x00000014   Code   RO         5291    i.nrf_strerror_get  nrf_strerror.o
    0x00029464   0x0000000a   Code   RO         3688    i.nrf_uart_event_check  nrf_drv_uart.o
    0x0002946e   0x0000000c   Code   RO         3689    i.nrf_uart_event_clear  nrf_drv_uart.o
    0x0002947a   0x0000000c   Code   RO         3690    i.nrf_uart_int_enable_check  nrf_drv_uart.o
    0x00029486   0x0000000a   Code   RO         3691    i.nrf_uarte_event_check  nrf_drv_uart.o
    0x00029490   0x0000000c   Code   RO         3692    i.nrf_uarte_event_clear  nrf_drv_uart.o
    0x0002949c   0x00000050   Code   RO           15    i.nus_data_handler  main.o
    0x000294ec   0x0000006c   Code   RO           16    i.on_adv_evt        main.o
    0x00029558   0x000000a0   Code   RO           17    i.on_adv_report     main.o
    0x000295f8   0x00000224   Code   RO           18    i.on_ble_central_evt  main.o
    0x0002981c   0x00000144   Code   RO           19    i.on_ble_peripheral_evt  main.o
    0x00029960   0x00000114   Code   RO         1115    i.on_characteristic_discovery_rsp  ble_db_discovery.o
    0x00029a74   0x0000009c   Code   RO         1660    i.on_connected_evt  nrf_ble_gatt.o
    0x00029b10   0x000000f0   Code   RO         1116    i.on_descriptor_discovery_rsp  ble_db_discovery.o
    0x00029c00   0x00000074   Code   RO         1661    i.on_exchange_mtu_request_evt  nrf_ble_gatt.o
    0x00029c74   0x0000006c   Code   RO         1117    i.on_primary_srv_discovery_rsp  ble_db_discovery.o
    0x00029ce0   0x0000007c   Code   RO         1118    i.on_srv_disc_completion  ble_db_discovery.o
    0x00029d5c   0x00000024   Code   RO         4378    i.page_identify     fds.o
    0x00029d80   0x00000012   Code   RO         4379    i.page_offsets_update  fds.o
    0x00029d92   0x00000002   PAD
    0x00029d94   0x0000006c   Code   RO         4380    i.page_scan         fds.o
    0x00029e00   0x0000001c   Code   RO         4381    i.page_tag_write_data  fds.o
    0x00029e1c   0x00000024   Code   RO         4382    i.page_tag_write_swap  fds.o
    0x00029e40   0x0000011c   Code   RO         4383    i.pages_init        fds.o
    0x00029f5c   0x0000000c   Code   RO         2528    i.pairing           security_dispatcher.o
    0x00029f68   0x0000003e   Code   RO         2669    i.params_reply_pending_process  security_manager.o
    0x00029fa6   0x00000028   Code   RO         2670    i.params_req_send   security_manager.o
    0x00029fce   0x00000002   PAD
    0x00029fd0   0x0000001c   Code   RO         1885    i.pdb_evt_send      peer_database.o
    0x00029fec   0x00000048   Code   RO         1886    i.pdb_init          peer_database.o
    0x0002a034   0x00000004   Code   RO         1888    i.pdb_next_deleted_peer_id_get  peer_database.o
    0x0002a038   0x00000004   Code   RO         1889    i.pdb_next_peer_id_get  peer_database.o
    0x0002a03c   0x00000078   Code   RO         1890    i.pdb_pds_evt_handler  peer_database.o
    0x0002a0b4   0x00000004   Code   RO         1891    i.pdb_peer_allocate  peer_database.o
    0x0002a0b8   0x00000010   Code   RO         1892    i.pdb_peer_data_load  peer_database.o
    0x0002a0c8   0x00000006   Code   RO         1893    i.pdb_peer_data_ptr_get  peer_database.o
    0x0002a0ce   0x00000044   Code   RO         1894    i.pdb_peer_free     peer_database.o
    0x0002a112   0x00000008   Code   RO         1895    i.pdb_raw_store     peer_database.o
    0x0002a11a   0x00000002   PAD
    0x0002a11c   0x00000104   Code   RO         1896    i.pdb_write_buf_get  peer_database.o
    0x0002a220   0x00000028   Code   RO         1897    i.pdb_write_buf_release  peer_database.o
    0x0002a248   0x00000028   Code   RO         1898    i.pdb_write_buf_store  peer_database.o
    0x0002a270   0x00000068   Code   RO         1899    i.pdb_write_buf_store_prepare  peer_database.o
    0x0002a2d8   0x00000010   Code   RO         1748    i.pds_evt_send      peer_data_storage.o
    0x0002a2e8   0x0000006c   Code   RO         1749    i.pds_init          peer_data_storage.o
    0x0002a354   0x00000004   Code   RO         1750    i.pds_next_deleted_peer_id_get  peer_data_storage.o
    0x0002a358   0x00000004   Code   RO         1751    i.pds_next_peer_id_get  peer_data_storage.o
    0x0002a35c   0x00000058   Code   RO         1754    i.pds_peer_data_iterate  peer_data_storage.o
    0x0002a3b4   0x00000010   Code   RO         1755    i.pds_peer_data_iterate_prepare  peer_data_storage.o
    0x0002a3c4   0x00000068   Code   RO         1756    i.pds_peer_data_read  peer_data_storage.o
    0x0002a42c   0x00000096   Code   RO         1757    i.pds_peer_data_store  peer_data_storage.o
    0x0002a4c2   0x00000008   Code   RO         1758    i.pds_peer_id_allocate  peer_data_storage.o
    0x0002a4ca   0x00000016   Code   RO         1759    i.pds_peer_id_free  peer_data_storage.o
    0x0002a4e0   0x00000004   Code   RO         1760    i.pds_peer_id_is_allocated  peer_data_storage.o
    0x0002a4e4   0x0000002e   Code   RO         1761    i.pds_space_reserve  peer_data_storage.o
    0x0002a512   0x00000010   Code   RO         1762    i.pds_space_reserve_cancel  peer_data_storage.o
    0x0002a522   0x00000002   PAD
    0x0002a524   0x0000000c   Code   RO         2529    i.peer_created      security_dispatcher.o
    0x0002a530   0x00000006   Code   RO         1900    i.peer_data_const_point_to_buffer  peer_database.o
    0x0002a536   0x00000002   PAD
    0x0002a538   0x00000084   Code   RO         1763    i.peer_data_delete  peer_data_storage.o
    0x0002a5bc   0x00000030   Code   RO         1764    i.peer_data_find    peer_data_storage.o
    0x0002a5ec   0x00000020   Code   RO         1765    i.peer_data_id_is_valid  peer_data_storage.o
    0x0002a60c   0x0000001a   Code   RO         1901    i.peer_data_point_to_buffer  peer_database.o
    0x0002a626   0x00000002   PAD
    0x0002a628   0x0000000c   Code   RO         2055    i.peer_id_allocate  peer_id.o
    0x0002a634   0x00000024   Code   RO         2056    i.peer_id_delete    peer_id.o
    0x0002a658   0x0000001c   Code   RO         2057    i.peer_id_free      peer_id.o
    0x0002a674   0x0000000c   Code   RO         2058    i.peer_id_get_next_deleted  peer_id.o
    0x0002a680   0x00000030   Code   RO         2059    i.peer_id_get_next_used  peer_id.o
    0x0002a6b0   0x00000028   Code   RO         2060    i.peer_id_init      peer_id.o
    0x0002a6d8   0x00000014   Code   RO         2061    i.peer_id_is_allocated  peer_id.o
    0x0002a6ec   0x00000014   Code   RO         2062    i.peer_id_is_deleted  peer_id.o
    0x0002a700   0x0000001c   Code   RO         1490    i.peer_id_set       id_manager.o
    0x0002a71c   0x00000084   Code   RO           20    i.peer_manager_init  main.o
    0x0002a7a0   0x000000d8   Code   RO         1289    i.pending_flags_check  gatt_cache_manager.o
    0x0002a878   0x00000018   Code   RO         3452    i.pin_in_use_by_port  nrf_drv_gpiote.o
    0x0002a890   0x00000018   Code   RO         3453    i.pin_in_use_by_te  nrf_drv_gpiote.o
    0x0002a8a8   0x00000078   Code   RO         3693    i.pins_to_default   nrf_drv_uart.o
    0x0002a920   0x0000005c   Code   RO         2424    i.pm_buffer_block_acquire  pm_buffer.o
    0x0002a97c   0x00000040   Code   RO         2425    i.pm_buffer_init    pm_buffer.o
    0x0002a9bc   0x00000028   Code   RO         2426    i.pm_buffer_ptr_get  pm_buffer.o
    0x0002a9e4   0x0000002e   Code   RO         2427    i.pm_buffer_release  pm_buffer.o
    0x0002aa12   0x0000000a   Code   RO         2147    i.pm_conn_sec_config_reply  peer_manager.o
    0x0002aa1c   0x00000144   Code   RO           21    i.pm_evt_handler    main.o
    0x0002ab60   0x00000004   Code   RO         2152    i.pm_gcm_evt_handler  peer_manager.o
    0x0002ab64   0x00000024   Code   RO         2155    i.pm_im_evt_handler  peer_manager.o
    0x0002ab88   0x00000058   Code   RO         2156    i.pm_init           peer_manager.o
    0x0002abe0   0x00000014   Code   RO         2158    i.pm_local_database_has_changed  peer_manager.o
    0x0002abf4   0x0000000e   Code   RO         2467    i.pm_mutex_init     pm_mutex.o
    0x0002ac02   0x0000001a   Code   RO         2468    i.pm_mutex_lock     pm_mutex.o
    0x0002ac1c   0x00000036   Code   RO         2469    i.pm_mutex_lock_first_available  pm_mutex.o
    0x0002ac52   0x00000018   Code   RO         2470    i.pm_mutex_lock_status_get  pm_mutex.o
    0x0002ac6a   0x0000003a   Code   RO         2471    i.pm_mutex_unlock   pm_mutex.o
    0x0002aca4   0x00000118   Code   RO         2160    i.pm_pdb_evt_handler  peer_manager.o
    0x0002adbc   0x00000014   Code   RO         2171    i.pm_peer_delete    peer_manager.o
    0x0002add0   0x000000b8   Code   RO         2175    i.pm_peer_ranks_get  peer_manager.o
    0x0002ae88   0x00000068   Code   RO         2176    i.pm_peers_delete   peer_manager.o
    0x0002aef0   0x0000002c   Code   RO         2179    i.pm_register       peer_manager.o
    0x0002af1c   0x00000014   Code   RO         2180    i.pm_sec_params_set  peer_manager.o
    0x0002af30   0x00000034   Code   RO         2181    i.pm_sm_evt_handler  peer_manager.o
    0x0002af64   0x0000003c   Code   RO         5746    i.postfix_process   nrf_log_str_formatter.o
    0x0002afa0   0x0000005c   Code   RO         5747    i.prefix_process    nrf_log_str_formatter.o
    0x0002affc   0x0000001c   Code   RO         4384    i.queue_buf_get     fds.o
    0x0002b018   0x00000010   Code   RO         4385    i.queue_buf_store   fds.o
    0x0002b028   0x000000a8   Code   RO         4386    i.queue_process     fds.o
    0x0002b0d0   0x00000098   Code   RO         4984    i.queue_process     nrf_fstorage_sd.o
    0x0002b168   0x00000020   Code   RO         4387    i.queue_start       fds.o
    0x0002b188   0x00000028   Code   RO         4985    i.queue_start       nrf_fstorage_sd.o
    0x0002b1b0   0x00000028   Code   RO         2184    i.rank_vars_update  peer_manager.o
    0x0002b1d8   0x0000000e   Code   RO         4986    i.read              nrf_fstorage_sd.o
    0x0002b1e6   0x00000002   PAD
    0x0002b1e8   0x00000068   Code   RO         1902    i.reattempt_previous_operations  peer_database.o
    0x0002b250   0x00000088   Code   RO         4388    i.record_find       fds.o
    0x0002b2d8   0x000000a0   Code   RO         4389    i.record_find_by_desc  fds.o
    0x0002b378   0x0000005c   Code   RO         4390    i.record_find_next  fds.o
    0x0002b3d4   0x00000038   Code   RO         4391    i.record_header_flag_dirty  fds.o
    0x0002b40c   0x00000038   Code   RO         1119    i.registered_handler_get  ble_db_discovery.o
    0x0002b444   0x00000010   Code   RO         2064    i.release           peer_id.o
    0x0002b454   0x00000004   Code   RO         4987    i.rmap              nrf_fstorage_sd.o
    0x0002b458   0x0000003c   Code   RO         4098    i.rtc1_stop         app_timer.o
    0x0002b494   0x00000032   Code   RO         3694    i.rx_byte           nrf_drv_uart.o
    0x0002b4c6   0x000000a2   Code   RO         3165    i.rx_char_add       ble_nus.o
    0x0002b568   0x00000018   Code   RO         3695    i.rx_done_event     nrf_drv_uart.o
    0x0002b580   0x00000024   Code   RO           22    i.scan_start        main.o
    0x0002b5a4   0x00000042   Code   RO         6157    i.sd_nvic_SetPriority  nrf_sdh.o
    0x0002b5e6   0x00000002   PAD
    0x0002b5e8   0x00000054   Code   RO         3232    i.sd_state_evt_handler  nrf_drv_clock.o
    0x0002b63c   0x00000030   Code   RO         6158    i.sdh_request_observer_notify  nrf_sdh.o
    0x0002b66c   0x0000002c   Code   RO         6159    i.sdh_state_observer_notify  nrf_sdh.o
    0x0002b698   0x00000044   Code   RO         5323    i.sdk_mapped_flags_bulk_update_by_key  sdk_mapped_flags.o
    0x0002b6dc   0x00000022   Code   RO         5324    i.sdk_mapped_flags_first_key_index_get  sdk_mapped_flags.o
    0x0002b6fe   0x00000010   Code   RO         5325    i.sdk_mapped_flags_get_by_index  sdk_mapped_flags.o
    0x0002b70e   0x00000026   Code   RO         5326    i.sdk_mapped_flags_get_by_key  sdk_mapped_flags.o
    0x0002b734   0x0000004a   Code   RO         5328    i.sdk_mapped_flags_key_list_get  sdk_mapped_flags.o
    0x0002b77e   0x0000001e   Code   RO         5329    i.sdk_mapped_flags_n_flags_set  sdk_mapped_flags.o
    0x0002b79c   0x0000000e   Code   RO         5330    i.sdk_mapped_flags_update_by_key  sdk_mapped_flags.o
    0x0002b7aa   0x000000a2   Code   RO         2530    i.sec_info_request_process  security_dispatcher.o
    0x0002b84c   0x0000006c   Code   RO         2531    i.sec_keyset_fill   security_dispatcher.o
    0x0002b8b8   0x00000076   Code   RO         2671    i.sec_params_verify  security_manager.o
    0x0002b92e   0x00000002   PAD
    0x0002b930   0x00000038   Code   RO         2532    i.sec_proc_housekeeping  security_dispatcher.o
    0x0002b968   0x00000068   Code   RO         2533    i.sec_proc_start    security_dispatcher.o
    0x0002b9d0   0x00000022   Code   RO         2534    i.send_config_req   security_dispatcher.o
    0x0002b9f2   0x00000002   PAD
    0x0002b9f4   0x00000010   Code   RO          886    i.send_error_evt    ble_conn_params.o
    0x0002ba04   0x00000028   Code   RO         1290    i.send_unexpected_error  gatt_cache_manager.o
    0x0002ba2c   0x00000028   Code   RO         2535    i.send_unexpected_error  security_dispatcher.o
    0x0002ba54   0x00000030   Code   RO         5450    i.serial_tx         nrf_log_backend_uart.o
    0x0002ba84   0x00000044   Code   RO         1396    i.service_changed_pending_set  gatts_cache_manager.o
    0x0002bac8   0x0000008c   Code   RO         1291    i.service_changed_send_in_evt  gatt_cache_manager.o
    0x0002bb54   0x00000088   Code   RO          720    i.service_data_encode  ble_advdata.o
    0x0002bbdc   0x00000018   Code   RO         2672    i.sm_ble_evt_handler  security_manager.o
    0x0002bbf4   0x00000004   Code   RO         2673    i.sm_conn_sec_config_reply  security_manager.o
    0x0002bbf8   0x0000004c   Code   RO         2674    i.sm_init           security_manager.o
    0x0002bc44   0x00000040   Code   RO         2677    i.sm_pdb_evt_handler  security_manager.o
    0x0002bc84   0x00000034   Code   RO         2679    i.sm_sec_params_set  security_manager.o
    0x0002bcb8   0x00000060   Code   RO         2680    i.sm_smd_evt_handler  security_manager.o
    0x0002bd18   0x00000118   Code   RO         2536    i.smd_ble_evt_handler  security_dispatcher.o
    0x0002be30   0x00000010   Code   RO         2537    i.smd_conn_sec_config_reply  security_dispatcher.o
    0x0002be40   0x00000058   Code   RO         2538    i.smd_init          security_dispatcher.o
    0x0002be98   0x0000006c   Code   RO         2539    i.smd_link_secure   security_dispatcher.o
    0x0002bf04   0x000000fc   Code   RO         2540    i.smd_params_reply  security_dispatcher.o
    0x0002c000   0x00000040   Code   RO         2681    i.smd_params_reply_perform  security_manager.o
    0x0002c040   0x0000000a   Code   RO         3233    i.soc_evt_handler   nrf_drv_clock.o
    0x0002c04a   0x00000002   PAD
    0x0002c04c   0x00000078   Code   RO         6160    i.softdevice_evt_irq_disable  nrf_sdh.o
    0x0002c0c4   0x00000090   Code   RO         6161    i.softdevices_evt_irq_enable  nrf_sdh.o
    0x0002c154   0x00000090   Code   RO         5578    i.std_n             nrf_log_frontend.o
    0x0002c1e4   0x0000006c   Code   RO         6162    i.swi_interrupt_priority_workaround  nrf_sdh.o
    0x0002c250   0x00000080   Code   RO         4099    i.timer_list_handler  app_timer.o
    0x0002c2d0   0x0000003c   Code   RO         4100    i.timer_list_insert  app_timer.o
    0x0002c30c   0x00000060   Code   RO         4101    i.timer_list_remove  app_timer.o
    0x0002c36c   0x00000048   Code   RO         4102    i.timer_stop_op_schedule  app_timer.o
    0x0002c3b4   0x00000074   Code   RO         4103    i.timer_timeouts_check  app_timer.o
    0x0002c428   0x00000020   Code   RO         3697    i.tx_byte           nrf_drv_uart.o
    0x0002c448   0x000000da   Code   RO         3166    i.tx_char_add       ble_nus.o
    0x0002c522   0x0000001c   Code   RO         3698    i.tx_done_event     nrf_drv_uart.o
    0x0002c53e   0x00000002   PAD
    0x0002c540   0x0000000c   Code   RO         5451    i.uart_evt_handler  nrf_log_backend_uart.o
    0x0002c54c   0x00000058   Code   RO         5452    i.uart_init         nrf_log_backend_uart.o
    0x0002c5a4   0x0000011e   Code   RO         3699    i.uart_irq_handler  nrf_drv_uart.o
    0x0002c6c2   0x000000f0   Code   RO         3700    i.uarte_irq_handler  nrf_drv_uart.o
    0x0002c7b2   0x0000000a   Code   RO          721    i.uint16_encode     ble_advdata.o
    0x0002c7bc   0x00000020   Code   RO         4988    i.uninit            nrf_fstorage_sd.o
    0x0002c7dc   0x000000b4   Code   RO         4874    i.unsigned_print    nrf_fprintf_format.o
    0x0002c890   0x00000068   Code   RO          887    i.update_timeout_handler  ble_conn_params.o
    0x0002c8f8   0x00000018   Code   RO          971    i.user_flag_is_acquired  ble_conn_state.o
    0x0002c910   0x00000030   Code   RO         4104    i.user_op_alloc     app_timer.o
    0x0002c940   0x00000030   Code   RO          722    i.uuid_list_encode  ble_advdata.o
    0x0002c970   0x0000009e   Code   RO          723    i.uuid_list_sized_encode  ble_advdata.o
    0x0002ca0e   0x00000004   Code   RO         4989    i.wmap              nrf_fstorage_sd.o
    0x0002ca12   0x00000002   PAD
    0x0002ca14   0x00000050   Code   RO         4990    i.write             nrf_fstorage_sd.o
    0x0002ca64   0x00000024   Code   RO         1903    i.write_buf_length_words_set  peer_database.o
    0x0002ca88   0x0000009c   Code   RO         1904    i.write_buf_store   peer_database.o
    0x0002cb24   0x00000034   Code   RO         1905    i.write_buffer_record_find  peer_database.o
    0x0002cb58   0x00000028   Code   RO         1906    i.write_buffer_record_find_next  peer_database.o
    0x0002cb80   0x0000001e   Code   RO         1907    i.write_buffer_record_invalidate  peer_database.o
    0x0002cb9e   0x00000002   PAD
    0x0002cba0   0x0000002c   Code   RO         1908    i.write_buffer_record_release  peer_database.o
    0x0002cbcc   0x000000e8   Code   RO         4393    i.write_enqueue     fds.o
    0x0002ccb4   0x000000f4   Code   RO         4394    i.write_execute     fds.o
    0x0002cda8   0x00000018   Code   RO         4395    i.write_space_free  fds.o
    0x0002cdc0   0x0000005c   Code   RO         4396    i.write_space_reserve  fds.o
    0x0002ce1c   0x00000018   Data   RO           24    .constdata          main.o
    0x0002ce34   0x00000008   Data   RO          415    .constdata          boards.o
    0x0002ce3c   0x0000002c   Data   RO          531    .constdata          bsp.o
    0x0002ce68   0x0000007c   Data   RO         1121    .constdata          ble_db_discovery.o
    0x0002cee4   0x00000050   Data   RO         1292    .constdata          gatt_cache_manager.o
    0x0002cf34   0x00000004   Data   RO         1397    .constdata          gatts_cache_manager.o
    0x0002cf38   0x00000010   Data   RO         1398    .constdata          gatts_cache_manager.o
    0x0002cf48   0x00000004   Data   RO         1399    .constdata          gatts_cache_manager.o
    0x0002cf4c   0x00000008   Data   RO         1493    .constdata          id_manager.o
    0x0002cf54   0x00000016   Data   RO         1662    .constdata          nrf_ble_gatt.o
    0x0002cf6a   0x00000002   PAD
    0x0002cf6c   0x00000018   Data   RO         1766    .constdata          peer_data_storage.o
    0x0002cf84   0x00000010   Data   RO         1910    .constdata          peer_database.o
    0x0002cf94   0x00000010   Data   RO         2186    .constdata          peer_manager.o
    0x0002cfa4   0x00000068   Data   RO         2542    .constdata          security_dispatcher.o
    0x0002d00c   0x00000004   Data   RO         2682    .constdata          security_manager.o
    0x0002d010   0x00000028   Data   RO         3093    .constdata          ble_nus_c.o
    0x0002d038   0x00000020   Data   RO         3167    .constdata          ble_nus.o
    0x0002d058   0x00000004   Data   RO         3455    .constdata          nrf_drv_gpiote.o
    0x0002d05c   0x00000008   Data   RO         3903    .constdata          app_button.o
    0x0002d064   0x00000018   Data   RO         4399    .constdata          fds.o
    0x0002d07c   0x00000010   Data   RO         4875    .constdata          nrf_fprintf_format.o
    0x0002d08c   0x00000010   Data   RO         4993    .constdata          nrf_fstorage_sd.o
    0x0002d09c   0x00000020   Data   RO         4994    .constdata          nrf_fstorage_sd.o
    0x0002d0bc   0x00000104   Data   RO         5292    .constdata          nrf_strerror.o
    0x0002d1c0   0x0000000c   Data   RO         5454    .constdata          nrf_log_backend_uart.o
    0x0002d1cc   0x00000020   Data   RO         5455    .constdata          nrf_log_backend_uart.o
    0x0002d1ec   0x00000014   Data   RO         5581    .constdata          nrf_log_frontend.o
    0x0002d200   0x00000010   Data   RO         6163    .constdata          nrf_sdh.o
    0x0002d210   0x00000028   Data   RO         6164    .constdata          nrf_sdh.o
    0x0002d238   0x00000010   Data   RO         6165    .constdata          nrf_sdh.o
    0x0002d248   0x00000010   Data   RO         6166    .constdata          nrf_sdh.o
    0x0002d258   0x00000020   Data   RO         6286    .constdata          nrf_sdh_ble.o
    0x0002d278   0x00000010   Data   RO         6287    .constdata          nrf_sdh_ble.o
    0x0002d288   0x00000010   Data   RO         6333    .constdata          nrf_sdh_soc.o
    0x0002d298   0x0000000c   Data   RO         6334    .constdata          nrf_sdh_soc.o
    0x0002d2a4   0x00000081   Data   RO         6419    .constdata          mc_w.l(ctype_o.o)
    0x0002d325   0x00000003   PAD
    0x0002d328   0x00000004   Data   RO         6420    .constdata          mc_w.l(ctype_o.o)
    0x0002d32c   0x0000012d   Data   RO         1663    .conststring        nrf_ble_gatt.o
    0x0002d459   0x00000003   PAD
    0x0002d45c   0x00000307   Data   RO         5293    .conststring        nrf_strerror.o
    0x0002d763   0x00000001   PAD
    0x0002d764   0x00000056   Data   RO         5456    .conststring        nrf_log_backend_uart.o
    0x0002d7ba   0x00000002   PAD
    0x0002d7bc   0x00000066   Data   RO         5748    .conststring        nrf_log_str_formatter.o
    0x0002d822   0x00000002   PAD
    0x0002d824   0x00000188   Data   RO         6288    .conststring        nrf_sdh_ble.o
    0x0002d9ac   0x0000000c   Data   RO         1122    .conststrlit        ble_db_discovery.o
    0x0002d9b8   0x00000009   Data   RO         1664    .conststrlit        nrf_ble_gatt.o
    0x0002d9c1   0x00000003   PAD
    0x0002d9c4   0x0000000a   Data   RO         2902    .conststrlit        ble_hrs_c.o
    0x0002d9ce   0x00000002   PAD
    0x0002d9d0   0x0000000b   Data   RO         3026    .conststrlit        ble_rscs_c.o
    0x0002d9db   0x00000001   PAD
    0x0002d9dc   0x00000008   Data   RO         3094    .conststrlit        ble_nus_c.o
    0x0002d9e4   0x00000006   Data   RO         3239    .conststrlit        nrf_drv_clock.o
    0x0002d9ea   0x00000002   PAD
    0x0002d9ec   0x00000007   Data   RO         3459    .conststrlit        nrf_drv_gpiote.o
    0x0002d9f3   0x00000001   PAD
    0x0002d9f4   0x00000005   Data   RO         3702    .conststrlit        nrf_drv_uart.o
    0x0002d9f9   0x00000003   PAD
    0x0002d9fc   0x00000007   Data   RO         4790    .conststrlit        nrf_balloc.o
    0x0002da03   0x00000001   PAD
    0x0002da04   0x00000009   Data   RO         5184    .conststrlit        nrf_pwr_mgmt.o
    0x0002da0d   0x00000003   PAD
    0x0002da10   0x00000004   Data   RO         5583    .conststrlit        nrf_log_frontend.o
    0x0002da14   0x00000008   Data   RO         6167    .conststrlit        nrf_sdh.o
    0x0002da1c   0x0000000c   Data   RO         6289    .conststrlit        nrf_sdh_ble.o
    0x0002da28   0x0000000c   Data   RO         6335    .conststrlit        nrf_sdh_soc.o
    0x0002da34   0x00000020   Data   RO         6486    Region$$Table       anon$$obj.o
    0x0002da54   0x00000008   Data   RO         1124    log_const_data      ble_db_discovery.o
    0x0002da5c   0x00000008   Data   RO         1665    log_const_data      nrf_ble_gatt.o
    0x0002da64   0x00000008   Data   RO         2904    log_const_data      ble_hrs_c.o
    0x0002da6c   0x00000008   Data   RO         3028    log_const_data      ble_rscs_c.o
    0x0002da74   0x00000008   Data   RO         3095    log_const_data      ble_nus_c.o
    0x0002da7c   0x00000008   Data   RO         3240    log_const_data      nrf_drv_clock.o
    0x0002da84   0x00000008   Data   RO         3460    log_const_data      nrf_drv_gpiote.o
    0x0002da8c   0x00000008   Data   RO         3703    log_const_data      nrf_drv_uart.o
    0x0002da94   0x00000008   Data   RO         4791    log_const_data      nrf_balloc.o
    0x0002da9c   0x00000008   Data   RO         5186    log_const_data      nrf_pwr_mgmt.o
    0x0002daa4   0x00000008   Data   RO         5587    log_const_data      nrf_log_frontend.o
    0x0002daac   0x00000008   Data   RO         6169    log_const_data      nrf_sdh.o
    0x0002dab4   0x00000008   Data   RO         6290    log_const_data      nrf_sdh_ble.o
    0x0002dabc   0x00000008   Data   RO         6336    log_const_data      nrf_sdh_soc.o
    0x0002dac4   0x00000008   Data   RO          973    sdh_ble_observers0  ble_conn_state.o
    0x0002dacc   0x00000020   Data   RO           26    sdh_ble_observers1  main.o
    0x0002daec   0x00000008   Data   RO          637    sdh_ble_observers1  bsp_btn_ble.o
    0x0002daf4   0x00000008   Data   RO          890    sdh_ble_observers1  ble_conn_params.o
    0x0002dafc   0x00000008   Data   RO         2188    sdh_ble_observers1  peer_manager.o
    0x0002db04   0x00000018   Data   RO           27    sdh_ble_observers2  main.o
    0x0002db1c   0x00000008   Data   RO           28    sdh_ble_observers3  main.o
    0x0002db24   0x00000008   Data   RO         4996    sdh_req_observers0  nrf_fstorage_sd.o
    0x0002db2c   0x00000008   Data   RO         3242    sdh_soc_observers0  nrf_drv_clock.o
    0x0002db34   0x00000008   Data   RO         4997    sdh_soc_observers0  nrf_fstorage_sd.o
    0x0002db3c   0x00000008   Data   RO           29    sdh_soc_observers1  main.o
    0x0002db44   0x00000008   Data   RO         6292    sdh_stack_observers0  nrf_sdh_ble.o
    0x0002db4c   0x00000008   Data   RO         6338    sdh_stack_observers0  nrf_sdh_soc.o
    0x0002db54   0x00000008   Data   RO         3243    sdh_state_observers0  nrf_drv_clock.o
    0x0002db5c   0x00000008   Data   RO         4998    sdh_state_observers0  nrf_fstorage_sd.o


    Execution Region RW_IRAM1 (Base: 0x20002c60, Size: 0x00003878, Max: 0x0000d390, ABSOLUTE, COMPRESSED[0x00000064])

    Base Addr    Size         Type   Attr      Idx    E Section Name        Object

    0x20002c60   0x000005a0   Data   RW           25    .data               main.o
    0x20003200   0x00000010   Data   RW          532    .data               bsp.o
    0x20003210   0x00000008   Data   RW          636    .data               bsp_btn_ble.o
    0x20003218   0x00000008   Data   RW          889    .data               ble_conn_params.o
    0x20003220   0x00000010   Data   RW         1123    .data               ble_db_discovery.o
    0x20003230   0x0000000c   Data   RW         1293    .data               gatt_cache_manager.o
    0x2000323c   0x00000006   Data   RW         1400    .data               gatts_cache_manager.o
    0x20003242   0x00000003   Data   RW         1494    .data               id_manager.o
    0x20003245   0x00000003   PAD
    0x20003248   0x0000000c   Data   RW         1767    .data               peer_data_storage.o
    0x20003254   0x00000008   Data   RW         1911    .data               peer_database.o
    0x2000325c   0x00000010   Data   RW         2187    .data               peer_manager.o
    0x2000326c   0x00000006   Data   RW         2543    .data               security_dispatcher.o
    0x20003272   0x00000002   PAD
    0x20003274   0x00000015   Data   RW         2683    .data               security_manager.o
    0x20003289   0x00000003   PAD
    0x2000328c   0x00000014   Data   RW         3904    .data               app_button.o
    0x200032a0   0x00000014   Data   RW         4106    .data               app_timer.o
    0x200032b4   0x00000030   Data   RW         4400    .data               fds.o
    0x200032e4   0x00000008   Data   RW         4995    .data               nrf_fstorage_sd.o
    0x200032ec   0x0000000c   Data   RW         5457    .data               nrf_log_backend_uart.o
    0x200032f8   0x0000000c   Data   RW         5520    .data               nrf_log_default_backends.o
    0x20003304   0x00000008   Data   RW         5585    .data               nrf_log_frontend.o
    0x2000330c   0x00000008   Data   RW         5586    .data               nrf_log_frontend.o
    0x20003314   0x00000038   Data   RW         5749    .data               nrf_log_str_formatter.o
    0x2000334c   0x00000003   Data   RW         6168    .data               nrf_sdh.o
    0x2000334f   0x00000001   PAD
    0x20003350   0x00000004   Data   RW         6373    .data               system_nrf52.o
    0x20003354   0x00000014   Data   RW         4401    fs_data             fds.o
    0x20003368   0x0000000c   Data   RW         1125    log_dynamic_data    ble_db_discovery.o
    0x20003374   0x0000000c   Data   RW         1666    log_dynamic_data    nrf_ble_gatt.o
    0x20003380   0x0000000c   Data   RW         2905    log_dynamic_data    ble_hrs_c.o
    0x2000338c   0x0000000c   Data   RW         3029    log_dynamic_data    ble_rscs_c.o
    0x20003398   0x0000000c   Data   RW         3096    log_dynamic_data    ble_nus_c.o
    0x200033a4   0x0000000c   Data   RW         3241    log_dynamic_data    nrf_drv_clock.o
    0x200033b0   0x0000000c   Data   RW         3461    log_dynamic_data    nrf_drv_gpiote.o
    0x200033bc   0x0000000c   Data   RW         3704    log_dynamic_data    nrf_drv_uart.o
    0x200033c8   0x0000000c   Data   RW         4792    log_dynamic_data    nrf_balloc.o
    0x200033d4   0x0000000c   Data   RW         5187    log_dynamic_data    nrf_pwr_mgmt.o
    0x200033e0   0x0000000c   Data   RW         5588    log_dynamic_data    nrf_log_frontend.o
    0x200033ec   0x0000000c   Data   RW         6170    log_dynamic_data    nrf_sdh.o
    0x200033f8   0x0000000c   Data   RW         6291    log_dynamic_data    nrf_sdh_ble.o
    0x20003404   0x0000000c   Data   RW         6337    log_dynamic_data    nrf_sdh_soc.o
    0x20003410   0x00000138   Zero   RW           23    .bss                main.o
    0x20003548   0x00000020   Zero   RW          527    .bss                bsp.o
    0x20003568   0x00000020   Zero   RW          528    .bss                bsp.o
    0x20003588   0x0000000c   Zero   RW          529    .bss                bsp.o
    0x20003594   0x00000020   Zero   RW          530    .bss                bsp.o
    0x200035b4   0x00000050   Zero   RW          888    .bss                ble_conn_params.o
    0x20003604   0x000000b8   Zero   RW          972    .bss                ble_conn_state.o
    0x200036bc   0x00000318   Zero   RW         1120    .bss                ble_db_discovery.o
    0x200039d4   0x00000100   Zero   RW         1492    .bss                id_manager.o
    0x20003ad4   0x000000d0   Zero   RW         1909    .bss                peer_database.o
    0x20003ba4   0x00000040   Zero   RW         2065    .bss                peer_id.o
    0x20003be4   0x0000000c   Zero   RW         2185    .bss                peer_manager.o
    0x20003bf0   0x00000040   Zero   RW         2541    .bss                security_dispatcher.o
    0x20003c30   0x00000014   Zero   RW         3234    .bss                nrf_drv_clock.o
    0x20003c44   0x00000058   Zero   RW         3454    .bss                nrf_drv_gpiote.o
    0x20003c9c   0x00000020   Zero   RW         3701    .bss                nrf_drv_uart.o
    0x20003cbc   0x00000020   Zero   RW         3902    .bss                app_button.o
    0x20003cdc   0x00000020   Zero   RW         3961    .bss                app_error.o
    0x20003cfc   0x0000010c   Zero   RW         4105    .bss                app_timer.o
    0x20003e08   0x0000000c   Zero   RW         4254    .bss                app_util_platform.o
    0x20003e14   0x000000e0   Zero   RW         4397    .bss                fds.o
    0x20003ef4   0x00000010   Zero   RW         4398    .bss                fds.o
    0x20003f04   0x000000a0   Zero   RW         4991    .bss                nrf_fstorage_sd.o
    0x20003fa4   0x00000010   Zero   RW         4992    .bss                nrf_fstorage_sd.o
    0x20003fb4   0x00000040   Zero   RW         5453    .bss                nrf_log_backend_uart.o
    0x20003ff4   0x000000c0   Zero   RW         5579    .bss                nrf_log_frontend.o
    0x200040b4   0x00000420   Zero   RW         5580    .bss                nrf_log_frontend.o
    0x200044d4   0x00000004   PAD
    0x200044d8   0x00002000   Zero   RW         6361    STACK               arm_startup_nrf52.o


==============================================================================

Image component sizes


      Code (inc. data)   RO Data    RW Data    ZI Data      Debug   Object Name

       380         44          8         20         32      10839   app_button.o
       124          4          0          0         32       3806   app_error.o
       320        152          0          0          0       4762   app_error_weak.o
         0          0          0          0          0      21024   app_scheduler.o
      1630        122          0         20        268      47603   app_timer.o
       124         14          0          0         12       9078   app_util_platform.o
        36          8        512          0       8192        920   arm_startup_nrf52.o
      1330          0          0          0          0      36907   ble_advdata.o
       928          6          0          0          0       9412   ble_advertising.o
       636         44          8          8         80       9251   ble_conn_params.o
       616        112          8          0        184       9989   ble_conn_state.o
      1658         78        144         28        792      25767   ble_db_discovery.o
         0          0         18         12          0       2300   ble_hrs_c.o
       620         10         32          0          0       6644   ble_nus.o
       410         10         56         12          0      16250   ble_nus_c.o
         0          0         19         12          0       2210   ble_rscs_c.o
         8          0          0          0          0       1434   ble_srv_common.o
       306         36          8          0          0      12678   boards.o
       886         80         44         16        108      13287   bsp.o
       222         10          8          8          0       4059   bsp_btn_ble.o
      3726        332         24         68        240      51926   fds.o
      1028         74         80         12          0      18849   gatt_cache_manager.o
       490         38         24          6          0       9139   gatts_cache_manager.o
      1156         58          8          3        256      18557   id_manager.o
      2894        830         96       1440        312     186799   main.o
       342          0          0          0          0       6442   nrf_atfifo.o
       164          0         15         12          0       3857   nrf_balloc.o
       688         46        340         12          0      32136   nrf_ble_gatt.o
       408         40         30         12         20      41043   nrf_drv_clock.o
        56          0          0          0          0      27535   nrf_drv_common.o
      1250         90         19         12         88      31336   nrf_drv_gpiote.o
      1784         60         13         12         32      40086   nrf_drv_uart.o
        50          0          0          0          0       3517   nrf_fprintf.o
       850          4         16          0          0       5398   nrf_fprintf_format.o
       312         10          0          0          0       5948   nrf_fstorage.o
       926         72         72          8        176      18831   nrf_fstorage_sd.o
       210          0          0          0          0      11051   nrf_log_backend_serial.o
       204         44        130         12         64      12306   nrf_log_backend_uart.o
        28          6          0         12          0       3199   nrf_log_default_backends.o
      1512         88         32         28       1248      32573   nrf_log_frontend.o
       506         66        102         56          0       5488   nrf_log_str_formatter.o
       494          0          0          0          0      13035   nrf_memobj.o
         0          0         17         12          0       7281   nrf_pwr_mgmt.o
       812        242        104         15          0      50800   nrf_sdh.o
       644        218        468         12          0       5841   nrf_sdh_ble.o
       128         68         56         12          0       2588   nrf_sdh_soc.o
        78          0          0          0          0       2736   nrf_section_iter.o
        76         10       1035          0          0       2711   nrf_strerror.o
      1034         46         24         12          0      16912   peer_data_storage.o
      1268         62         16          8        208      24662   peer_database.o
       336         38          0          0         64       9035   peer_id.o
       986         80         24         16         12      15984   peer_manager.o
       242          0          0          0          0       4415   pm_buffer.o
       226          0          0          0          0       5321   pm_mutex.o
       274          0          0          0          0       7123   sdk_mapped_flags.o
      2060         92        104          6         64      29774   security_dispatcher.o
      1122         56          4         21          0      45620   security_manager.o
       796         70          0          4          0      29618   system_nrf52.o

    ----------------------------------------------------------------------
     39476       3570       3776       1968      12488    1087692   Object Totals
         0          0         32          0          0          0   (incl. Generated)
        82          0         26          9          4          0   (incl. Padding)

    ----------------------------------------------------------------------

      Code (inc. data)   RO Data    RW Data    ZI Data      Debug   Library Member Name

        86          0          0          0          0          0   __dczerorl2.o
         8          4        133          0          0         68   ctype_o.o
         0          0          0          0          0          0   entry.o
         0          0          0          0          0          0   entry10a.o
         0          0          0          0          0          0   entry11a.o
         8          4          0          0          0          0   entry2.o
         4          0          0          0          0          0   entry5.o
         0          0          0          0          0          0   entry7b.o
         0          0          0          0          0          0   entry8b.o
         8          4          0          0          0          0   entry9a.o
        30          0          0          0          0          0   handlers.o
        36          8          0          0          0         68   init.o
        30          0          0          0          0         68   llshl.o
        32          0          0          0          0         68   llushr.o
        26          0          0          0          0         80   memcmp.o
        64          0          0          0          0         76   memmovea.o
        36          0          0          0          0        108   memseta.o
        14          0          0          0          0         68   strlen.o
        98          0          0          0          0         92   uldiv.o

    ----------------------------------------------------------------------
       488         20        136          0          0        696   Library Totals
         8          0          3          0          0          0   (incl. Padding)

    ----------------------------------------------------------------------

      Code (inc. data)   RO Data    RW Data    ZI Data      Debug   Library Name

       480         20        133          0          0        696   mc_w.l

    ----------------------------------------------------------------------
       488         20        136          0          0        696   Library Totals

    ----------------------------------------------------------------------

==============================================================================


      Code (inc. data)   RO Data    RW Data    ZI Data      Debug   

     39964       3590       3912       1968      12488    1038764   Grand Totals
     39964       3590       3912        100      12488    1038764   ELF Image Totals (compressed)
     39964       3590       3912        100          0          0   ROM Totals

==============================================================================

    Total RO  Size (Code + RO Data)                43876 (  42.85kB)
    Total RW  Size (RW Data + ZI Data)             14456 (  14.12kB)
    Total ROM Size (Code + RO Data + RW Data)      43976 (  42.95kB)

==============================================================================

